11-29 14:09:38.617 V/cps-QoSControlProxy( 4365): )
11-29 14:09:38.617 V/cps-QoSControlProxy( 4365): result=0
11-29 14:09:38.617 V/cps-QoSControlProxy( 4365): --------------------------------------------------------------------------------
11-29 14:09:38.849 D/iWediaTvInput_TvSession( 6378): [onTimeShiftGetStartPosition]
11-29 14:09:38.849 D/iWediaTvInput_TvSession( 6378): [onTimeShiftGetStartPosition][time=0]
11-29 14:09:38.849 D/iWediaTvInput_TvSession( 6378): [onTimeShiftGetCurrentPosition]
11-29 14:09:38.849 D/iWediaTvInput_TvSession( 6378): [onTimeShiftGetCurrentPosition][time=0]
11-29 14:09:39.159 V/cps-PvrControlProxy( 4365): --------------------------------------------------------------------------------
11-29 14:09:39.159 V/cps-PvrControlProxy( 4365): <<< [call begin][2569][pid=3706][proc=insight.tr069.client]:
11-29 14:09:39.159 V/cps-PvrControlProxy( 4365): getDevicePath (
11-29 14:09:39.159 V/cps-PvrControlProxy( 4365):  
11-29 14:09:39.159 V/cps-PvrControlProxy( 4365): )
11-29 14:09:39.159 V/cps-PvrControlProxy( 4365): --------------------------------------------------------------------------------
11-29 14:09:39.159 E/PvrControl( 4365): getDevicePath()
11-29 14:09:39.159 D/ITvService( 2656): [NATIVE]: Mutex Locked
11-29 14:09:39.159 D/ITvService( 2656): [NATIVE] pvrSetMediaPath
11-29 14:09:39.159 D/TvService( 2656): TvService::MAL_PVR_GetDevicePath()
11-29 14:09:39.159 D/TvService( 2656): TvService::MAL_PVR_GetDevicePath() result = 0
11-29 14:09:39.159 D/ITvService( 2656): [NATIVE] pvrSetMediaPath return!
11-29 14:09:39.159 D/ITvService( 2656): [NATIVE]: Mutex Unlocked
11-29 14:09:39.166 V/cps-PvrControlProxy( 4365): --------------------------------------------------------------------------------
11-29 14:09:39.166 V/cps-PvrControlProxy( 4365): >> [call end][2569][4ms][pid=3706][proc=insight.tr069.client]:
11-29 14:09:39.166 V/cps-PvrControlProxy( 4365): getDevicePath (
11-29 14:09:39.166 V/cps-PvrControlProxy( 4365):  
11-29 14:09:39.166 V/cps-PvrControlProxy( 4365): )
11-29 14:09:39.166 V/cps-PvrControlProxy( 4365): result=/storage/emulated
11-29 14:09:39.166 V/cps-PvrControlProxy( 4365): --------------------------------------------------------------------------------
11-29 14:09:39.173 V/cps-MountControlProxy( 4365): --------------------------------------------------------------------------------
11-29 14:09:39.173 V/cps-MountControlProxy( 4365): <<< [call begin][2570][pid=3706][proc=insight.tr069.client]:
11-29 14:09:39.173 V/cps-MountControlProxy( 4365): getNumberOfMountedStorageDevices (
11-29 14:09:39.173 V/cps-MountControlProxy( 4365):  
11-29 14:09:39.173 V/cps-MountControlProxy( 4365): )
11-29 14:09:39.173 V/cps-MountControlProxy( 4365): --------------------------------------------------------------------------------
11-29 14:09:39.182 V/cps-MountControlProxy( 4365): --------------------------------------------------------------------------------
11-29 14:09:39.182 V/cps-MountControlProxy( 4365): >> [call end][2570][5ms][pid=3706][proc=insight.tr069.client]:
11-29 14:09:39.182 V/cps-MountControlProxy( 4365): getNumberOfMountedStorageDevices (
11-29 14:09:39.182 V/cps-MountControlProxy( 4365):  
11-29 14:09:39.182 V/cps-MountControlProxy( 4365): )
11-29 14:09:39.182 V/cps-MountControlProxy( 4365): result=0
11-29 14:09:39.182 V/cps-MountControlProxy( 4365): --------------------------------------------------------------------------------
11-29 14:09:39.257 D/HLSFetch( 2656): [download_thread_fn:2524][Download list is empty...]
11-29 14:09:39.257 D/HLSFetch( 2656): [download_thread_fn:2788][download_thread_fn sleeping time   999945 us]
11-29 14:09:39.285 D/HLSFetch( 2656): [download_playlist:920][function enter]
11-29 14:09:39.354 D/NexusCecService( 2376): virtual android::status_t NexusService::CecServiceManager::CecTxMessageHandler::outputCecMessage(const android::sp<android::AMessage>&): Outputting CEC0 message: src addr=0x04 dest addr=0x00 opcode=0x8F length=1 params='' [thread 2649]
11-29 14:09:39.408 V/TimeManager( 4365): [thread][ANDROID_TIME]
11-29 14:09:39.416 V/cps-SetupControlProxy( 4365): --------------------------------------------------------------------------------
11-29 14:09:39.416 V/cps-SetupControlProxy( 4365): <<< [call begin][2571][pid=4365][proc=com.iwedia.debug.comedia.service]:
11-29 14:09:39.416 V/cps-SetupControlProxy( 4365): getTimeDateMode (
11-29 14:09:39.416 V/cps-SetupControlProxy( 4365): 	routeId=-1485848576 
11-29 14:09:39.416 V/cps-SetupControlProxy( 4365): )
11-29 14:09:39.416 V/cps-SetupControlProxy( 4365): --------------------------------------------------------------------------------
11-29 14:09:39.416 D/ITvService( 2656): [NATIVE]: Mutex Locked
11-29 14:09:39.416 D/ITvService( 2656): [NATIVE]: userSettingsGetTimeDateMode
11-29 14:09:39.416 D/TvService( 2656): TvService::userSettingsGetTimeDateMode: routeID = -1485848576
11-29 14:09:39.416 D/TvService( 2656): TvService::userSettingsGetTimeDateMode
11-29 14:09:39.416 D/ITvService( 2656): [NATIVE]: userSettingsGetTimeDateMode res: 2
11-29 14:09:39.416 D/ITvService( 2656): [NATIVE]: Mutex Unlocked
11-29 14:09:39.417 D/NexusCecService( 2376): static void NexusService::CecServiceManager::msgTransmitted_callback(void*, int): CEC0 Msg Xmit Status for Physical/Logical Addrs: 1.0.0.0/4 [ACK=No, Pending=No]
11-29 14:09:39.418 W/NexusCecService( 2376): virtual android::status_t NexusService::CecServiceManager::CecTxMessageHandler::outputCecMessage(const android::sp<android::AMessage>&): Sent CEC0 message: opcode=0x8F, but no ACK received!
11-29 14:09:39.418 E/NexusService( 2376): virtual bool NexusService::sendCecMessage(unsigned int, uint8_t, uint8_t, size_t, uint8_t*, uint8_t): Could not send CEC0 message opcode: 0x8F!
11-29 14:09:39.418 E/Brcmstb-HDMI-CEC( 2983): android::status_t NexusHdmiCecDevice::sendCecMessage(const cec_message_t*, uint8_t): cannot send CEC message!!!
11-29 14:09:39.418 E/Brcmstb-HDMI-CEC( 2983): int hdmi_cec_send_message(const hdmi_cec_device*, const cec_message_t*): Could not send CEC message!!!
11-29 14:09:39.419 D/NexusCecService( 2376): virtual android::status_t NexusService::CecServiceManager::CecTxMessageHandler::outputCecMessage(const android::sp<android::AMessage>&): Outputting CEC0 message: src addr=0x04 dest addr=0x00 opcode=0x8F length=1 params='' [thread 2649]
11-29 14:09:39.423 D/HLSFetch( 2656): [write_playlist_cb:896][function enter]
11-29 14:09:39.423 D/HLSFetch( 2656): [download_playlist:966][200; URL: http://abrademos.abertistelecom.com/Content/HLS/Live/Channel(abrademo23)/Stream(01)/index.m3u8]
11-29 14:09:39.423 D/HLSFetch( 2656): [is_media_playlist:1520][function enter]
11-29 14:09:39.423 D/HLSFetch( 2656): [parse_media_m3u8_list:1830][function enter]
11-29 14:09:39.423 D/HLSFetch( 2656): [is_media_playlist:1520][function enter]
11-29 14:09:39.423 D/HLSFetch( 2656): [playlist_thread_fn:2442][playlist_thread_fn sleeping time  7861751 us]
11-29 14:09:39.424 V/cps-SetupControlProxy( 4365): --------------------------------------------------------------------------------
11-29 14:09:39.424 V/cps-SetupControlProxy( 4365): >> [call end][2571][9ms][pid=4365][proc=com.iwedia.debug.comedia.service]:
11-29 14:09:39.424 V/cps-SetupControlProxy( 4365): getTimeDateMode (
11-29 14:09:39.424 V/cps-SetupControlProxy( 4365): 	routeId=-1485848576 
11-29 14:09:39.424 V/cps-SetupControlProxy( 4365): )
11-29 14:09:39.424 V/cps-SetupControlProxy( 4365): result=MANUAL
11-29 14:09:39.424 V/cps-SetupControlProxy( 4365): --------------------------------------------------------------------------------
11-29 14:09:39.490 D/NexusCecService( 2376): static void NexusService::CecServiceManager::msgTransmitted_callback(void*, int): CEC0 Msg Xmit Status for Physical/Logical Addrs: 1.0.0.0/4 [ACK=No, Pending=No]
11-29 14:09:39.490 W/NexusCecService( 2376): virtual android::status_t NexusService::CecServiceManager::CecTxMessageHandler::outputCecMessage(const android::sp<android::AMessage>&): Sent CEC0 message: opcode=0x8F, but no ACK received!
11-29 14:09:39.490 E/NexusService( 2376): virtual bool NexusService::sendCecMessage(unsigned int, uint8_t, uint8_t, size_t, uint8_t*, uint8_t): Could not send CEC0 message opcode: 0x8F!
11-29 14:09:39.490 E/Brcmstb-HDMI-CEC( 2983): android::status_t NexusHdmiCecDevice::sendCecMessage(const cec_message_t*, uint8_t): cannot send CEC message!!!
11-29 14:09:39.490 E/Brcmstb-HDMI-CEC( 2983): int hdmi_cec_send_message(const hdmi_cec_device*, const cec_message_t*): Could not send CEC message!!!
11-29 14:09:39.491 W/HdmiCecController( 2983): Failed to send <Give Device Power Status> src: 4, dst: 0
11-29 14:09:39.622 V/cps-QoSControlProxy( 4365): --------------------------------------------------------------------------------
11-29 14:09:39.622 V/cps-QoSControlProxy( 4365): <<< [call begin][2572][pid=3706][proc=insight.tr069.client]:
11-29 14:09:39.622 V/cps-QoSControlProxy( 4365): getTotalDVBTServices (
11-29 14:09:39.622 V/cps-QoSControlProxy( 4365):  
11-29 14:09:39.622 V/cps-QoSControlProxy( 4365): )
11-29 14:09:39.622 V/cps-QoSControlProxy( 4365): --------------------------------------------------------------------------------
11-29 14:09:39.622 D/ITvService( 2656): [NATIVE]: Mutex Locked
11-29 14:09:39.622 D/ITvService( 2656): BnTvService::onTransact(): code not found, entering default case
11-29 14:09:39.622 D/ITvService( 2656): [NATIVE]: Mutex Unlocked
11-29 14:09:39.631 V/cps-QoSControlProxy( 4365): --------------------------------------------------------------------------------
11-29 14:09:39.631 V/cps-QoSControlProxy( 4365): >> [call end][2572][3ms][pid=3706][proc=insight.tr069.client]:
11-29 14:09:39.631 V/cps-QoSControlProxy( 4365): getTotalDVBTServices (
11-29 14:09:39.631 V/cps-QoSControlProxy( 4365):  
11-29 14:09:39.631 V/cps-QoSControlProxy( 4365): )
11-29 14:09:39.631 V/cps-QoSControlProxy( 4365): result=0
11-29 14:09:39.631 V/cps-QoSControlProxy( 4365): --------------------------------------------------------------------------------
11-29 14:09:39.850 D/iWediaTvInput_TvSession( 6378): [onTimeShiftGetStartPosition]
11-29 14:09:39.850 D/iWediaTvInput_TvSession( 6378): [onTimeShiftGetStartPosition][time=0]
11-29 14:09:39.850 D/iWediaTvInput_TvSession( 6378): [onTimeShiftGetCurrentPosition]
11-29 14:09:39.851 D/iWediaTvInput_TvSession( 6378): [onTimeShiftGetCurrentPosition][time=0]
11-29 14:09:40.257 D/HLSFetch( 2656): [download_segment:1415][function enter]
11-29 14:09:40.257 D/HLSFetch( 2656): [download_segment:1443][SEGMENT URL http://abrademos.abertistelecom.com/Content/HLS/Live/Channel(abrademo23)/Stream(01)/Segment(14804249370000000)/segment.ts]
11-29 14:09:40.437 D/HLSFetch( 2656): [write_segment_cb:1226][write_segment_cb - new_segment->start_pts 309055565, new_segment->end_pts 309955565 ]
11-29 14:09:40.437 D/HLSFetch( 2656): [write_segment_cb:1244][new_segment->base_position 0 ]
11-29 14:09:40.639 V/cps-QoSControlProxy( 4365): --------------------------------------------------------------------------------
11-29 14:09:40.639 V/cps-QoSControlProxy( 4365): <<< [call begin][2573][pid=3706][proc=insight.tr069.client]:
11-29 14:09:40.639 V/cps-QoSControlProxy( 4365): getTotalDVBTServices (
11-29 14:09:40.639 V/cps-QoSControlProxy( 4365):  
11-29 14:09:40.639 V/cps-QoSControlProxy( 4365): )
11-29 14:09:40.639 V/cps-QoSControlProxy( 4365): --------------------------------------------------------------------------------
11-29 14:09:40.643 D/ITvService( 2656): [NATIVE]: Mutex Locked
11-29 14:09:40.643 D/ITvService( 2656): BnTvService::onTransact(): code not found, entering default case
11-29 14:09:40.643 D/ITvService( 2656): [NATIVE]: Mutex Unlocked
11-29 14:09:40.650 V/cps-QoSControlProxy( 4365): --------------------------------------------------------------------------------
11-29 14:09:40.650 V/cps-QoSControlProxy( 4365): >> [call end][2573][11ms][pid=3706][proc=insight.tr069.client]:
11-29 14:09:40.650 V/cps-QoSControlProxy( 4365): getTotalDVBTServices (
11-29 14:09:40.650 V/cps-QoSControlProxy( 4365):  
11-29 14:09:40.650 V/cps-QoSControlProxy( 4365): )
11-29 14:09:40.650 V/cps-QoSControlProxy( 4365): result=0
11-29 14:09:40.650 V/cps-QoSControlProxy( 4365): --------------------------------------------------------------------------------
11-29 14:09:40.681 D/HLSFetch( 2656): [[1;32;40mhlsfetch_read:3191[0;38;40m][New segment detected: 6735670]
11-29 14:09:40.851 D/iWediaTvInput_TvSession( 6378): [onTimeShiftGetStartPosition]
11-29 14:09:40.851 D/iWediaTvInput_TvSession( 6378): [onTimeShiftGetStartPosition][time=0]
11-29 14:09:40.851 D/iWediaTvInput_TvSession( 6378): [onTimeShiftGetCurrentPosition]
11-29 14:09:40.851 D/iWediaTvInput_TvSession( 6378): [onTimeShiftGetCurrentPosition][time=0]
11-29 14:09:41.715 V/cps-QoSControlProxy( 4365): --------------------------------------------------------------------------------
11-29 14:09:41.715 V/cps-QoSControlProxy( 4365): <<< [call begin][2574][pid=3706][proc=insight.tr069.client]:
11-29 14:09:41.715 V/cps-QoSControlProxy( 4365): getTotalDVBTServices (
11-29 14:09:41.715 V/cps-QoSControlProxy( 4365):  
11-29 14:09:41.715 V/cps-QoSControlProxy( 4365): )
11-29 14:09:41.715 V/cps-QoSControlProxy( 4365): --------------------------------------------------------------------------------
11-29 14:09:41.715 D/ITvService( 2656): [NATIVE]: Mutex Locked
11-29 14:09:41.716 D/ITvService( 2656): BnTvService::onTransact(): code not found, entering default case
11-29 14:09:41.716 D/ITvService( 2656): [NATIVE]: Mutex Unlocked
11-29 14:09:41.751 V/cps-QoSControlProxy( 4365): --------------------------------------------------------------------------------
11-29 14:09:41.751 V/cps-QoSControlProxy( 4365): >> [call end][2574][62ms][pid=3706][proc=insight.tr069.client]:
11-29 14:09:41.751 V/cps-QoSControlProxy( 4365): getTotalDVBTServices (
11-29 14:09:41.751 V/cps-QoSControlProxy( 4365):  
11-29 14:09:41.751 V/cps-QoSControlProxy( 4365): )
11-29 14:09:41.751 V/cps-QoSControlProxy( 4365): result=0
11-29 14:09:41.751 V/cps-QoSControlProxy( 4365): --------------------------------------------------------------------------------
11-29 14:09:41.852 D/iWediaTvInput_TvSession( 6378): [onTimeShiftGetStartPosition]
11-29 14:09:41.852 D/iWediaTvInput_TvSession( 6378): [onTimeShiftGetStartPosition][time=0]
11-29 14:09:41.852 D/iWediaTvInput_TvSession( 6378): [onTimeShiftGetCurrentPosition]
11-29 14:09:41.852 D/iWediaTvInput_TvSession( 6378): [onTimeShiftGetCurrentPosition][time=0]
11-29 14:09:42.791 V/cps-QoSControlProxy( 4365): --------------------------------------------------------------------------------
11-29 14:09:42.791 V/cps-QoSControlProxy( 4365): <<< [call begin][2575][pid=3706][proc=insight.tr069.client]:
11-29 14:09:42.791 V/cps-QoSControlProxy( 4365): getTotalDVBTServices (
11-29 14:09:42.791 V/cps-QoSControlProxy( 4365):  
11-29 14:09:42.791 V/cps-QoSControlProxy( 4365): )
11-29 14:09:42.791 V/cps-QoSControlProxy( 4365): --------------------------------------------------------------------------------
11-29 14:09:42.792 D/ITvService( 2656): [NATIVE]: Mutex Locked
11-29 14:09:42.792 D/ITvService( 2656): BnTvService::onTransact(): code not found, entering default case
11-29 14:09:42.792 D/ITvService( 2656): [NATIVE]: Mutex Unlocked
11-29 14:09:42.796 V/cps-QoSControlProxy( 4365): --------------------------------------------------------------------------------
11-29 14:09:42.796 V/cps-QoSControlProxy( 4365): >> [call end][2575][8ms][pid=3706][proc=insight.tr069.client]:
11-29 14:09:42.796 V/cps-QoSControlProxy( 4365): getTotalDVBTServices (
11-29 14:09:42.796 V/cps-QoSControlProxy( 4365):  
11-29 14:09:42.796 V/cps-QoSControlProxy( 4365): )
11-29 14:09:42.796 V/cps-QoSControlProxy( 4365): result=0
11-29 14:09:42.796 V/cps-QoSControlProxy( 4365): --------------------------------------------------------------------------------
11-29 14:09:42.854 D/iWediaTvInput_TvSession( 6378): [onTimeShiftGetStartPosition]
11-29 14:09:42.854 D/iWediaTvInput_TvSession( 6378): [onTimeShiftGetStartPosition][time=0]
11-29 14:09:42.854 D/iWediaTvInput_TvSession( 6378): [onTimeShiftGetCurrentPosition]
11-29 14:09:42.854 D/iWediaTvInput_TvSession( 6378): [onTimeShiftGetCurrentPosition][time=0]
11-29 14:09:43.452 D/HLSFetch( 2656): [progress_callback:1330][[intermediate measurement] Speed: 16299123 ]
11-29 14:09:43.648 D/HLSFetch( 2656): [download_segment:1472][200; URL: http://abrademos.abertistelecom.com/Content/HLS/Live/Channel(abrademo23)/Stream(01)/Segment(14804249370000000)/segment.ts]
11-29 14:09:43.648 D/HLSFetch( 2656): [download_segment:1490][200; Speed: 17726688 bps; size:  7116364; seq: 148042494; URL: http://abrademos.abertistelecom.com/Content/HLS/Live/Channel(abrademo23)/Stream(01)/Segment(14804249370000000)/segment.ts DLTIME: 3.211592]
11-29 14:09:43.648 D/HLSFetch( 2656): [download_segment:1491][CURL TIMINGS: total_time = 3.391202, start_transfer_time = 0.179610, namelookup_time = 0.000967, connect_time = 0.026892, appconnect_time = 0.000000, pretransfer_time = 0.026996 ]
11-29 14:09:43.648 D/HLSFetch( 2656): [updateQOSData_SegmentDownload:439][chunksExpectedCount: 48, totalChunksExpectedCount: 48
11-29 14:09:43.648 D/HLSFetch( 2656): ]
11-29 14:09:43.648 D/HLSFetch( 2656): [updateQOSData_SegmentDownload:442][chunksReceivedCount: 48; totalChunksReceivedCount: 48
11-29 14:09:43.648 D/HLSFetch( 2656): ]
11-29 14:09:43.648 D/HLSFetch( 2656): [download_thread_fn:2659][Segment written to output buffer, size  7116364, cached data   857312]
11-29 14:09:43.648 D/HLSFetch( 2656): [download_thread_fn:2662][target_duration_us 10000000 ]
11-29 14:09:43.648 D/HLSFetch( 2656): [download_thread_fn:2667][Near buffer underrun - target_duration_us 0 ]
11-29 14:09:43.648 D/HLSFetch( 2656): [[1;32;40mdownload_thread_fn:2686[0;38;40m][Average download speed: 16873648 bps]
11-29 14:09:43.648 D/HLSFetch( 2656): [hlsfetch_adapt:3815][Up count 5 down count 0 avg speed 16873648]
11-29 14:09:43.650 D/HLSFetch( 2656): [download_thread_fn:2788][download_thread_fn sleeping time -4393504 us]
11-29 14:09:43.650 D/HLSFetch( 2656): [download_thread_fn:2524][Download list is empty...]
11-29 14:09:43.650 D/HLSFetch( 2656): [download_thread_fn:2788][download_thread_fn sleeping time   999986 us]
11-29 14:09:43.814 V/cps-QoSControlProxy( 4365): --------------------------------------------------------------------------------
11-29 14:09:43.814 V/cps-QoSControlProxy( 4365): <<< [call begin][2576][pid=3706][proc=insight.tr069.client]:
11-29 14:09:43.814 V/cps-QoSControlProxy( 4365): getTotalDVBTServices (
11-29 14:09:43.814 V/cps-QoSControlProxy( 4365):  
11-29 14:09:43.814 V/cps-QoSControlProxy( 4365): )
11-29 14:09:43.814 V/cps-QoSControlProxy( 4365): --------------------------------------------------------------------------------
11-29 14:09:43.833 D/ITvService( 2656): [NATIVE]: Mutex Locked
11-29 14:09:43.833 D/ITvService( 2656): BnTvService::onTransact(): code not found, entering default case
11-29 14:09:43.833 D/ITvService( 2656): [NATIVE]: Mutex Unlocked
11-29 14:09:43.837 V/cps-QoSControlProxy( 4365): --------------------------------------------------------------------------------
11-29 14:09:43.837 V/cps-QoSControlProxy( 4365): >> [call end][2576][26ms][pid=3706][proc=insight.tr069.client]:
11-29 14:09:43.837 V/cps-QoSControlProxy( 4365): getTotalDVBTServices (
11-29 14:09:43.837 V/cps-QoSControlProxy( 4365):  
11-29 14:09:43.837 V/cps-QoSControlProxy( 4365): )
11-29 14:09:43.837 V/cps-QoSControlProxy( 4365): result=0
11-29 14:09:43.837 V/cps-QoSControlProxy( 4365): --------------------------------------------------------------------------------
11-29 14:09:43.855 D/iWediaTvInput_TvSession( 6378): [onTimeShiftGetStartPosition]
11-29 14:09:43.855 D/iWediaTvInput_TvSession( 6378): [onTimeShiftGetStartPosition][time=0]
11-29 14:09:43.855 D/iWediaTvInput_TvSession( 6378): [onTimeShiftGetCurrentPosition]
11-29 14:09:43.855 D/iWediaTvInput_TvSession( 6378): [onTimeShiftGetCurrentPosition][time=0]
11-29 14:09:44.651 D/HLSFetch( 2656): [download_thread_fn:2524][Download list is empty...]
11-29 14:09:44.651 D/HLSFetch( 2656): [download_thread_fn:2788][download_thread_fn sleeping time   999947 us]
11-29 14:09:44.845 V/cps-QoSControlProxy( 4365): --------------------------------------------------------------------------------
11-29 14:09:44.845 V/cps-QoSControlProxy( 4365): <<< [call begin][2577][pid=3706][proc=insight.tr069.client]:
11-29 14:09:44.845 V/cps-QoSControlProxy( 4365): getTotalDVBTServices (
11-29 14:09:44.845 V/cps-QoSControlProxy( 4365):  
11-29 14:09:44.845 V/cps-QoSControlProxy( 4365): )
11-29 14:09:44.845 V/cps-QoSControlProxy( 4365): --------------------------------------------------------------------------------
11-29 14:09:44.846 D/ITvService( 2656): [NATIVE]: Mutex Locked
11-29 14:09:44.846 D/ITvService( 2656): BnTvService::onTransact(): code not found, entering default case
11-29 14:09:44.846 D/ITvService( 2656): [NATIVE]: Mutex Unlocked
11-29 14:09:44.851 V/cps-QoSControlProxy( 4365): --------------------------------------------------------------------------------
11-29 14:09:44.851 V/cps-QoSControlProxy( 4365): >> [call end][2577][6ms][pid=3706][proc=insight.tr069.client]:
11-29 14:09:44.851 V/cps-QoSControlProxy( 4365): getTotalDVBTServices (
11-29 14:09:44.851 V/cps-QoSControlProxy( 4365):  
11-29 14:09:44.851 V/cps-QoSControlProxy( 4365): )
11-29 14:09:44.851 V/cps-QoSControlProxy( 4365): result=0
11-29 14:09:44.851 V/cps-QoSControlProxy( 4365): --------------------------------------------------------------------------------
11-29 14:09:44.856 D/iWediaTvInput_TvSession( 6378): [onTimeShiftGetStartPosition]
11-29 14:09:44.856 D/iWediaTvInput_TvSession( 6378): [onTimeShiftGetStartPosition][time=0]
11-29 14:09:44.856 D/iWediaTvInput_TvSession( 6378): [onTimeShiftGetCurrentPosition]
11-29 14:09:44.856 D/iWediaTvInput_TvSession( 6378): [onTimeShiftGetCurrentPosition][time=0]
11-29 14:09:45.651 D/HLSFetch( 2656): [download_thread_fn:2524][Download list is empty...]
11-29 14:09:45.651 D/HLSFetch( 2656): [download_thread_fn:2788][download_thread_fn sleeping time   999953 us]
11-29 14:09:45.856 V/cps-QoSControlProxy( 4365): --------------------------------------------------------------------------------
11-29 14:09:45.856 V/cps-QoSControlProxy( 4365): <<< [call begin][2578][pid=3706][proc=insight.tr069.client]:
11-29 14:09:45.856 V/cps-QoSControlProxy( 4365): getTotalDVBTServices (
11-29 14:09:45.856 V/cps-QoSControlProxy( 4365):  
11-29 14:09:45.856 V/cps-QoSControlProxy( 4365): )
11-29 14:09:45.856 V/cps-QoSControlProxy( 4365): --------------------------------------------------------------------------------
11-29 14:09:45.857 D/ITvService( 2656): [NATIVE]: Mutex Locked
11-29 14:09:45.857 D/ITvService( 2656): BnTvService::onTransact(): code not found, entering default case
11-29 14:09:45.857 D/ITvService( 2656): [NATIVE]: Mutex Unlocked
11-29 14:09:45.857 D/iWediaTvInput_TvSession( 6378): [onTimeShiftGetStartPosition]
11-29 14:09:45.857 D/iWediaTvInput_TvSession( 6378): [onTimeShiftGetStartPosition][time=0]
11-29 14:09:45.857 D/iWediaTvInput_TvSession( 6378): [onTimeShiftGetCurrentPosition]
11-29 14:09:45.857 D/iWediaTvInput_TvSession( 6378): [onTimeShiftGetCurrentPosition][time=0]
11-29 14:09:45.862 V/cps-QoSControlProxy( 4365): --------------------------------------------------------------------------------
11-29 14:09:45.862 V/cps-QoSControlProxy( 4365): >> [call end][2578][4ms][pid=3706][proc=insight.tr069.client]:
11-29 14:09:45.862 V/cps-QoSControlProxy( 4365): getTotalDVBTServices (
11-29 14:09:45.862 V/cps-QoSControlProxy( 4365):  
11-29 14:09:45.862 V/cps-QoSControlProxy( 4365): )
11-29 14:09:45.862 V/cps-QoSControlProxy( 4365): result=0
11-29 14:09:45.862 V/cps-QoSControlProxy( 4365): --------------------------------------------------------------------------------
11-29 14:09:46.390 V/cps-PvrControlProxy( 4365): --------------------------------------------------------------------------------
11-29 14:09:46.390 V/cps-PvrControlProxy( 4365): <<< [call begin][2579][pid=3706][proc=insight.tr069.client]:
11-29 14:09:46.390 V/cps-PvrControlProxy( 4365): getDevicePath (
11-29 14:09:46.390 V/cps-PvrControlProxy( 4365):  
11-29 14:09:46.390 V/cps-PvrControlProxy( 4365): )
11-29 14:09:46.390 V/cps-PvrControlProxy( 4365): --------------------------------------------------------------------------------
11-29 14:09:46.390 E/PvrControl( 4365): getDevicePath()
11-29 14:09:46.390 D/ITvService( 2656): [NATIVE]: Mutex Locked
11-29 14:09:46.390 D/ITvService( 2656): [NATIVE] pvrSetMediaPath
11-29 14:09:46.390 D/TvService( 2656): TvService::MAL_PVR_GetDevicePath()
11-29 14:09:46.390 D/TvService( 2656): TvService::MAL_PVR_GetDevicePath() result = 0
11-29 14:09:46.390 D/ITvService( 2656): [NATIVE] pvrSetMediaPath return!
11-29 14:09:46.390 D/ITvService( 2656): [NATIVE]: Mutex Unlocked
11-29 14:09:46.399 V/cps-PvrControlProxy( 4365): --------------------------------------------------------------------------------
11-29 14:09:46.399 V/cps-PvrControlProxy( 4365): >> [call end][2579][4ms][pid=3706][proc=insight.tr069.client]:
11-29 14:09:46.399 V/cps-PvrControlProxy( 4365): getDevicePath (
11-29 14:09:46.399 V/cps-PvrControlProxy( 4365):  
11-29 14:09:46.399 V/cps-PvrControlProxy( 4365): )
11-29 14:09:46.399 V/cps-PvrControlProxy( 4365): result=/storage/emulated
11-29 14:09:46.399 V/cps-PvrControlProxy( 4365): --------------------------------------------------------------------------------
11-29 14:09:46.408 V/cps-MountControlProxy( 4365): --------------------------------------------------------------------------------
11-29 14:09:46.408 V/cps-MountControlProxy( 4365): <<< [call begin][2580][pid=3706][proc=insight.tr069.client]:
11-29 14:09:46.408 V/cps-MountControlProxy( 4365): getNumberOfMountedStorageDevices (
11-29 14:09:46.408 V/cps-MountControlProxy( 4365):  
11-29 14:09:46.408 V/cps-MountControlProxy( 4365): )
11-29 14:09:46.408 V/cps-MountControlProxy( 4365): --------------------------------------------------------------------------------
11-29 14:09:46.418 V/cps-MountControlProxy( 4365): --------------------------------------------------------------------------------
11-29 14:09:46.418 V/cps-MountControlProxy( 4365): >> [call end][2580][4ms][pid=3706][proc=insight.tr069.client]:
11-29 14:09:46.418 V/cps-MountControlProxy( 4365): getNumberOfMountedStorageDevices (
11-29 14:09:46.418 V/cps-MountControlProxy( 4365):  
11-29 14:09:46.418 V/cps-MountControlProxy( 4365): )
11-29 14:09:46.418 V/cps-MountControlProxy( 4365): result=0
11-29 14:09:46.418 V/cps-MountControlProxy( 4365): --------------------------------------------------------------------------------
11-29 14:09:46.651 D/HLSFetch( 2656): [download_thread_fn:2524][Download list is empty...]
11-29 14:09:46.651 D/HLSFetch( 2656): [download_thread_fn:2788][download_thread_fn sleeping time   999950 us]
11-29 14:09:46.858 D/iWediaTvInput_TvSession( 6378): [onTimeShiftGetStartPosition]
11-29 14:09:46.858 D/iWediaTvInput_TvSession( 6378): [onTimeShiftGetStartPosition][time=0]
11-29 14:09:46.858 D/iWediaTvInput_TvSession( 6378): [onTimeShiftGetCurrentPosition]
11-29 14:09:46.859 D/iWediaTvInput_TvSession( 6378): [onTimeShiftGetCurrentPosition][time=0]
11-29 14:09:46.871 V/cps-QoSControlProxy( 4365): --------------------------------------------------------------------------------
11-29 14:09:46.871 V/cps-QoSControlProxy( 4365): <<< [call begin][2581][pid=3706][proc=insight.tr069.client]:
11-29 14:09:46.871 V/cps-QoSControlProxy( 4365): getTotalDVBTServices (
11-29 14:09:46.871 V/cps-QoSControlProxy( 4365):  
11-29 14:09:46.871 V/cps-QoSControlProxy( 4365): )
11-29 14:09:46.871 V/cps-QoSControlProxy( 4365): --------------------------------------------------------------------------------
11-29 14:09:46.871 D/ITvService( 2656): [NATIVE]: Mutex Locked
11-29 14:09:46.871 D/ITvService( 2656): BnTvService::onTransact(): code not found, entering default case
11-29 14:09:46.871 D/ITvService( 2656): [NATIVE]: Mutex Unlocked
11-29 14:09:46.876 V/cps-QoSControlProxy( 4365): --------------------------------------------------------------------------------
11-29 14:09:46.876 V/cps-QoSControlProxy( 4365): >> [call end][2581][6ms][pid=3706][proc=insight.tr069.client]:
11-29 14:09:46.876 V/cps-QoSControlProxy( 4365): getTotalDVBTServices (
11-29 14:09:46.876 V/cps-QoSControlProxy( 4365):  
11-29 14:09:46.876 V/cps-QoSControlProxy( 4365): )
11-29 14:09:46.876 V/cps-QoSControlProxy( 4365): result=0
11-29 14:09:46.876 V/cps-QoSControlProxy( 4365): --------------------------------------------------------------------------------
11-29 14:09:47.325 D/HLSFetch( 2656): [download_playlist:920][function enter]
11-29 14:09:47.441 D/HLSFetch( 2656): [write_playlist_cb:896][function enter]
11-29 14:09:47.441 D/HLSFetch( 2656): [download_playlist:966][200; URL: http://abrademos.abertistelecom.com/Content/HLS/Live/Channel(abrademo23)/Stream(01)/index.m3u8]
11-29 14:09:47.441 D/HLSFetch( 2656): [is_media_playlist:1520][function enter]
11-29 14:09:47.441 D/HLSFetch( 2656): [parse_media_m3u8_list:1830][function enter]
11-29 14:09:47.441 D/HLSFetch( 2656): [is_media_playlist:1520][function enter]
11-29 14:09:47.441 D/HLSFetch( 2656): [playlist_thread_fn:2442][playlist_thread_fn sleeping time  7883448 us]
11-29 14:09:47.651 D/HLSFetch( 2656): [download_segment:1415][function enter]
11-29 14:09:47.652 D/HLSFetch( 2656): [download_segment:1443][SEGMENT URL http://abrademos.abertistelecom.com/Content/HLS/Live/Channel(abrademo23)/Stream(01)/Segment(14804249470000000)/segment.ts]
11-29 14:09:47.830 D/HLSFetch( 2656): [write_segment_cb:1226][write_segment_cb - new_segment->start_pts 309955565, new_segment->end_pts 310855565 ]
11-29 14:09:47.830 D/HLSFetch( 2656): [write_segment_cb:1244][new_segment->base_position 0 ]
11-29 14:09:47.860 D/iWediaTvInput_TvSession( 6378): [onTimeShiftGetStartPosition]
11-29 14:09:47.860 D/iWediaTvInput_TvSession( 6378): [onTimeShiftGetStartPosition][time=0]
11-29 14:09:47.860 D/iWediaTvInput_TvSession( 6378): [onTimeShiftGetCurrentPosition]
11-29 14:09:47.860 D/iWediaTvInput_TvSession( 6378): [onTimeShiftGetCurrentPosition][time=0]
11-29 14:09:47.892 V/cps-QoSControlProxy( 4365): --------------------------------------------------------------------------------
11-29 14:09:47.892 V/cps-QoSControlProxy( 4365): <<< [call begin][2582][pid=3706][proc=insight.tr069.client]:
11-29 14:09:47.892 V/cps-QoSControlProxy( 4365): getTotalDVBTServices (
11-29 14:09:47.892 V/cps-QoSControlProxy( 4365):  
11-29 14:09:47.892 V/cps-QoSControlProxy( 4365): )
11-29 14:09:47.892 V/cps-QoSControlProxy( 4365): --------------------------------------------------------------------------------
11-29 14:09:47.892 D/ITvService( 2656): [NATIVE]: Mutex Locked
11-29 14:09:47.892 D/ITvService( 2656): BnTvService::onTransact(): code not found, entering default case
11-29 14:09:47.892 D/ITvService( 2656): [NATIVE]: Mutex Unlocked
11-29 14:09:47.902 V/cps-QoSControlProxy( 4365): --------------------------------------------------------------------------------
11-29 14:09:47.902 V/cps-QoSControlProxy( 4365): >> [call end][2582][7ms][pid=3706][proc=insight.tr069.client]:
11-29 14:09:47.902 V/cps-QoSControlProxy( 4365): getTotalDVBTServices (
11-29 14:09:47.902 V/cps-QoSControlProxy( 4365):  
11-29 14:09:47.902 V/cps-QoSControlProxy( 4365): )
11-29 14:09:47.902 V/cps-QoSControlProxy( 4365): result=0
11-29 14:09:47.902 V/cps-QoSControlProxy( 4365): --------------------------------------------------------------------------------
11-29 14:09:48.119 D/HLSFetch( 2656): [[1;32;40mhlsfetch_read:3191[0;38;40m][New segment detected: 13949982]
11-29 14:09:48.866 D/iWediaTvInput_TvSession( 6378): [onTimeShiftGetStartPosition]
11-29 14:09:48.866 D/iWediaTvInput_TvSession( 6378): [onTimeShiftGetStartPosition][time=0]
11-29 14:09:48.866 D/iWediaTvInput_TvSession( 6378): [onTimeShiftGetCurrentPosition]
11-29 14:09:48.866 D/iWediaTvInput_TvSession( 6378): [onTimeShiftGetCurrentPosition][time=0]
11-29 14:09:48.915 V/cps-QoSControlProxy( 4365): --------------------------------------------------------------------------------
11-29 14:09:48.915 V/cps-QoSControlProxy( 4365): <<< [call begin][2583][pid=3706][proc=insight.tr069.client]:
11-29 14:09:48.915 V/cps-QoSControlProxy( 4365): getTotalDVBTServices (
11-29 14:09:48.915 V/cps-QoSControlProxy( 4365):  
11-29 14:09:48.915 V/cps-QoSControlProxy( 4365): )
11-29 14:09:48.915 V/cps-QoSControlProxy( 4365): --------------------------------------------------------------------------------
11-29 14:09:48.915 D/ITvService( 2656): [NATIVE]: Mutex Locked
11-29 14:09:48.915 D/ITvService( 2656): BnTvService::onTransact(): code not found, entering default case
11-29 14:09:48.915 D/ITvService( 2656): [NATIVE]: Mutex Unlocked
11-29 14:09:48.933 V/cps-QoSControlProxy( 4365): --------------------------------------------------------------------------------
11-29 14:09:48.933 V/cps-QoSControlProxy( 4365): >> [call end][2583][12ms][pid=3706][proc=insight.tr069.client]:
11-29 14:09:48.933 V/cps-QoSControlProxy( 4365): getTotalDVBTServices (
11-29 14:09:48.933 V/cps-QoSControlProxy( 4365):  
11-29 14:09:48.933 V/cps-QoSControlProxy( 4365): )
11-29 14:09:48.933 V/cps-QoSControlProxy( 4365): result=0
11-29 14:09:48.933 V/cps-QoSControlProxy( 4365): --------------------------------------------------------------------------------
11-29 14:09:49.043 I/chromium( 3883): [3883:6033:INFO:ssdp_device.c(101)] SSDP packets sent for 37 seconds = 26
11-29 14:09:49.259 E/chromium( 3883): [3883:5944:ERROR:wifi_frame_histogram_capturer.cc(405)] No histogram or IOCTL data
11-29 14:09:49.269 I/chromium( 3883): [3883:5944:INFO:wifi_util.cc(111)] Current wifi TDLS peers:
11-29 14:09:49.269 I/chromium( 3883): [3883:5944:INFO:wifi_util.cc(113)] 	No peers:
11-29 14:09:49.433 V/TimeManager( 4365): [thread][ANDROID_TIME]
11-29 14:09:49.447 V/cps-SetupControlProxy( 4365): --------------------------------------------------------------------------------
11-29 14:09:49.447 V/cps-SetupControlProxy( 4365): <<< [call begin][2584][pid=4365][proc=com.iwedia.debug.comedia.service]:
11-29 14:09:49.447 V/cps-SetupControlProxy( 4365): getTimeDateMode (
11-29 14:09:49.447 V/cps-SetupControlProxy( 4365): 	routeId=-1485848576 
11-29 14:09:49.447 V/cps-SetupControlProxy( 4365): )
11-29 14:09:49.447 V/cps-SetupControlProxy( 4365): --------------------------------------------------------------------------------
11-29 14:09:49.458 D/ITvService( 2656): [NATIVE]: Mutex Locked
11-29 14:09:49.459 D/ITvService( 2656): [NATIVE]: userSettingsGetTimeDateMode
11-29 14:09:49.459 D/TvService( 2656): TvService::userSettingsGetTimeDateMode: routeID = -1485848576
11-29 14:09:49.459 D/TvService( 2656): TvService::userSettingsGetTimeDateMode
11-29 14:09:49.459 D/ITvService( 2656): [NATIVE]: userSettingsGetTimeDateMode res: 2
11-29 14:09:49.459 D/ITvService( 2656): [NATIVE]: Mutex Unlocked
11-29 14:09:49.466 V/cps-SetupControlProxy( 4365): --------------------------------------------------------------------------------
11-29 14:09:49.466 V/cps-SetupControlProxy( 4365): >> [call end][2584][27ms][pid=4365][proc=com.iwedia.debug.comedia.service]:
11-29 14:09:49.466 V/cps-SetupControlProxy( 4365): getTimeDateMode (
11-29 14:09:49.466 V/cps-SetupControlProxy( 4365): 	routeId=-1485848576 
11-29 14:09:49.466 V/cps-SetupControlProxy( 4365): )
11-29 14:09:49.466 V/cps-SetupControlProxy( 4365): result=MANUAL
11-29 14:09:49.466 V/cps-SetupControlProxy( 4365): --------------------------------------------------------------------------------
11-29 14:09:49.867 D/iWediaTvInput_TvSession( 6378): [onTimeShiftGetStartPosition]
11-29 14:09:49.867 D/iWediaTvInput_TvSession( 6378): [onTimeShiftGetStartPosition][time=0]
11-29 14:09:49.867 D/iWediaTvInput_TvSession( 6378): [onTimeShiftGetCurrentPosition]
11-29 14:09:49.867 D/iWediaTvInput_TvSession( 6378): [onTimeShiftGetCurrentPosition][time=0]
11-29 14:09:49.947 V/cps-QoSControlProxy( 4365): --------------------------------------------------------------------------------
11-29 14:09:49.947 V/cps-QoSControlProxy( 4365): <<< [call begin][2585][pid=3706][proc=insight.tr069.client]:
11-29 14:09:49.947 V/cps-QoSControlProxy( 4365): getTotalDVBTServices (
11-29 14:09:49.947 V/cps-QoSControlProxy( 4365):  
11-29 14:09:49.947 V/cps-QoSControlProxy( 4365): )
11-29 14:09:49.947 V/cps-QoSControlProxy( 4365): --------------------------------------------------------------------------------
11-29 14:09:49.948 D/ITvService( 2656): [NATIVE]: Mutex Locked
11-29 14:09:49.948 D/ITvService( 2656): BnTvService::onTransact(): code not found, entering default case
11-29 14:09:49.948 D/ITvService( 2656): [NATIVE]: Mutex Unlocked
11-29 14:09:49.953 V/cps-QoSControlProxy( 4365): --------------------------------------------------------------------------------
11-29 14:09:49.953 V/cps-QoSControlProxy( 4365): >> [call end][2585][12ms][pid=3706][proc=insight.tr069.client]:
11-29 14:09:49.953 V/cps-QoSControlProxy( 4365): getTotalDVBTServices (
11-29 14:09:49.953 V/cps-QoSControlProxy( 4365):  
11-29 14:09:49.953 V/cps-QoSControlProxy( 4365): )
11-29 14:09:49.953 V/cps-QoSControlProxy( 4365): result=0
11-29 14:09:49.953 V/cps-QoSControlProxy( 4365): --------------------------------------------------------------------------------
11-29 14:09:50.076 I/chromium( 3883): [3883:3883:INFO:metrics_util.cc(51)] Record action: Cast.CecHdmiInputState.Unknown
11-29 14:09:50.076 I/chromium( 3883): [3883:3883:INFO:metrics_util.cc(51)] Record action: Cast.CecStandby.Unknown
11-29 14:09:50.834 D/HLSFetch( 2656): [progress_callback:1330][[intermediate measurement] Speed: 10285772 ]
11-29 14:09:50.868 D/iWediaTvInput_TvSession( 6378): [onTimeShiftGetStartPosition]
11-29 14:09:50.868 D/iWediaTvInput_TvSession( 6378): [onTimeShiftGetStartPosition][time=0]
11-29 14:09:50.868 D/iWediaTvInput_TvSession( 6378): [onTimeShiftGetCurrentPosition]
11-29 14:09:50.868 D/iWediaTvInput_TvSession( 6378): [onTimeShiftGetCurrentPosition][time=0]
11-29 14:09:50.958 V/cps-QoSControlProxy( 4365): --------------------------------------------------------------------------------
11-29 14:09:50.958 V/cps-QoSControlProxy( 4365): <<< [call begin][2586][pid=3706][proc=insight.tr069.client]:
11-29 14:09:50.958 V/cps-QoSControlProxy( 4365): getTotalDVBTServices (
11-29 14:09:50.958 V/cps-QoSControlProxy( 4365):  
11-29 14:09:50.958 V/cps-QoSControlProxy( 4365): )
11-29 14:09:50.958 V/cps-QoSControlProxy( 4365): --------------------------------------------------------------------------------
11-29 14:09:50.960 D/ITvService( 2656): [NATIVE]: Mutex Locked
11-29 14:09:50.960 D/ITvService( 2656): BnTvService::onTransact(): code not found, entering default case
11-29 14:09:50.960 D/ITvService( 2656): [NATIVE]: Mutex Unlocked
11-29 14:09:50.973 V/cps-QoSControlProxy( 4365): --------------------------------------------------------------------------------
11-29 14:09:50.973 V/cps-QoSControlProxy( 4365): >> [call end][2586][8ms][pid=3706][proc=insight.tr069.client]:
11-29 14:09:50.973 V/cps-QoSControlProxy( 4365): getTotalDVBTServices (
11-29 14:09:50.973 V/cps-QoSControlProxy( 4365):  
11-29 14:09:50.973 V/cps-QoSControlProxy( 4365): )
11-29 14:09:50.973 V/cps-QoSControlProxy( 4365): result=0
11-29 14:09:50.973 V/cps-QoSControlProxy( 4365): --------------------------------------------------------------------------------
11-29 14:09:51.451 I/chromium( 3883): [3883:3883:INFO:metrics_util.cc(107)] Metrics stat: total=6
11-29 14:09:51.451 I/chromium( 3883): Cast.CecHdmiInputState.Unknown=1
11-29 14:09:51.451 I/chromium( 3883): Cast.CecStandby.Unknown=1
11-29 14:09:51.451 I/chromium( 3883): Cast.Discovery.Mdns.Request.In=3
11-29 14:09:51.451 I/chromium( 3883): Cast.Discovery.Mdns.Response.Out=3
11-29 14:09:51.451 I/chromium( 3883): Dial.SsdpDeviceDesc.Linux=1
11-29 14:09:51.451 I/chromium( 3883): Dial.SsdpDeviceDesc.Linux.200=1
11-29 14:09:51.618 V/cps-PvrControlProxy( 4365): --------------------------------------------------------------------------------
11-29 14:09:51.618 V/cps-PvrControlProxy( 4365): <<< [call begin][2587][pid=3706][proc=insight.tr069.client]:
11-29 14:09:51.618 V/cps-PvrControlProxy( 4365): getDevicePath (
11-29 14:09:51.618 V/cps-PvrControlProxy( 4365):  
11-29 14:09:51.618 V/cps-PvrControlProxy( 4365): )
11-29 14:09:51.618 V/cps-PvrControlProxy( 4365): --------------------------------------------------------------------------------
11-29 14:09:51.618 E/PvrControl( 4365): getDevicePath()
11-29 14:09:51.624 D/ITvService( 2656): [NATIVE]: Mutex Locked
11-29 14:09:51.624 D/ITvService( 2656): [NATIVE] pvrSetMediaPath
11-29 14:09:51.624 D/TvService( 2656): TvService::MAL_PVR_GetDevicePath()
11-29 14:09:51.624 D/TvService( 2656): TvService::MAL_PVR_GetDevicePath() result = 0
11-29 14:09:51.624 D/ITvService( 2656): [NATIVE] pvrSetMediaPath return!
11-29 14:09:51.624 D/ITvService( 2656): [NATIVE]: Mutex Unlocked
11-29 14:09:51.640 V/cps-PvrControlProxy( 4365): --------------------------------------------------------------------------------
11-29 14:09:51.640 V/cps-PvrControlProxy( 4365): >> [call end][2587][16ms][pid=3706][proc=insight.tr069.client]:
11-29 14:09:51.640 V/cps-PvrControlProxy( 4365): getDevicePath (
11-29 14:09:51.640 V/cps-PvrControlProxy( 4365):  
11-29 14:09:51.640 V/cps-PvrControlProxy( 4365): )
11-29 14:09:51.640 V/cps-PvrControlProxy( 4365): result=/storage/emulated
11-29 14:09:51.640 V/cps-PvrControlProxy( 4365): --------------------------------------------------------------------------------
11-29 14:09:51.653 V/cps-MountControlProxy( 4365): --------------------------------------------------------------------------------
11-29 14:09:51.653 V/cps-MountControlProxy( 4365): <<< [call begin][2588][pid=3706][proc=insight.tr069.client]:
11-29 14:09:51.653 V/cps-MountControlProxy( 4365): getNumberOfMountedStorageDevices (
11-29 14:09:51.653 V/cps-MountControlProxy( 4365):  
11-29 14:09:51.653 V/cps-MountControlProxy( 4365): )
11-29 14:09:51.653 V/cps-MountControlProxy( 4365): --------------------------------------------------------------------------------
11-29 14:09:51.663 V/cps-MountControlProxy( 4365): --------------------------------------------------------------------------------
11-29 14:09:51.663 V/cps-MountControlProxy( 4365): >> [call end][2588][10ms][pid=3706][proc=insight.tr069.client]:
11-29 14:09:51.663 V/cps-MountControlProxy( 4365): getNumberOfMountedStorageDevices (
11-29 14:09:51.663 V/cps-MountControlProxy( 4365):  
11-29 14:09:51.663 V/cps-MountControlProxy( 4365): )
11-29 14:09:51.663 V/cps-MountControlProxy( 4365): result=0
11-29 14:09:51.663 V/cps-MountControlProxy( 4365): --------------------------------------------------------------------------------
11-29 14:09:51.880 D/iWediaTvInput_TvSession( 6378): [onTimeShiftGetStartPosition]
11-29 14:09:51.880 D/iWediaTvInput_TvSession( 6378): [onTimeShiftGetStartPosition][time=0]
11-29 14:09:51.880 D/iWediaTvInput_TvSession( 6378): [onTimeShiftGetCurrentPosition]
11-29 14:09:51.880 D/iWediaTvInput_TvSession( 6378): [onTimeShiftGetCurrentPosition][time=0]
11-29 14:09:51.988 V/cps-QoSControlProxy( 4365): --------------------------------------------------------------------------------
11-29 14:09:51.988 V/cps-QoSControlProxy( 4365): <<< [call begin][2589][pid=3706][proc=insight.tr069.client]:
11-29 14:09:51.988 V/cps-QoSControlProxy( 4365): getTotalDVBTServices (
11-29 14:09:51.988 V/cps-QoSControlProxy( 4365):  
11-29 14:09:51.988 V/cps-QoSControlProxy( 4365): )
11-29 14:09:51.988 V/cps-QoSControlProxy( 4365): --------------------------------------------------------------------------------
11-29 14:09:51.988 D/ITvService( 2656): [NATIVE]: Mutex Locked
11-29 14:09:51.988 D/ITvService( 2656): BnTvService::onTransact(): code not found, entering default case
11-29 14:09:51.988 D/ITvService( 2656): [NATIVE]: Mutex Unlocked
11-29 14:09:51.992 V/cps-QoSControlProxy( 4365): --------------------------------------------------------------------------------
11-29 14:09:51.992 V/cps-QoSControlProxy( 4365): >> [call end][2589][4ms][pid=3706][proc=insight.tr069.client]:
11-29 14:09:51.992 V/cps-QoSControlProxy( 4365): getTotalDVBTServices (
11-29 14:09:51.992 V/cps-QoSControlProxy( 4365):  
11-29 14:09:51.992 V/cps-QoSControlProxy( 4365): )
11-29 14:09:51.992 V/cps-QoSControlProxy( 4365): result=0
11-29 14:09:51.992 V/cps-QoSControlProxy( 4365): --------------------------------------------------------------------------------
11-29 14:09:52.881 D/iWediaTvInput_TvSession( 6378): [onTimeShiftGetStartPosition]
11-29 14:09:52.881 D/iWediaTvInput_TvSession( 6378): [onTimeShiftGetStartPosition][time=0]
11-29 14:09:52.881 D/iWediaTvInput_TvSession( 6378): [onTimeShiftGetCurrentPosition]
11-29 14:09:52.881 D/iWediaTvInput_TvSession( 6378): [onTimeShiftGetCurrentPosition][time=0]
11-29 14:09:53.029 V/cps-QoSControlProxy( 4365): --------------------------------------------------------------------------------
11-29 14:09:53.029 V/cps-QoSControlProxy( 4365): <<< [call begin][2590][pid=3706][proc=insight.tr069.client]:
11-29 14:09:53.029 V/cps-QoSControlProxy( 4365): getTotalDVBTServices (
11-29 14:09:53.029 V/cps-QoSControlProxy( 4365):  
11-29 14:09:53.029 V/cps-QoSControlProxy( 4365): )
11-29 14:09:53.029 V/cps-QoSControlProxy( 4365): --------------------------------------------------------------------------------
11-29 14:09:53.030 D/ITvService( 2656): [NATIVE]: Mutex Locked
11-29 14:09:53.030 D/ITvService( 2656): BnTvService::onTransact(): code not found, entering default case
11-29 14:09:53.030 D/ITvService( 2656): [NATIVE]: Mutex Unlocked
11-29 14:09:53.043 V/cps-QoSControlProxy( 4365): --------------------------------------------------------------------------------
11-29 14:09:53.043 V/cps-QoSControlProxy( 4365): >> [call end][2590][35ms][pid=3706][proc=insight.tr069.client]:
11-29 14:09:53.043 V/cps-QoSControlProxy( 4365): getTotalDVBTServices (
11-29 14:09:53.043 V/cps-QoSControlProxy( 4365):  
11-29 14:09:53.043 V/cps-QoSControlProxy( 4365): )
11-29 14:09:53.043 V/cps-QoSControlProxy( 4365): result=0
11-29 14:09:53.043 V/cps-QoSControlProxy( 4365): --------------------------------------------------------------------------------
11-29 14:09:53.275 E/chromium( 3883): [3883:6005:ERROR:client_auth_signer.cc(191)] Cast certificate is not valid.
11-29 14:09:53.292 W/chromium( 3883): [3883:6008:WARNING:client_auth_signer.cc(112)] No private key, hence empty signature.
11-29 14:09:53.695 D/HLSFetch( 2656): [[1;32;40mhlsfetch_read:3191[0;38;40m][New segment detected: 21272958]
11-29 14:09:53.782 D/HLSFetch( 2656): [download_segment:1472][200; URL: http://abrademos.abertistelecom.com/Content/HLS/Live/Channel(abrademo23)/Stream(01)/Segment(14804249470000000)/segment.ts]
11-29 14:09:53.782 D/HLSFetch( 2656): [download_segment:1490][200; Speed: 10651000 bps; size:  7924576; seq: 148042495; URL: http://abrademos.abertistelecom.com/Content/HLS/Live/Channel(abrademo23)/Stream(01)/Segment(14804249470000000)/segment.ts DLTIME: 5.952170]
11-29 14:09:53.782 D/HLSFetch( 2656): [download_segment:1491][CURL TIMINGS: total_time = 6.130130, start_transfer_time = 0.177960, namelookup_time = 0.000074, connect_time = 0.000074, appconnect_time = 0.000075, pretransfer_time = 0.000216 ]
11-29 14:09:53.782 D/HLSFetch( 2656): [updateQOSData_SegmentDownload:439][chunksExpectedCount: 49, totalChunksExpectedCount: 49
11-29 14:09:53.782 D/HLSFetch( 2656): ]
11-29 14:09:53.782 D/HLSFetch( 2656): [updateQOSData_SegmentDownload:442][chunksReceivedCount: 49; totalChunksReceivedCount: 49
11-29 14:09:53.782 D/HLSFetch( 2656): ]
11-29 14:09:53.782 D/HLSFetch( 2656): [download_thread_fn:2659][Segment written to output buffer, size  7924576, cached data    34695]
11-29 14:09:53.782 D/HLSFetch( 2656): [download_thread_fn:2662][target_duration_us 10000000 ]
11-29 14:09:53.782 D/HLSFetch( 2656): [download_thread_fn:2667][Near buffer underrun - target_duration_us 0 ]
11-29 14:09:53.782 D/HLSFetch( 2656): [[1;32;40mdownload_thread_fn:2686[0;38;40m][Average download speed: 15864574 bps]
11-29 14:09:53.800 D/HLSFetch( 2656): [hlsfetch_adapt:3815][Up count 5 down count 0 avg speed 15864574]
11-29 14:09:53.803 D/HLSFetch( 2656): [download_thread_fn:2788][download_thread_fn sleeping time -6151428 us]
11-29 14:09:53.803 D/HLSFetch( 2656): [download_thread_fn:2524][Download list is empty...]
11-29 14:09:53.803 D/HLSFetch( 2656): [download_thread_fn:2788][download_thread_fn sleeping time   999982 us]
11-29 14:09:53.882 D/iWediaTvInput_TvSession( 6378): [onTimeShiftGetStartPosition]
11-29 14:09:53.882 D/iWediaTvInput_TvSession( 6378): [onTimeShiftGetStartPosition][time=0]
11-29 14:09:53.882 D/iWediaTvInput_TvSession( 6378): [onTimeShiftGetCurrentPosition]
11-29 14:09:53.882 D/iWediaTvInput_TvSession( 6378): [onTimeShiftGetCurrentPosition][time=0]
11-29 14:09:54.048 V/cps-QoSControlProxy( 4365): --------------------------------------------------------------------------------
11-29 14:09:54.048 V/cps-QoSControlProxy( 4365): <<< [call begin][2591][pid=3706][proc=insight.tr069.client]:
11-29 14:09:54.048 V/cps-QoSControlProxy( 4365): getTotalDVBTServices (
11-29 14:09:54.048 V/cps-QoSControlProxy( 4365):  
11-29 14:09:54.048 V/cps-QoSControlProxy( 4365): )
11-29 14:09:54.048 V/cps-QoSControlProxy( 4365): --------------------------------------------------------------------------------
11-29 14:09:54.049 D/ITvService( 2656): [NATIVE]: Mutex Locked
11-29 14:09:54.049 D/ITvService( 2656): BnTvService::onTransact(): code not found, entering default case
11-29 14:09:54.049 D/ITvService( 2656): [NATIVE]: Mutex Unlocked
11-29 14:09:54.054 V/cps-QoSControlProxy( 4365): --------------------------------------------------------------------------------
11-29 14:09:54.054 V/cps-QoSControlProxy( 4365): >> [call end][2591][4ms][pid=3706][proc=insight.tr069.client]:
11-29 14:09:54.054 V/cps-QoSControlProxy( 4365): getTotalDVBTServices (
11-29 14:09:54.054 V/cps-QoSControlProxy( 4365):  
11-29 14:09:54.054 V/cps-QoSControlProxy( 4365): )
11-29 14:09:54.054 V/cps-QoSControlProxy( 4365): result=0
