
11-29 14:09:31.075 V/cps-QoSControlProxy( 4365): )
11-29 14:09:31.075 V/cps-QoSControlProxy( 4365): --------------------------------------------------------------------------------
11-29 14:09:31.076 D/ITvService( 2656): [NATIVE]: Mutex Locked
11-29 14:09:31.076 D/ITvService( 2656): BnTvService::onTransact(): code not found, entering default case
11-29 14:09:31.076 D/ITvService( 2656): [NATIVE]: Mutex Unlocked
11-29 14:09:31.107 V/cps-QoSControlProxy( 4365): --------------------------------------------------------------------------------
11-29 14:09:31.107 V/cps-QoSControlProxy( 4365): >> [call end][2541][69ms][pid=3706][proc=insight.tr069.client]:
11-29 14:09:31.107 V/cps-QoSControlProxy( 4365): getTotalDVBTServices (
11-29 14:09:31.107 V/cps-QoSControlProxy( 4365):  
11-29 14:09:31.107 V/cps-QoSControlProxy( 4365): )
11-29 14:09:31.107 V/cps-QoSControlProxy( 4365): result=0
11-29 14:09:31.107 V/cps-QoSControlProxy( 4365): --------------------------------------------------------------------------------
11-29 14:09:31.391 D/HLSFetch( 2656): [progress_callback:1330][[intermediate measurement] Speed: 15378232 ]
11-29 14:09:31.841 D/iWediaTvInput_TvSession( 6378): [onTimeShiftGetStartPosition]
11-29 14:09:31.841 D/iWediaTvInput_TvSession( 6378): [onTimeShiftGetStartPosition][time=0]
11-29 14:09:31.841 D/iWediaTvInput_TvSession( 6378): [onTimeShiftGetCurrentPosition]
11-29 14:09:31.841 D/iWediaTvInput_TvSession( 6378): [onTimeShiftGetCurrentPosition][time=0]
11-29 14:09:32.151 V/cps-QoSControlProxy( 4365): --------------------------------------------------------------------------------
11-29 14:09:32.151 V/cps-QoSControlProxy( 4365): <<< [call begin][2542][pid=3706][proc=insight.tr069.client]:
11-29 14:09:32.151 V/cps-QoSControlProxy( 4365): getTotalDVBTServices (
11-29 14:09:32.151 V/cps-QoSControlProxy( 4365):  
11-29 14:09:32.151 V/cps-QoSControlProxy( 4365): )
11-29 14:09:32.151 V/cps-QoSControlProxy( 4365): --------------------------------------------------------------------------------
11-29 14:09:32.151 D/ITvService( 2656): [NATIVE]: Mutex Locked
11-29 14:09:32.151 D/ITvService( 2656): BnTvService::onTransact(): code not found, entering default case
11-29 14:09:32.151 D/ITvService( 2656): [NATIVE]: Mutex Unlocked
11-29 14:09:32.164 V/cps-QoSControlProxy( 4365): --------------------------------------------------------------------------------
11-29 14:09:32.164 V/cps-QoSControlProxy( 4365): >> [call end][2542][26ms][pid=3706][proc=insight.tr069.client]:
11-29 14:09:32.164 V/cps-QoSControlProxy( 4365): getTotalDVBTServices (
11-29 14:09:32.164 V/cps-QoSControlProxy( 4365):  
11-29 14:09:32.164 V/cps-QoSControlProxy( 4365): )
11-29 14:09:32.164 V/cps-QoSControlProxy( 4365): result=0
11-29 14:09:32.164 V/cps-QoSControlProxy( 4365): --------------------------------------------------------------------------------
11-29 14:09:32.237 D/HLSFetch( 2656): [download_segment:1472][200; URL: http://abrademos.abertistelecom.com/Content/HLS/Live/Channel(abrademo23)/Stream(01)/Segment(14804249270000000)/segment.ts]
11-29 14:09:32.237 D/HLSFetch( 2656): [download_segment:1490][200; Speed: 14955904 bps; size:  7205664; seq: 148042493; URL: http://abrademos.abertistelecom.com/Content/HLS/Live/Channel(abrademo23)/Stream(01)/Segment(14804249270000000)/segment.ts DLTIME: 3.854351]
11-29 14:09:32.237 D/HLSFetch( 2656): [download_segment:1491][CURL TIMINGS: total_time = 4.013596, start_transfer_time = 0.159245, namelookup_time = 0.000056, connect_time = 0.000058, appconnect_time = 0.000058, pretransfer_time = 0.000159 ]
11-29 14:09:32.237 D/HLSFetch( 2656): [updateQOSData_SegmentDownload:439][chunksExpectedCount: 47, totalChunksExpectedCount: 47
11-29 14:09:32.237 D/HLSFetch( 2656): ]
11-29 14:09:32.237 D/HLSFetch( 2656): [updateQOSData_SegmentDownload:442][chunksReceivedCount: 47; totalChunksReceivedCount: 47
11-29 14:09:32.237 D/HLSFetch( 2656): ]
11-29 14:09:32.237 D/HLSFetch( 2656): [download_thread_fn:2659][Segment written to output buffer, size  7205664, cached data    31200]
11-29 14:09:32.237 D/HLSFetch( 2656): [download_thread_fn:2662][target_duration_us 10000000 ]
11-29 14:09:32.237 D/HLSFetch( 2656): [download_thread_fn:2667][Near buffer underrun - target_duration_us 0 ]
11-29 14:09:32.237 D/HLSFetch( 2656): [[1;32;40mdownload_thread_fn:2686[0;38;40m][Average download speed: 15588896 bps]
11-29 14:09:32.252 D/HLSFetch( 2656): [hlsfetch_adapt:3815][Up count 5 down count 0 avg speed 15588896]
11-29 14:09:32.255 D/HLSFetch( 2656): [download_thread_fn:2788][download_thread_fn sleeping time -4032122 us]
11-29 14:09:32.255 D/HLSFetch( 2656): [download_thread_fn:2524][Download list is empty...]
11-29 14:09:32.255 D/HLSFetch( 2656): [download_thread_fn:2788][download_thread_fn sleeping time   999984 us]
11-29 14:09:32.842 D/iWediaTvInput_TvSession( 6378): [onTimeShiftGetStartPosition]
11-29 14:09:32.842 D/iWediaTvInput_TvSession( 6378): [onTimeShiftGetStartPosition][time=0]
11-29 14:09:32.842 D/iWediaTvInput_TvSession( 6378): [onTimeShiftGetCurrentPosition]
11-29 14:09:32.842 D/iWediaTvInput_TvSession( 6378): [onTimeShiftGetCurrentPosition][time=0]
11-29 14:09:33.165 E/TR033MonitoringThread( 3706): getTracesAuth not implemented 
11-29 14:09:33.173 V/cps-QoSControlProxy( 4365): --------------------------------------------------------------------------------
11-29 14:09:33.173 V/cps-QoSControlProxy( 4365): <<< [call begin][2543][pid=3706][proc=insight.tr069.client]:
11-29 14:09:33.173 V/cps-QoSControlProxy( 4365): setConfigurationParameter (
11-29 14:09:33.173 V/cps-QoSControlProxy( 4365): 	protocol=IPTVMULTICAST, 
11-29 14:09:33.173 V/cps-QoSControlProxy( 4365): 	parameter=GMIN, 
11-29 14:09:33.173 V/cps-QoSControlProxy( 4365): 	value=0 
11-29 14:09:33.173 V/cps-QoSControlProxy( 4365): )
11-29 14:09:33.173 V/cps-QoSControlProxy( 4365): --------------------------------------------------------------------------------
11-29 14:09:33.173 D/ITvService( 2656): [NATIVE]: Mutex Locked
11-29 14:09:33.173 D/ITvService( 2656): BnTvService::onTransact(): code not found, entering default case
11-29 14:09:33.173 D/ITvService( 2656): [NATIVE]: Mutex Unlocked
11-29 14:09:33.181 V/cps-QoSControlProxy( 4365): --------------------------------------------------------------------------------
11-29 14:09:33.181 V/cps-QoSControlProxy( 4365): >> [call end][2543][6ms][pid=3706][proc=insight.tr069.client]:
11-29 14:09:33.181 V/cps-QoSControlProxy( 4365): setConfigurationParameter (
11-29 14:09:33.181 V/cps-QoSControlProxy( 4365): 	protocol=IPTVMULTICAST, 
11-29 14:09:33.181 V/cps-QoSControlProxy( 4365): 	parameter=GMIN, 
11-29 14:09:33.181 V/cps-QoSControlProxy( 4365): 	value=0 
11-29 14:09:33.181 V/cps-QoSControlProxy( 4365): )
11-29 14:09:33.181 V/cps-QoSControlProxy( 4365): result=0
11-29 14:09:33.181 V/cps-QoSControlProxy( 4365): --------------------------------------------------------------------------------
11-29 14:09:33.196 V/cps-QoSControlProxy( 4365): --------------------------------------------------------------------------------
11-29 14:09:33.196 V/cps-QoSControlProxy( 4365): <<< [call begin][2544][pid=3706][proc=insight.tr069.client]:
11-29 14:09:33.196 V/cps-QoSControlProxy( 4365): setConfigurationParameter (
11-29 14:09:33.196 V/cps-QoSControlProxy( 4365): 	protocol=VODRTSP, 
11-29 14:09:33.196 V/cps-QoSControlProxy( 4365): 	parameter=GMIN, 
11-29 14:09:33.196 V/cps-QoSControlProxy( 4365): 	value=0 
11-29 14:09:33.196 V/cps-QoSControlProxy( 4365): )
11-29 14:09:33.196 V/cps-QoSControlProxy( 4365): --------------------------------------------------------------------------------
11-29 14:09:33.197 D/ITvService( 2656): [NATIVE]: Mutex Locked
11-29 14:09:33.197 D/ITvService( 2656): BnTvService::onTransact(): code not found, entering default case
11-29 14:09:33.197 D/ITvService( 2656): [NATIVE]: Mutex Unlocked
11-29 14:09:33.202 V/cps-QoSControlProxy( 4365): --------------------------------------------------------------------------------
11-29 14:09:33.202 V/cps-QoSControlProxy( 4365): >> [call end][2544][7ms][pid=3706][proc=insight.tr069.client]:
11-29 14:09:33.202 V/cps-QoSControlProxy( 4365): setConfigurationParameter (
11-29 14:09:33.202 V/cps-QoSControlProxy( 4365): 	protocol=VODRTSP, 
11-29 14:09:33.202 V/cps-QoSControlProxy( 4365): 	parameter=GMIN, 
11-29 14:09:33.202 V/cps-QoSControlProxy( 4365): 	value=0 
11-29 14:09:33.202 V/cps-QoSControlProxy( 4365): )
11-29 14:09:33.202 V/cps-QoSControlProxy( 4365): result=0
11-29 14:09:33.202 V/cps-QoSControlProxy( 4365): --------------------------------------------------------------------------------
11-29 14:09:33.215 V/cps-QoSControlProxy( 4365): --------------------------------------------------------------------------------
11-29 14:09:33.215 V/cps-QoSControlProxy( 4365): <<< [call begin][2545][pid=3706][proc=insight.tr069.client]:
11-29 14:09:33.215 V/cps-QoSControlProxy( 4365): setConfigurationParameter (
11-29 14:09:33.215 V/cps-QoSControlProxy( 4365): 	protocol=IPTVOTT, 
11-29 14:09:33.215 V/cps-QoSControlProxy( 4365): 	parameter=GMIN, 
11-29 14:09:33.215 V/cps-QoSControlProxy( 4365): 	value=0 
11-29 14:09:33.215 V/cps-QoSControlProxy( 4365): )
11-29 14:09:33.215 V/cps-QoSControlProxy( 4365): --------------------------------------------------------------------------------
11-29 14:09:33.215 D/ITvService( 2656): [NATIVE]: Mutex Locked
11-29 14:09:33.215 D/ITvService( 2656): BnTvService::onTransact(): code not found, entering default case
11-29 14:09:33.215 D/ITvService( 2656): [NATIVE]: Mutex Unlocked
11-29 14:09:33.221 V/cps-QoSControlProxy( 4365): --------------------------------------------------------------------------------
11-29 14:09:33.221 V/cps-QoSControlProxy( 4365): >> [call end][2545][7ms][pid=3706][proc=insight.tr069.client]:
11-29 14:09:33.221 V/cps-QoSControlProxy( 4365): setConfigurationParameter (
11-29 14:09:33.221 V/cps-QoSControlProxy( 4365): 	protocol=IPTVOTT, 
11-29 14:09:33.221 V/cps-QoSControlProxy( 4365): 	parameter=GMIN, 
11-29 14:09:33.221 V/cps-QoSControlProxy( 4365): 	value=0 
11-29 14:09:33.221 V/cps-QoSControlProxy( 4365): )
11-29 14:09:33.221 V/cps-QoSControlProxy( 4365): result=0
11-29 14:09:33.221 V/cps-QoSControlProxy( 4365): --------------------------------------------------------------------------------
11-29 14:09:33.237 V/cps-QoSControlProxy( 4365): --------------------------------------------------------------------------------
11-29 14:09:33.237 V/cps-QoSControlProxy( 4365): <<< [call begin][2546][pid=3706][proc=insight.tr069.client]:
11-29 14:09:33.237 V/cps-QoSControlProxy( 4365): setConfigurationParameter (
11-29 14:09:33.237 V/cps-QoSControlProxy( 4365): 	protocol=VODOTT, 
11-29 14:09:33.237 V/cps-QoSControlProxy( 4365): 	parameter=GMIN, 
11-29 14:09:33.237 V/cps-QoSControlProxy( 4365): 	value=0 
11-29 14:09:33.237 V/cps-QoSControlProxy( 4365): )
11-29 14:09:33.237 V/cps-QoSControlProxy( 4365): --------------------------------------------------------------------------------
11-29 14:09:33.237 D/ITvService( 2656): [NATIVE]: Mutex Locked
11-29 14:09:33.237 D/ITvService( 2656): BnTvService::onTransact(): code not found, entering default case
11-29 14:09:33.237 D/ITvService( 2656): [NATIVE]: Mutex Unlocked
11-29 14:09:33.242 V/cps-QoSControlProxy( 4365): --------------------------------------------------------------------------------
11-29 14:09:33.242 V/cps-QoSControlProxy( 4365): >> [call end][2546][11ms][pid=3706][proc=insight.tr069.client]:
11-29 14:09:33.242 V/cps-QoSControlProxy( 4365): setConfigurationParameter (
11-29 14:09:33.242 V/cps-QoSControlProxy( 4365): 	protocol=VODOTT, 
11-29 14:09:33.242 V/cps-QoSControlProxy( 4365): 	parameter=GMIN, 
11-29 14:09:33.242 V/cps-QoSControlProxy( 4365): 	value=0 
11-29 14:09:33.242 V/cps-QoSControlProxy( 4365): )
11-29 14:09:33.242 V/cps-QoSControlProxy( 4365): result=0
11-29 14:09:33.242 V/cps-QoSControlProxy( 4365): --------------------------------------------------------------------------------
11-29 14:09:33.255 D/HLSFetch( 2656): [download_thread_fn:2524][Download list is empty...]
11-29 14:09:33.255 D/HLSFetch( 2656): [download_thread_fn:2788][download_thread_fn sleeping time   999945 us]
11-29 14:09:33.267 V/cps-QoSControlProxy( 4365): --------------------------------------------------------------------------------
11-29 14:09:33.267 V/cps-QoSControlProxy( 4365): <<< [call begin][2547][pid=3706][proc=insight.tr069.client]:
11-29 14:09:33.267 V/cps-QoSControlProxy( 4365): setConfigurationParameter (
11-29 14:09:33.267 V/cps-QoSControlProxy( 4365): 	protocol=IPTVMULTICAST, 
11-29 14:09:33.267 V/cps-QoSControlProxy( 4365): 	parameter=SEVERELOSSMINDISTANCE, 
11-29 14:09:33.267 V/cps-QoSControlProxy( 4365): 	value=200000 
11-29 14:09:33.267 V/cps-QoSControlProxy( 4365): )
11-29 14:09:33.267 V/cps-QoSControlProxy( 4365): --------------------------------------------------------------------------------
11-29 14:09:33.268 D/ITvService( 2656): [NATIVE]: Mutex Locked
11-29 14:09:33.268 D/ITvService( 2656): BnTvService::onTransact(): code not found, entering default case
11-29 14:09:33.268 D/ITvService( 2656): [NATIVE]: Mutex Unlocked
11-29 14:09:33.278 V/cps-QoSControlProxy( 4365): --------------------------------------------------------------------------------
11-29 14:09:33.278 V/cps-QoSControlProxy( 4365): >> [call end][2547][15ms][pid=3706][proc=insight.tr069.client]:
11-29 14:09:33.278 V/cps-QoSControlProxy( 4365): setConfigurationParameter (
11-29 14:09:33.278 V/cps-QoSControlProxy( 4365): 	protocol=IPTVMULTICAST, 
11-29 14:09:33.278 V/cps-QoSControlProxy( 4365): 	parameter=SEVERELOSSMINDISTANCE, 
11-29 14:09:33.278 V/cps-QoSControlProxy( 4365): 	value=200000 
11-29 14:09:33.278 V/cps-QoSControlProxy( 4365): )
11-29 14:09:33.278 V/cps-QoSControlProxy( 4365): result=0
11-29 14:09:33.278 V/cps-QoSControlProxy( 4365): --------------------------------------------------------------------------------
11-29 14:09:33.291 V/cps-QoSControlProxy( 4365): --------------------------------------------------------------------------------
11-29 14:09:33.291 V/cps-QoSControlProxy( 4365): <<< [call begin][2548][pid=3706][proc=insight.tr069.client]:
11-29 14:09:33.291 V/cps-QoSControlProxy( 4365): setConfigurationParameter (
11-29 14:09:33.291 V/cps-QoSControlProxy( 4365): 	protocol=VODRTSP, 
11-29 14:09:33.291 V/cps-QoSControlProxy( 4365): 	parameter=SEVERELOSSMINDISTANCE, 
11-29 14:09:33.291 V/cps-QoSControlProxy( 4365): 	value=0 
11-29 14:09:33.291 V/cps-QoSControlProxy( 4365): )
11-29 14:09:33.291 V/cps-QoSControlProxy( 4365): --------------------------------------------------------------------------------
11-29 14:09:33.291 D/ITvService( 2656): [NATIVE]: Mutex Locked
11-29 14:09:33.291 D/ITvService( 2656): BnTvService::onTransact(): code not found, entering default case
11-29 14:09:33.291 D/ITvService( 2656): [NATIVE]: Mutex Unlocked
11-29 14:09:33.300 V/cps-QoSControlProxy( 4365): --------------------------------------------------------------------------------
11-29 14:09:33.300 V/cps-QoSControlProxy( 4365): >> [call end][2548][7ms][pid=3706][proc=insight.tr069.client]:
11-29 14:09:33.300 V/cps-QoSControlProxy( 4365): setConfigurationParameter (
11-29 14:09:33.300 V/cps-QoSControlProxy( 4365): 	protocol=VODRTSP, 
11-29 14:09:33.300 V/cps-QoSControlProxy( 4365): 	parameter=SEVERELOSSMINDISTANCE, 
11-29 14:09:33.300 V/cps-QoSControlProxy( 4365): 	value=0 
11-29 14:09:33.300 V/cps-QoSControlProxy( 4365): )
11-29 14:09:33.300 V/cps-QoSControlProxy( 4365): result=0
11-29 14:09:33.300 V/cps-QoSControlProxy( 4365): --------------------------------------------------------------------------------
11-29 14:09:33.318 V/cps-QoSControlProxy( 4365): --------------------------------------------------------------------------------
11-29 14:09:33.318 V/cps-QoSControlProxy( 4365): <<< [call begin][2549][pid=3706][proc=insight.tr069.client]:
11-29 14:09:33.318 V/cps-QoSControlProxy( 4365): setConfigurationParameter (
11-29 14:09:33.318 V/cps-QoSControlProxy( 4365): 	protocol=IPTVOTT, 
11-29 14:09:33.318 V/cps-QoSControlProxy( 4365): 	parameter=SEVERELOSSMINDISTANCE, 
11-29 14:09:33.318 V/cps-QoSControlProxy( 4365): 	value=0 
11-29 14:09:33.318 V/cps-QoSControlProxy( 4365): )
11-29 14:09:33.318 V/cps-QoSControlProxy( 4365): --------------------------------------------------------------------------------
11-29 14:09:33.318 D/ITvService( 2656): [NATIVE]: Mutex Locked
11-29 14:09:33.318 D/ITvService( 2656): BnTvService::onTransact(): code not found, entering default case
11-29 14:09:33.318 D/ITvService( 2656): [NATIVE]: Mutex Unlocked
11-29 14:09:33.326 V/cps-QoSControlProxy( 4365): --------------------------------------------------------------------------------
11-29 14:09:33.326 V/cps-QoSControlProxy( 4365): >> [call end][2549][11ms][pid=3706][proc=insight.tr069.client]:
11-29 14:09:33.326 V/cps-QoSControlProxy( 4365): setConfigurationParameter (
11-29 14:09:33.326 V/cps-QoSControlProxy( 4365): 	protocol=IPTVOTT, 
11-29 14:09:33.326 V/cps-QoSControlProxy( 4365): 	parameter=SEVERELOSSMINDISTANCE, 
11-29 14:09:33.326 V/cps-QoSControlProxy( 4365): 	value=0 
11-29 14:09:33.326 V/cps-QoSControlProxy( 4365): )
11-29 14:09:33.326 V/cps-QoSControlProxy( 4365): result=0
11-29 14:09:33.326 V/cps-QoSControlProxy( 4365): --------------------------------------------------------------------------------
11-29 14:09:33.346 V/cps-QoSControlProxy( 4365): --------------------------------------------------------------------------------
11-29 14:09:33.346 V/cps-QoSControlProxy( 4365): <<< [call begin][2550][pid=3706][proc=insight.tr069.client]:
11-29 14:09:33.346 V/cps-QoSControlProxy( 4365): setConfigurationParameter (
11-29 14:09:33.346 V/cps-QoSControlProxy( 4365): 	protocol=VODOTT, 
11-29 14:09:33.346 V/cps-QoSControlProxy( 4365): 	parameter=SEVERELOSSMINDISTANCE, 
11-29 14:09:33.346 V/cps-QoSControlProxy( 4365): 	value=0 
11-29 14:09:33.346 V/cps-QoSControlProxy( 4365): )
11-29 14:09:33.346 V/cps-QoSControlProxy( 4365): --------------------------------------------------------------------------------
11-29 14:09:33.346 D/ITvService( 2656): [NATIVE]: Mutex Locked
11-29 14:09:33.346 D/ITvService( 2656): BnTvService::onTransact(): code not found, entering default case
11-29 14:09:33.346 D/ITvService( 2656): [NATIVE]: Mutex Unlocked
11-29 14:09:33.354 V/cps-QoSControlProxy( 4365): --------------------------------------------------------------------------------
11-29 14:09:33.354 V/cps-QoSControlProxy( 4365): >> [call end][2550][6ms][pid=3706][proc=insight.tr069.client]:
11-29 14:09:33.354 V/cps-QoSControlProxy( 4365): setConfigurationParameter (
11-29 14:09:33.354 V/cps-QoSControlProxy( 4365): 	protocol=VODOTT, 
11-29 14:09:33.354 V/cps-QoSControlProxy( 4365): 	parameter=SEVERELOSSMINDISTANCE, 
11-29 14:09:33.354 V/cps-QoSControlProxy( 4365): 	value=0 
11-29 14:09:33.354 V/cps-QoSControlProxy( 4365): )
11-29 14:09:33.354 V/cps-QoSControlProxy( 4365): result=0
11-29 14:09:33.354 V/cps-QoSControlProxy( 4365): --------------------------------------------------------------------------------
11-29 14:09:33.367 V/cps-QoSControlProxy( 4365): --------------------------------------------------------------------------------
11-29 14:09:33.367 V/cps-QoSControlProxy( 4365): <<< [call begin][2551][pid=3706][proc=insight.tr069.client]:
11-29 14:09:33.367 V/cps-QoSControlProxy( 4365): setConfigurationParameter (
11-29 14:09:33.367 V/cps-QoSControlProxy( 4365): 	protocol=IPTVMULTICAST, 
11-29 14:09:33.367 V/cps-QoSControlProxy( 4365): 	parameter=SEVERELOSSMINLENGTH, 
11-29 14:09:33.367 V/cps-QoSControlProxy( 4365): 	value=0 
11-29 14:09:33.367 V/cps-QoSControlProxy( 4365): )
11-29 14:09:33.367 V/cps-QoSControlProxy( 4365): --------------------------------------------------------------------------------
11-29 14:09:33.367 D/ITvService( 2656): [NATIVE]: Mutex Locked
11-29 14:09:33.367 D/ITvService( 2656): BnTvService::onTransact(): code not found, entering default case
11-29 14:09:33.367 D/ITvService( 2656): [NATIVE]: Mutex Unlocked
11-29 14:09:33.373 V/cps-QoSControlProxy( 4365): --------------------------------------------------------------------------------
11-29 14:09:33.373 V/cps-QoSControlProxy( 4365): >> [call end][2551][4ms][pid=3706][proc=insight.tr069.client]:
11-29 14:09:33.373 V/cps-QoSControlProxy( 4365): setConfigurationParameter (
11-29 14:09:33.373 V/cps-QoSControlProxy( 4365): 	protocol=IPTVMULTICAST, 
11-29 14:09:33.373 V/cps-QoSControlProxy( 4365): 	parameter=SEVERELOSSMINLENGTH, 
11-29 14:09:33.373 V/cps-QoSControlProxy( 4365): 	value=0 
11-29 14:09:33.373 V/cps-QoSControlProxy( 4365): )
11-29 14:09:33.373 V/cps-QoSControlProxy( 4365): result=0
11-29 14:09:33.373 V/cps-QoSControlProxy( 4365): --------------------------------------------------------------------------------
11-29 14:09:33.389 V/cps-QoSControlProxy( 4365): --------------------------------------------------------------------------------
11-29 14:09:33.389 V/cps-QoSControlProxy( 4365): <<< [call begin][2552][pid=3706][proc=insight.tr069.client]:
11-29 14:09:33.389 V/cps-QoSControlProxy( 4365): setConfigurationParameter (
11-29 14:09:33.389 V/cps-QoSControlProxy( 4365): 	protocol=VODRTSP, 
11-29 14:09:33.389 V/cps-QoSControlProxy( 4365): 	parameter=SEVERELOSSMINLENGTH, 
11-29 14:09:33.389 V/cps-QoSControlProxy( 4365): 	value=0 
11-29 14:09:33.389 V/cps-QoSControlProxy( 4365): )
11-29 14:09:33.389 V/cps-QoSControlProxy( 4365): --------------------------------------------------------------------------------
11-29 14:09:33.389 D/ITvService( 2656): [NATIVE]: Mutex Locked
11-29 14:09:33.390 D/ITvService( 2656): BnTvService::onTransact(): code not found, entering default case
11-29 14:09:33.390 D/ITvService( 2656): [NATIVE]: Mutex Unlocked
11-29 14:09:33.399 V/cps-QoSControlProxy( 4365): --------------------------------------------------------------------------------
11-29 14:09:33.399 V/cps-QoSControlProxy( 4365): >> [call end][2552][5ms][pid=3706][proc=insight.tr069.client]:
11-29 14:09:33.399 V/cps-QoSControlProxy( 4365): setConfigurationParameter (
11-29 14:09:33.399 V/cps-QoSControlProxy( 4365): 	protocol=VODRTSP, 
11-29 14:09:33.399 V/cps-QoSControlProxy( 4365): 	parameter=SEVERELOSSMINLENGTH, 
11-29 14:09:33.399 V/cps-QoSControlProxy( 4365): 	value=0 
11-29 14:09:33.399 V/cps-QoSControlProxy( 4365): )
11-29 14:09:33.399 V/cps-QoSControlProxy( 4365): result=0
11-29 14:09:33.399 V/cps-QoSControlProxy( 4365): --------------------------------------------------------------------------------
11-29 14:09:33.413 V/cps-QoSControlProxy( 4365): --------------------------------------------------------------------------------
11-29 14:09:33.413 V/cps-QoSControlProxy( 4365): <<< [call begin][2553][pid=3706][proc=insight.tr069.client]:
11-29 14:09:33.413 V/cps-QoSControlProxy( 4365): setConfigurationParameter (
11-29 14:09:33.413 V/cps-QoSControlProxy( 4365): 	protocol=IPTVOTT, 
11-29 14:09:33.413 V/cps-QoSControlProxy( 4365): 	parameter=SEVERELOSSMINLENGTH, 
11-29 14:09:33.413 V/cps-QoSControlProxy( 4365): 	value=0 
11-29 14:09:33.413 V/cps-QoSControlProxy( 4365): )
11-29 14:09:33.413 V/cps-QoSControlProxy( 4365): --------------------------------------------------------------------------------
11-29 14:09:33.413 D/ITvService( 2656): [NATIVE]: Mutex Locked
11-29 14:09:33.413 D/ITvService( 2656): BnTvService::onTransact(): code not found, entering default case
11-29 14:09:33.413 D/ITvService( 2656): [NATIVE]: Mutex Unlocked
11-29 14:09:33.421 V/cps-QoSControlProxy( 4365): --------------------------------------------------------------------------------
11-29 14:09:33.421 V/cps-QoSControlProxy( 4365): >> [call end][2553][8ms][pid=3706][proc=insight.tr069.client]:
11-29 14:09:33.421 V/cps-QoSControlProxy( 4365): setConfigurationParameter (
11-29 14:09:33.421 V/cps-QoSControlProxy( 4365): 	protocol=IPTVOTT, 
11-29 14:09:33.421 V/cps-QoSControlProxy( 4365): 	parameter=SEVERELOSSMINLENGTH, 
11-29 14:09:33.421 V/cps-QoSControlProxy( 4365): 	value=0 
11-29 14:09:33.421 V/cps-QoSControlProxy( 4365): )
11-29 14:09:33.421 V/cps-QoSControlProxy( 4365): result=0
11-29 14:09:33.421 V/cps-QoSControlProxy( 4365): --------------------------------------------------------------------------------
11-29 14:09:33.437 V/cps-QoSControlProxy( 4365): --------------------------------------------------------------------------------
11-29 14:09:33.437 V/cps-QoSControlProxy( 4365): <<< [call begin][2554][pid=3706][proc=insight.tr069.client]:
11-29 14:09:33.437 V/cps-QoSControlProxy( 4365): setConfigurationParameter (
11-29 14:09:33.437 V/cps-QoSControlProxy( 4365): 	protocol=VODOTT, 
11-29 14:09:33.437 V/cps-QoSControlProxy( 4365): 	parameter=SEVERELOSSMINLENGTH, 
11-29 14:09:33.437 V/cps-QoSControlProxy( 4365): 	value=0 
11-29 14:09:33.437 V/cps-QoSControlProxy( 4365): )
11-29 14:09:33.437 V/cps-QoSControlProxy( 4365): --------------------------------------------------------------------------------
11-29 14:09:33.438 D/ITvService( 2656): [NATIVE]: Mutex Locked
11-29 14:09:33.438 D/ITvService( 2656): BnTvService::onTransact(): code not found, entering default case
11-29 14:09:33.438 D/ITvService( 2656): [NATIVE]: Mutex Unlocked
11-29 14:09:33.446 V/cps-QoSControlProxy( 4365): --------------------------------------------------------------------------------
11-29 14:09:33.446 V/cps-QoSControlProxy( 4365): >> [call end][2554][8ms][pid=3706][proc=insight.tr069.client]:
11-29 14:09:33.446 V/cps-QoSControlProxy( 4365): setConfigurationParameter (
11-29 14:09:33.446 V/cps-QoSControlProxy( 4365): 	protocol=VODOTT, 
11-29 14:09:33.446 V/cps-QoSControlProxy( 4365): 	parameter=SEVERELOSSMINLENGTH, 
11-29 14:09:33.446 V/cps-QoSControlProxy( 4365): 	value=0 
11-29 14:09:33.446 V/cps-QoSControlProxy( 4365): )
11-29 14:09:33.446 V/cps-QoSControlProxy( 4365): result=0
11-29 14:09:33.446 V/cps-QoSControlProxy( 4365): --------------------------------------------------------------------------------
11-29 14:09:33.459 V/cps-ScanControlProxy( 4365): --------------------------------------------------------------------------------
11-29 14:09:33.459 V/cps-ScanControlProxy( 4365): <<< [call begin][2555][pid=3706][proc=insight.tr069.client]:
11-29 14:09:33.459 V/cps-ScanControlProxy( 4365): isScanRunning (
11-29 14:09:33.459 V/cps-ScanControlProxy( 4365):  
11-29 14:09:33.459 V/cps-ScanControlProxy( 4365): )
11-29 14:09:33.459 V/cps-ScanControlProxy( 4365): --------------------------------------------------------------------------------
11-29 14:09:33.459 W/ScanControl( 4365): isScanRunning Not implemented
11-29 14:09:33.465 V/cps-ScanControlProxy( 4365): --------------------------------------------------------------------------------
11-29 14:09:33.465 V/cps-ScanControlProxy( 4365): >> [call end][2555][6ms][pid=3706][proc=insight.tr069.client]:
11-29 14:09:33.465 V/cps-ScanControlProxy( 4365): isScanRunning (
11-29 14:09:33.465 V/cps-ScanControlProxy( 4365):  
11-29 14:09:33.465 V/cps-ScanControlProxy( 4365): )
11-29 14:09:33.465 V/cps-ScanControlProxy( 4365): result=false
11-29 14:09:33.465 V/cps-ScanControlProxy( 4365): --------------------------------------------------------------------------------
11-29 14:09:33.472 V/cps-ServiceControlProxy( 4365): --------------------------------------------------------------------------------
11-29 14:09:33.472 V/cps-ServiceControlProxy( 4365): <<< [call begin][2556][pid=3706][proc=insight.tr069.client]:
11-29 14:09:33.472 V/cps-ServiceControlProxy( 4365): getActiveService (
11-29 14:09:33.472 V/cps-ServiceControlProxy( 4365): 	routeID=-1485848576 
11-29 14:09:33.472 V/cps-ServiceControlProxy( 4365): )
11-29 14:09:33.472 V/cps-ServiceControlProxy( 4365): --------------------------------------------------------------------------------
11-29 14:09:33.472 E/ServiceControl( 4365): getCurrentServiceIndex()
11-29 14:09:33.473 D/ITvService( 2656): [NATIVE]: Mutex Locked
11-29 14:09:33.473 D/ITvService( 2656): [NATIVE]: serviceZapperGetActiveService
11-29 14:09:33.473 D/TvService( 2656): TvService::serviceZapperGetActiveService
11-29 14:09:33.473 D/TvService( 2656): TvService::getActiveServiceIndex: Active service list is 0, and index is 7
11-29 14:09:33.473 D/ITvService( 2656): [NATIVE]: serviceZapperGetActiveService return: 0
11-29 14:09:33.473 D/ITvService( 2656): [NATIVE]: Mutex Unlocked
11-29 14:09:33.473 E/ServiceControl( 4365): get current service index OK
11-29 14:09:33.479 V/cps-ServiceControlProxy( 4365): --------------------------------------------------------------------------------
11-29 14:09:33.479 V/cps-ServiceControlProxy( 4365): >> [call end][2556][6ms][pid=3706][proc=insight.tr069.client]:
11-29 14:09:33.479 V/cps-ServiceControlProxy( 4365): getActiveService (
11-29 14:09:33.479 V/cps-ServiceControlProxy( 4365): 	routeID=-1485848576 
11-29 14:09:33.479 V/cps-ServiceControlProxy( 4365): )
11-29 14:09:33.479 V/cps-ServiceControlProxy( 4365): result=Service [input=0, index=7 ]
11-29 14:09:33.479 V/cps-ServiceControlProxy( 4365): --------------------------------------------------------------------------------
11-29 14:09:33.486 V/cps-ServiceControlProxy( 4365): --------------------------------------------------------------------------------
11-29 14:09:33.486 V/cps-ServiceControlProxy( 4365): <<< [call begin][2557][pid=3706][proc=insight.tr069.client]:
11-29 14:09:33.486 V/cps-ServiceControlProxy( 4365): getExtendedServiceInfo (
11-29 14:09:33.486 V/cps-ServiceControlProxy( 4365): 	listIndex=0, 
11-29 14:09:33.486 V/cps-ServiceControlProxy( 4365): 	serviceIndex=7 
11-29 14:09:33.486 V/cps-ServiceControlProxy( 4365): )
11-29 14:09:33.486 V/cps-ServiceControlProxy( 4365): --------------------------------------------------------------------------------
11-29 14:09:33.486 W/ServiceControl( 4365): getExtendedServiceInfo not implemented
11-29 14:09:33.492 V/cps-ServiceControlProxy( 4365): --------------------------------------------------------------------------------
11-29 14:09:33.492 V/cps-ServiceControlProxy( 4365): >> [call end][2557][6ms][pid=3706][proc=insight.tr069.client]:
11-29 14:09:33.492 V/cps-ServiceControlProxy( 4365): getExtendedServiceInfo (
11-29 14:09:33.492 V/cps-ServiceControlProxy( 4365): 	listIndex=0, 
11-29 14:09:33.492 V/cps-ServiceControlProxy( 4365): 	serviceIndex=7 
11-29 14:09:33.492 V/cps-ServiceControlProxy( 4365): )
11-29 14:09:33.492 V/cps-ServiceControlProxy( 4365): result=null
11-29 14:09:33.492 V/cps-ServiceControlProxy( 4365): --------------------------------------------------------------------------------
11-29 14:09:33.502 V/cps-ServiceControlProxy( 4365): --------------------------------------------------------------------------------
11-29 14:09:33.502 V/cps-ServiceControlProxy( 4365): <<< [call begin][2558][pid=3706][proc=insight.tr069.client]:
11-29 14:09:33.502 V/cps-ServiceControlProxy( 4365): getServiceDescriptor (
11-29 14:09:33.502 V/cps-ServiceControlProxy( 4365): 	listIndex=0, 
11-29 14:09:33.502 V/cps-ServiceControlProxy( 4365): 	serviceIndex=7 
11-29 14:09:33.502 V/cps-ServiceControlProxy( 4365): )
11-29 14:09:33.502 V/cps-ServiceControlProxy( 4365): --------------------------------------------------------------------------------
11-29 14:09:33.502 E/ServiceControl( 4365): getService()
11-29 14:09:33.503 D/ITvService( 2656): [NATIVE]: Mutex Locked
11-29 14:09:33.503 D/ITvService( 2656): [NATIVE]: serviceZapperGetServiceDesc
11-29 14:09:33.503 D/TvService( 2656): TvService::serviceZapperGetServiceDesc: serviceListIndex = 0, serviceIndex = 7
11-29 14:09:33.503 D/TvService( 2656): TvService::serviceZapperGetServiceDesc: serviceDesc = 0xb410b300, errorCode = 0
11-29 14:09:33.503 D/ITvService( 2656): [NATIVE]: serviceZapperGetServiceDesc return: 0xb410b300, name: TV5MONDE
11-29 14:09:33.503 D/ITvService( 2656): [NATIVE]: Mutex Unlocked
11-29 14:09:33.504 E/ServiceControl( 4365): get service  OK
11-29 14:09:33.509 V/cps-ServiceControlProxy( 4365): --------------------------------------------------------------------------------
11-29 14:09:33.509 V/cps-ServiceControlProxy( 4365): >> [call end][2558][12ms][pid=3706][proc=insight.tr069.client]:
11-29 14:09:33.509 V/cps-ServiceControlProxy( 4365): getServiceDescriptor (
11-29 14:09:33.509 V/cps-ServiceControlProxy( 4365): 	listIndex=0, 
11-29 14:09:33.509 V/cps-ServiceControlProxy( 4365): 	serviceIndex=7 
11-29 14:09:33.509 V/cps-ServiceControlProxy( 4365): )
11-29 14:09:33.509 V/cps-ServiceControlProxy( 4365): result=ServiceDescriptor [name=TV5MONDE, index=7, serviceType=DIG_TV, sourceType=IP, LCN=7, ONID =1, TSID =8, NID =0, serviceId =1, freq =0, scrambled=false, hidden = true, selectable =false, networkName = ]
11-29 14:09:33.509 V/cps-ServiceControlProxy( 4365): --------------------------------------------------------------------------------
11-29 14:09:33.516 V/cps-ScanControlProxy( 4365): --------------------------------------------------------------------------------
11-29 14:09:33.516 V/cps-ScanControlProxy( 4365): <<< [call begin][2559][pid=3706][proc=insight.tr069.client]:
11-29 14:09:33.516 V/cps-ScanControlProxy( 4365): isScanRunning (
11-29 14:09:33.516 V/cps-ScanControlProxy( 4365):  
11-29 14:09:33.516 V/cps-ScanControlProxy( 4365): )
11-29 14:09:33.516 V/cps-ScanControlProxy( 4365): --------------------------------------------------------------------------------
11-29 14:09:33.516 W/ScanControl( 4365): isScanRunning Not implemented
11-29 14:09:33.522 V/cps-ScanControlProxy( 4365): --------------------------------------------------------------------------------
11-29 14:09:33.522 V/cps-ScanControlProxy( 4365): >> [call end][2559][6ms][pid=3706][proc=insight.tr069.client]:
11-29 14:09:33.522 V/cps-ScanControlProxy( 4365): isScanRunning (
11-29 14:09:33.522 V/cps-ScanControlProxy( 4365):  
11-29 14:09:33.522 V/cps-ScanControlProxy( 4365): )
11-29 14:09:33.522 V/cps-ScanControlProxy( 4365): result=false
11-29 14:09:33.522 V/cps-ScanControlProxy( 4365): --------------------------------------------------------------------------------
11-29 14:09:33.530 V/cps-PvrControlProxy( 4365): --------------------------------------------------------------------------------
11-29 14:09:33.530 V/cps-PvrControlProxy( 4365): <<< [call begin][2560][pid=3706][proc=insight.tr069.client]:
11-29 14:09:33.530 V/cps-PvrControlProxy( 4365): getDevicePath (
11-29 14:09:33.530 V/cps-PvrControlProxy( 4365):  
11-29 14:09:33.530 V/cps-PvrControlProxy( 4365): )
11-29 14:09:33.530 V/cps-PvrControlProxy( 4365): --------------------------------------------------------------------------------
11-29 14:09:33.530 E/PvrControl( 4365): getDevicePath()
11-29 14:09:33.530 D/ITvService( 2656): [NATIVE]: Mutex Locked
11-29 14:09:33.530 D/ITvService( 2656): [NATIVE] pvrSetMediaPath
11-29 14:09:33.530 D/TvService( 2656): TvService::MAL_PVR_GetDevicePath()
11-29 14:09:33.530 D/TvService( 2656): TvService::MAL_PVR_GetDevicePath() result = 0
11-29 14:09:33.530 D/ITvService( 2656): [NATIVE] pvrSetMediaPath return!
11-29 14:09:33.530 D/ITvService( 2656): [NATIVE]: Mutex Unlocked
11-29 14:09:33.539 V/cps-PvrControlProxy( 4365): --------------------------------------------------------------------------------
11-29 14:09:33.539 V/cps-PvrControlProxy( 4365): >> [call end][2560][8ms][pid=3706][proc=insight.tr069.client]:
11-29 14:09:33.539 V/cps-PvrControlProxy( 4365): getDevicePath (
11-29 14:09:33.539 V/cps-PvrControlProxy( 4365):  
11-29 14:09:33.539 V/cps-PvrControlProxy( 4365): )
11-29 14:09:33.539 V/cps-PvrControlProxy( 4365): result=/storage/emulated
11-29 14:09:33.539 V/cps-PvrControlProxy( 4365): --------------------------------------------------------------------------------
11-29 14:09:33.548 V/cps-QoSControlProxy( 4365): --------------------------------------------------------------------------------
11-29 14:09:33.548 V/cps-QoSControlProxy( 4365): <<< [call begin][2561][pid=3706][proc=insight.tr069.client]:
11-29 14:09:33.548 V/cps-QoSControlProxy( 4365): getTotalDVBTServices (
11-29 14:09:33.548 V/cps-QoSControlProxy( 4365):  
11-29 14:09:33.548 V/cps-QoSControlProxy( 4365): )
11-29 14:09:33.548 V/cps-QoSControlProxy( 4365): --------------------------------------------------------------------------------
11-29 14:09:33.548 D/ITvService( 2656): [NATIVE]: Mutex Locked
11-29 14:09:33.548 D/ITvService( 2656): BnTvService::onTransact(): code not found, entering default case
11-29 14:09:33.548 D/ITvService( 2656): [NATIVE]: Mutex Unlocked
11-29 14:09:33.553 V/cps-QoSControlProxy( 4365): --------------------------------------------------------------------------------
11-29 14:09:33.553 V/cps-QoSControlProxy( 4365): >> [call end][2561][9ms][pid=3706][proc=insight.tr069.client]:
11-29 14:09:33.553 V/cps-QoSControlProxy( 4365): getTotalDVBTServices (
11-29 14:09:33.553 V/cps-QoSControlProxy( 4365):  
11-29 14:09:33.553 V/cps-QoSControlProxy( 4365): )
11-29 14:09:33.553 V/cps-QoSControlProxy( 4365): result=0
11-29 14:09:33.553 V/cps-QoSControlProxy( 4365): --------------------------------------------------------------------------------
11-29 14:09:33.844 D/iWediaTvInput_TvSession( 6378): [onTimeShiftGetStartPosition]
11-29 14:09:33.844 D/iWediaTvInput_TvSession( 6378): [onTimeShiftGetStartPosition][time=0]
11-29 14:09:33.844 D/iWediaTvInput_TvSession( 6378): [onTimeShiftGetCurrentPosition]
11-29 14:09:33.844 D/iWediaTvInput_TvSession( 6378): [onTimeShiftGetCurrentPosition][time=0]
11-29 14:09:33.940 V/cps-PvrControlProxy( 4365): --------------------------------------------------------------------------------
11-29 14:09:33.940 V/cps-PvrControlProxy( 4365): <<< [call begin][2562][pid=3706][proc=insight.tr069.client]:
11-29 14:09:33.940 V/cps-PvrControlProxy( 4365): getDevicePath (
11-29 14:09:33.940 V/cps-PvrControlProxy( 4365):  
11-29 14:09:33.940 V/cps-PvrControlProxy( 4365): )
11-29 14:09:33.940 V/cps-PvrControlProxy( 4365): --------------------------------------------------------------------------------
11-29 14:09:33.940 E/PvrControl( 4365): getDevicePath()
11-29 14:09:33.941 D/ITvService( 2656): [NATIVE]: Mutex Locked
11-29 14:09:33.941 D/ITvService( 2656): [NATIVE] pvrSetMediaPath
11-29 14:09:33.941 D/TvService( 2656): TvService::MAL_PVR_GetDevicePath()
11-29 14:09:33.941 D/TvService( 2656): TvService::MAL_PVR_GetDevicePath() result = 0
11-29 14:09:33.941 D/ITvService( 2656): [NATIVE] pvrSetMediaPath return!
11-29 14:09:33.941 D/ITvService( 2656): [NATIVE]: Mutex Unlocked
11-29 14:09:33.947 V/cps-PvrControlProxy( 4365): --------------------------------------------------------------------------------
11-29 14:09:33.947 V/cps-PvrControlProxy( 4365): >> [call end][2562][4ms][pid=3706][proc=insight.tr069.client]:
11-29 14:09:33.947 V/cps-PvrControlProxy( 4365): getDevicePath (
11-29 14:09:33.947 V/cps-PvrControlProxy( 4365):  
11-29 14:09:33.947 V/cps-PvrControlProxy( 4365): )
11-29 14:09:33.947 V/cps-PvrControlProxy( 4365): result=/storage/emulated
11-29 14:09:33.947 V/cps-PvrControlProxy( 4365): --------------------------------------------------------------------------------
11-29 14:09:33.957 V/cps-MountControlProxy( 4365): --------------------------------------------------------------------------------
11-29 14:09:33.957 V/cps-MountControlProxy( 4365): <<< [call begin][2563][pid=3706][proc=insight.tr069.client]:
11-29 14:09:33.957 V/cps-MountControlProxy( 4365): getNumberOfMountedStorageDevices (
11-29 14:09:33.957 V/cps-MountControlProxy( 4365):  
11-29 14:09:33.957 V/cps-MountControlProxy( 4365): )
11-29 14:09:33.957 V/cps-MountControlProxy( 4365): --------------------------------------------------------------------------------
11-29 14:09:33.965 V/cps-MountControlProxy( 4365): --------------------------------------------------------------------------------
11-29 14:09:33.965 V/cps-MountControlProxy( 4365): >> [call end][2563][9ms][pid=3706][proc=insight.tr069.client]:
11-29 14:09:33.965 V/cps-MountControlProxy( 4365): getNumberOfMountedStorageDevices (
11-29 14:09:33.965 V/cps-MountControlProxy( 4365):  
11-29 14:09:33.965 V/cps-MountControlProxy( 4365): )
11-29 14:09:33.965 V/cps-MountControlProxy( 4365): result=0
11-29 14:09:33.965 V/cps-MountControlProxy( 4365): --------------------------------------------------------------------------------
11-29 14:09:34.256 D/HLSFetch( 2656): [download_thread_fn:2524][Download list is empty...]
11-29 14:09:34.256 D/HLSFetch( 2656): [download_thread_fn:2788][download_thread_fn sleeping time   999954 us]
11-29 14:09:34.558 V/cps-QoSControlProxy( 4365): --------------------------------------------------------------------------------
11-29 14:09:34.558 V/cps-QoSControlProxy( 4365): <<< [call begin][2564][pid=3706][proc=insight.tr069.client]:
11-29 14:09:34.558 V/cps-QoSControlProxy( 4365): getTotalDVBTServices (
11-29 14:09:34.558 V/cps-QoSControlProxy( 4365):  
11-29 14:09:34.558 V/cps-QoSControlProxy( 4365): )
11-29 14:09:34.558 V/cps-QoSControlProxy( 4365): --------------------------------------------------------------------------------
11-29 14:09:34.558 D/ITvService( 2656): [NATIVE]: Mutex Locked
11-29 14:09:34.558 D/ITvService( 2656): BnTvService::onTransact(): code not found, entering default case
11-29 14:09:34.558 D/ITvService( 2656): [NATIVE]: Mutex Unlocked
11-29 14:09:34.567 V/cps-QoSControlProxy( 4365): --------------------------------------------------------------------------------
11-29 14:09:34.567 V/cps-QoSControlProxy( 4365): >> [call end][2564][3ms][pid=3706][proc=insight.tr069.client]:
11-29 14:09:34.567 V/cps-QoSControlProxy( 4365): getTotalDVBTServices (
11-29 14:09:34.567 V/cps-QoSControlProxy( 4365):  
11-29 14:09:34.567 V/cps-QoSControlProxy( 4365): )
11-29 14:09:34.567 V/cps-QoSControlProxy( 4365): result=0
11-29 14:09:34.567 V/cps-QoSControlProxy( 4365): --------------------------------------------------------------------------------
11-29 14:09:34.845 D/iWediaTvInput_TvSession( 6378): [onTimeShiftGetStartPosition]
11-29 14:09:34.845 D/iWediaTvInput_TvSession( 6378): [onTimeShiftGetStartPosition][time=0]
11-29 14:09:34.845 D/iWediaTvInput_TvSession( 6378): [onTimeShiftGetCurrentPosition]
11-29 14:09:34.845 D/iWediaTvInput_TvSession( 6378): [onTimeShiftGetCurrentPosition][time=0]
11-29 14:09:35.256 D/HLSFetch( 2656): [download_thread_fn:2524][Download list is empty...]
11-29 14:09:35.256 D/HLSFetch( 2656): [download_thread_fn:2788][download_thread_fn sleeping time   999958 us]
11-29 14:09:35.273 D/HLSFetch( 2656): [download_playlist:920][function enter]
11-29 14:09:35.384 D/HLSFetch( 2656): [write_playlist_cb:896][function enter]
11-29 14:09:35.384 D/HLSFetch( 2656): [download_playlist:966][200; URL: http://abrademos.abertistelecom.com/Content/HLS/Live/Channel(abrademo23)/Stream(01)/index.m3u8]
11-29 14:09:35.384 D/HLSFetch( 2656): [is_media_playlist:1520][function enter]
11-29 14:09:35.384 D/HLSFetch( 2656): [parse_media_m3u8_list:1830][function enter]
11-29 14:09:35.384 D/HLSFetch( 2656): [is_media_playlist:1520][function enter]
11-29 14:09:35.384 D/HLSFetch( 2656): [playlist_thread_fn:2442][playlist_thread_fn sleeping time  3888323 us]
11-29 14:09:35.571 V/cps-QoSControlProxy( 4365): --------------------------------------------------------------------------------
11-29 14:09:35.571 V/cps-QoSControlProxy( 4365): <<< [call begin][2565][pid=3706][proc=insight.tr069.client]:
11-29 14:09:35.571 V/cps-QoSControlProxy( 4365): getTotalDVBTServices (
11-29 14:09:35.571 V/cps-QoSControlProxy( 4365):  
11-29 14:09:35.571 V/cps-QoSControlProxy( 4365): )
11-29 14:09:35.571 V/cps-QoSControlProxy( 4365): --------------------------------------------------------------------------------
11-29 14:09:35.572 D/ITvService( 2656): [NATIVE]: Mutex Locked
11-29 14:09:35.572 D/ITvService( 2656): BnTvService::onTransact(): code not found, entering default case
11-29 14:09:35.572 D/ITvService( 2656): [NATIVE]: Mutex Unlocked
11-29 14:09:35.576 V/cps-QoSControlProxy( 4365): --------------------------------------------------------------------------------
11-29 14:09:35.576 V/cps-QoSControlProxy( 4365): >> [call end][2565][4ms][pid=3706][proc=insight.tr069.client]:
11-29 14:09:35.576 V/cps-QoSControlProxy( 4365): getTotalDVBTServices (
11-29 14:09:35.576 V/cps-QoSControlProxy( 4365):  
11-29 14:09:35.576 V/cps-QoSControlProxy( 4365): )
11-29 14:09:35.576 V/cps-QoSControlProxy( 4365): result=0
11-29 14:09:35.576 V/cps-QoSControlProxy( 4365): --------------------------------------------------------------------------------
11-29 14:09:35.652 I/chromium( 3883): [3883:6003:INFO:mdns_app_filter.cc(1994)] MdnsAppFilter: responses sent in 59 seconds: 3
11-29 14:09:35.846 D/iWediaTvInput_TvSession( 6378): [onTimeShiftGetStartPosition]
11-29 14:09:35.846 D/iWediaTvInput_TvSession( 6378): [onTimeShiftGetStartPosition][time=0]
11-29 14:09:35.846 D/iWediaTvInput_TvSession( 6378): [onTimeShiftGetCurrentPosition]
11-29 14:09:35.846 D/iWediaTvInput_TvSession( 6378): [onTimeShiftGetCurrentPosition][time=0]
11-29 14:09:36.256 D/HLSFetch( 2656): [download_thread_fn:2524][Download list is empty...]
11-29 14:09:36.256 D/HLSFetch( 2656): [download_thread_fn:2788][download_thread_fn sleeping time   999956 us]
11-29 14:09:36.583 V/cps-QoSControlProxy( 4365): --------------------------------------------------------------------------------
11-29 14:09:36.583 V/cps-QoSControlProxy( 4365): <<< [call begin][2566][pid=3706][proc=insight.tr069.client]:
11-29 14:09:36.583 V/cps-QoSControlProxy( 4365): getTotalDVBTServices (
11-29 14:09:36.583 V/cps-QoSControlProxy( 4365):  
11-29 14:09:36.583 V/cps-QoSControlProxy( 4365): )
11-29 14:09:36.583 V/cps-QoSControlProxy( 4365): --------------------------------------------------------------------------------
11-29 14:09:36.584 D/ITvService( 2656): [NATIVE]: Mutex Locked
11-29 14:09:36.584 D/ITvService( 2656): BnTvService::onTransact(): code not found, entering default case
11-29 14:09:36.584 D/ITvService( 2656): [NATIVE]: Mutex Unlocked
11-29 14:09:36.591 V/cps-QoSControlProxy( 4365): --------------------------------------------------------------------------------
11-29 14:09:36.591 V/cps-QoSControlProxy( 4365): >> [call end][2566][7ms][pid=3706][proc=insight.tr069.client]:
11-29 14:09:36.591 V/cps-QoSControlProxy( 4365): getTotalDVBTServices (
11-29 14:09:36.591 V/cps-QoSControlProxy( 4365):  
11-29 14:09:36.591 V/cps-QoSControlProxy( 4365): )
11-29 14:09:36.591 V/cps-QoSControlProxy( 4365): result=0
11-29 14:09:36.591 V/cps-QoSControlProxy( 4365): --------------------------------------------------------------------------------
11-29 14:09:36.847 D/iWediaTvInput_TvSession( 6378): [onTimeShiftGetStartPosition]
11-29 14:09:36.847 D/iWediaTvInput_TvSession( 6378): [onTimeShiftGetStartPosition][time=0]
11-29 14:09:36.847 D/iWediaTvInput_TvSession( 6378): [onTimeShiftGetCurrentPosition]
11-29 14:09:36.847 D/iWediaTvInput_TvSession( 6378): [onTimeShiftGetCurrentPosition][time=0]
11-29 14:09:37.256 D/HLSFetch( 2656): [download_thread_fn:2524][Download list is empty...]
11-29 14:09:37.256 D/HLSFetch( 2656): [download_thread_fn:2788][download_thread_fn sleeping time   999957 us]
11-29 14:09:37.600 V/cps-QoSControlProxy( 4365): --------------------------------------------------------------------------------
11-29 14:09:37.600 V/cps-QoSControlProxy( 4365): <<< [call begin][2567][pid=3706][proc=insight.tr069.client]:
11-29 14:09:37.600 V/cps-QoSControlProxy( 4365): getTotalDVBTServices (
11-29 14:09:37.600 V/cps-QoSControlProxy( 4365):  
11-29 14:09:37.600 V/cps-QoSControlProxy( 4365): )
11-29 14:09:37.600 V/cps-QoSControlProxy( 4365): --------------------------------------------------------------------------------
11-29 14:09:37.600 D/ITvService( 2656): [NATIVE]: Mutex Locked
11-29 14:09:37.600 D/ITvService( 2656): BnTvService::onTransact(): code not found, entering default case
11-29 14:09:37.600 D/ITvService( 2656): [NATIVE]: Mutex Unlocked
11-29 14:09:37.605 V/cps-QoSControlProxy( 4365): --------------------------------------------------------------------------------
11-29 14:09:37.605 V/cps-QoSControlProxy( 4365): >> [call end][2567][6ms][pid=3706][proc=insight.tr069.client]:
11-29 14:09:37.605 V/cps-QoSControlProxy( 4365): getTotalDVBTServices (
11-29 14:09:37.605 V/cps-QoSControlProxy( 4365):  
11-29 14:09:37.605 V/cps-QoSControlProxy( 4365): )
11-29 14:09:37.605 V/cps-QoSControlProxy( 4365): result=0
11-29 14:09:37.605 V/cps-QoSControlProxy( 4365): --------------------------------------------------------------------------------
11-29 14:09:37.848 D/iWediaTvInput_TvSession( 6378): [onTimeShiftGetStartPosition]
11-29 14:09:37.848 D/iWediaTvInput_TvSession( 6378): [onTimeShiftGetStartPosition][time=0]
11-29 14:09:37.848 D/iWediaTvInput_TvSession( 6378): [onTimeShiftGetCurrentPosition]
11-29 14:09:37.848 D/iWediaTvInput_TvSession( 6378): [onTimeShiftGetCurrentPosition][time=0]
11-29 14:09:38.256 D/HLSFetch( 2656): [download_thread_fn:2524][Download list is empty...]
11-29 14:09:38.256 D/HLSFetch( 2656): [download_thread_fn:2788][download_thread_fn sleeping time   999954 us]
11-29 14:09:38.609 V/cps-QoSControlProxy( 4365): --------------------------------------------------------------------------------
11-29 14:09:38.609 V/cps-QoSControlProxy( 4365): <<< [call begin][2568][pid=3706][proc=insight.tr069.client]:
11-29 14:09:38.609 V/cps-QoSControlProxy( 4365): getTotalDVBTServices (
11-29 14:09:38.609 V/cps-QoSControlProxy( 4365):  
11-29 14:09:38.609 V/cps-QoSControlProxy( 4365): )
11-29 14:09:38.609 V/cps-QoSControlProxy( 4365): --------------------------------------------------------------------------------
11-29 14:09:38.610 D/ITvService( 2656): [NATIVE]: Mutex Locked
11-29 14:09:38.610 D/ITvService( 2656): BnTvService::onTransact(): code not found, entering default case
11-29 14:09:38.610 D/ITvService( 2656): [NATIVE]: Mutex Unlocked
11-29 14:09:38.617 V/cps-QoSControlProxy( 4365): --------------------------------------------------------------------------------
11-29 14:09:38.617 V/cps-QoSControlProxy( 4365): >> [call end][2568][4ms][pid=3706][proc=insight.tr069.client]:
11-29 14:09:38.617 V/cps-QoSControlProxy( 4365): getTotalDVBTServices (
11-29 14:09:38.617 V/cps-QoSControlProxy( 4365):  
