11-29 14:10:48.110 V/cps-QoSControlProxy( 4365): --------------------------------------------------------------------------------
11-29 14:10:48.110 V/cps-QoSControlProxy( 4365): <<< [call begin][2720][pid=3706][proc=insight.tr069.client]:
11-29 14:10:48.110 V/cps-QoSControlProxy( 4365): getTotalDVBTServices (
11-29 14:10:48.110 V/cps-QoSControlProxy( 4365):  
11-29 14:10:48.110 V/cps-QoSControlProxy( 4365): )
11-29 14:10:48.110 V/cps-QoSControlProxy( 4365): --------------------------------------------------------------------------------
11-29 14:10:48.110 D/ITvService( 2656): [NATIVE]: Mutex Locked
11-29 14:10:48.110 D/ITvService( 2656): BnTvService::onTransact(): code not found, entering default case
11-29 14:10:48.110 D/ITvService( 2656): [NATIVE]: Mutex Unlocked
11-29 14:10:48.118 V/cps-QoSControlProxy( 4365): --------------------------------------------------------------------------------
11-29 14:10:48.118 V/cps-QoSControlProxy( 4365): >> [call end][2720][4ms][pid=3706][proc=insight.tr069.client]:
11-29 14:10:48.118 V/cps-QoSControlProxy( 4365): getTotalDVBTServices (
11-29 14:10:48.118 V/cps-QoSControlProxy( 4365):  
11-29 14:10:48.118 V/cps-QoSControlProxy( 4365): )
11-29 14:10:48.118 V/cps-QoSControlProxy( 4365): result=0
11-29 14:10:48.118 V/cps-QoSControlProxy( 4365): --------------------------------------------------------------------------------
11-29 14:10:48.678 D/HLSFetch( 2656): [download_playlist:920][function enter]
11-29 14:10:48.795 D/HLSFetch( 2656): [write_playlist_cb:896][function enter]
11-29 14:10:48.795 D/HLSFetch( 2656): [download_playlist:966][200; URL: http://abrademos.abertistelecom.com/Content/HLS/Live/Channel(abrademo23)/Stream(01)/index.m3u8]
11-29 14:10:48.795 D/HLSFetch( 2656): [is_media_playlist:1520][function enter]
11-29 14:10:48.795 D/HLSFetch( 2656): [parse_media_m3u8_list:1830][function enter]
11-29 14:10:48.795 D/HLSFetch( 2656): [is_media_playlist:1520][function enter]
11-29 14:10:48.795 D/HLSFetch( 2656): [playlist_thread_fn:2442][playlist_thread_fn sleeping time  7882796 us]
11-29 14:10:48.832 D/HLSFetch( 2656): [download_segment:1415][function enter]
11-29 14:10:48.832 D/HLSFetch( 2656): [download_segment:1443][SEGMENT URL http://abrademos.abertistelecom.com/Content/HLS/Live/Channel(abrademo23)/Stream(01)/Segment(14804250070000000)/segment.ts]
11-29 14:10:49.008 D/HLSFetch( 2656): [write_segment_cb:1226][write_segment_cb - new_segment->start_pts 315355565, new_segment->end_pts 316255565 ]
11-29 14:10:49.008 D/HLSFetch( 2656): [write_segment_cb:1244][new_segment->base_position 0 ]
11-29 14:10:49.021 D/iWediaTvInput_TvSession( 6378): [onTimeShiftGetStartPosition]
11-29 14:10:49.021 D/iWediaTvInput_TvSession( 6378): [onTimeShiftGetStartPosition][time=0]
11-29 14:10:49.021 D/iWediaTvInput_TvSession( 6378): [onTimeShiftGetCurrentPosition]
11-29 14:10:49.021 D/iWediaTvInput_TvSession( 6378): [onTimeShiftGetCurrentPosition][time=0]
11-29 14:10:49.024 I/chromium( 3883): [3883:6033:INFO:ssdp_device.c(101)] SSDP packets sent for 30 seconds = 19
11-29 14:10:49.129 V/cps-QoSControlProxy( 4365): --------------------------------------------------------------------------------
11-29 14:10:49.129 V/cps-QoSControlProxy( 4365): <<< [call begin][2721][pid=3706][proc=insight.tr069.client]:
11-29 14:10:49.129 V/cps-QoSControlProxy( 4365): getTotalDVBTServices (
11-29 14:10:49.129 V/cps-QoSControlProxy( 4365):  
11-29 14:10:49.129 V/cps-QoSControlProxy( 4365): )
11-29 14:10:49.129 V/cps-QoSControlProxy( 4365): --------------------------------------------------------------------------------
11-29 14:10:49.129 D/ITvService( 2656): [NATIVE]: Mutex Locked
11-29 14:10:49.129 D/ITvService( 2656): BnTvService::onTransact(): code not found, entering default case
11-29 14:10:49.129 D/ITvService( 2656): [NATIVE]: Mutex Unlocked
11-29 14:10:49.136 V/cps-QoSControlProxy( 4365): --------------------------------------------------------------------------------
11-29 14:10:49.136 V/cps-QoSControlProxy( 4365): >> [call end][2721][10ms][pid=3706][proc=insight.tr069.client]:
11-29 14:10:49.136 V/cps-QoSControlProxy( 4365): getTotalDVBTServices (
11-29 14:10:49.136 V/cps-QoSControlProxy( 4365):  
11-29 14:10:49.136 V/cps-QoSControlProxy( 4365): )
11-29 14:10:49.136 V/cps-QoSControlProxy( 4365): result=0
11-29 14:10:49.136 V/cps-QoSControlProxy( 4365): --------------------------------------------------------------------------------
11-29 14:10:49.246 D/HLSFetch( 2656): [[1;32;40mhlsfetch_read:3191[0;38;40m][New segment detected: 13653979]
11-29 14:10:49.459 E/chromium( 3883): [3883:6005:ERROR:client_auth_signer.cc(191)] Cast certificate is not valid.
11-29 14:10:49.459 W/chromium( 3883): [3883:6008:WARNING:client_auth_signer.cc(112)] No private key, hence empty signature.
11-29 14:10:49.538 V/TimeManager( 4365): [thread][ANDROID_TIME]
11-29 14:10:49.552 V/cps-SetupControlProxy( 4365): --------------------------------------------------------------------------------
11-29 14:10:49.552 V/cps-SetupControlProxy( 4365): <<< [call begin][2722][pid=4365][proc=com.iwedia.debug.comedia.service]:
11-29 14:10:49.552 V/cps-SetupControlProxy( 4365): getTimeDateMode (
11-29 14:10:49.552 V/cps-SetupControlProxy( 4365): 	routeId=-1485848576 
11-29 14:10:49.552 V/cps-SetupControlProxy( 4365): )
11-29 14:10:49.552 V/cps-SetupControlProxy( 4365): --------------------------------------------------------------------------------
11-29 14:10:49.553 D/ITvService( 2656): [NATIVE]: Mutex Locked
11-29 14:10:49.553 D/ITvService( 2656): [NATIVE]: userSettingsGetTimeDateMode
11-29 14:10:49.553 D/TvService( 2656): TvService::userSettingsGetTimeDateMode: routeID = -1485848576
11-29 14:10:49.553 D/TvService( 2656): TvService::userSettingsGetTimeDateMode
11-29 14:10:49.553 D/ITvService( 2656): [NATIVE]: userSettingsGetTimeDateMode res: 2
11-29 14:10:49.553 D/ITvService( 2656): [NATIVE]: Mutex Unlocked
11-29 14:10:49.557 V/cps-SetupControlProxy( 4365): --------------------------------------------------------------------------------
11-29 14:10:49.557 V/cps-SetupControlProxy( 4365): >> [call end][2722][15ms][pid=4365][proc=com.iwedia.debug.comedia.service]:
11-29 14:10:49.557 V/cps-SetupControlProxy( 4365): getTimeDateMode (
11-29 14:10:49.557 V/cps-SetupControlProxy( 4365): 	routeId=-1485848576 
11-29 14:10:49.557 V/cps-SetupControlProxy( 4365): )
11-29 14:10:49.557 V/cps-SetupControlProxy( 4365): result=MANUAL
11-29 14:10:49.557 V/cps-SetupControlProxy( 4365): --------------------------------------------------------------------------------
11-29 14:10:49.760 I/chromium( 3883): [3883:6006:INFO:wifi_proximity.cc(165)] Request scan.
11-29 14:10:50.039 D/iWediaTvInput_TvSession( 6378): [onTimeShiftGetStartPosition]
11-29 14:10:50.039 D/iWediaTvInput_TvSession( 6378): [onTimeShiftGetStartPosition][time=0]
11-29 14:10:50.039 D/iWediaTvInput_TvSession( 6378): [onTimeShiftGetCurrentPosition]
11-29 14:10:50.039 D/iWediaTvInput_TvSession( 6378): [onTimeShiftGetCurrentPosition][time=0]
11-29 14:10:50.150 V/cps-QoSControlProxy( 4365): --------------------------------------------------------------------------------
11-29 14:10:50.150 V/cps-QoSControlProxy( 4365): <<< [call begin][2723][pid=3706][proc=insight.tr069.client]:
11-29 14:10:50.150 V/cps-QoSControlProxy( 4365): getTotalDVBTServices (
11-29 14:10:50.150 V/cps-QoSControlProxy( 4365):  
11-29 14:10:50.150 V/cps-QoSControlProxy( 4365): )
11-29 14:10:50.150 V/cps-QoSControlProxy( 4365): --------------------------------------------------------------------------------
11-29 14:10:50.150 D/ITvService( 2656): [NATIVE]: Mutex Locked
11-29 14:10:50.150 D/ITvService( 2656): BnTvService::onTransact(): code not found, entering default case
11-29 14:10:50.150 D/ITvService( 2656): [NATIVE]: Mutex Unlocked
11-29 14:10:50.155 V/cps-QoSControlProxy( 4365): --------------------------------------------------------------------------------
11-29 14:10:50.155 V/cps-QoSControlProxy( 4365): >> [call end][2723][12ms][pid=3706][proc=insight.tr069.client]:
11-29 14:10:50.155 V/cps-QoSControlProxy( 4365): getTotalDVBTServices (
11-29 14:10:50.155 V/cps-QoSControlProxy( 4365):  
11-29 14:10:50.155 V/cps-QoSControlProxy( 4365): )
11-29 14:10:50.155 V/cps-QoSControlProxy( 4365): result=0
11-29 14:10:50.155 V/cps-QoSControlProxy( 4365): --------------------------------------------------------------------------------
11-29 14:10:50.609 V/cps-PvrControlProxy( 4365): --------------------------------------------------------------------------------
11-29 14:10:50.609 V/cps-PvrControlProxy( 4365): <<< [call begin][2724][pid=3706][proc=insight.tr069.client]:
11-29 14:10:50.609 V/cps-PvrControlProxy( 4365): getDevicePath (
11-29 14:10:50.609 V/cps-PvrControlProxy( 4365):  
11-29 14:10:50.609 V/cps-PvrControlProxy( 4365): )
11-29 14:10:50.609 V/cps-PvrControlProxy( 4365): --------------------------------------------------------------------------------
11-29 14:10:50.609 E/PvrControl( 4365): getDevicePath()
11-29 14:10:50.619 D/ITvService( 2656): [NATIVE]: Mutex Locked
11-29 14:10:50.619 D/ITvService( 2656): [NATIVE] pvrSetMediaPath
11-29 14:10:50.619 D/TvService( 2656): TvService::MAL_PVR_GetDevicePath()
11-29 14:10:50.619 D/TvService( 2656): TvService::MAL_PVR_GetDevicePath() result = 0
11-29 14:10:50.619 D/ITvService( 2656): [NATIVE] pvrSetMediaPath return!
11-29 14:10:50.619 D/ITvService( 2656): [NATIVE]: Mutex Unlocked
11-29 14:10:50.625 V/cps-PvrControlProxy( 4365): --------------------------------------------------------------------------------
11-29 14:10:50.625 V/cps-PvrControlProxy( 4365): >> [call end][2724][16ms][pid=3706][proc=insight.tr069.client]:
11-29 14:10:50.625 V/cps-PvrControlProxy( 4365): getDevicePath (
11-29 14:10:50.625 V/cps-PvrControlProxy( 4365):  
11-29 14:10:50.625 V/cps-PvrControlProxy( 4365): )
11-29 14:10:50.625 V/cps-PvrControlProxy( 4365): result=/storage/emulated
11-29 14:10:50.625 V/cps-PvrControlProxy( 4365): --------------------------------------------------------------------------------
11-29 14:10:50.632 V/cps-MountControlProxy( 4365): --------------------------------------------------------------------------------
11-29 14:10:50.632 V/cps-MountControlProxy( 4365): <<< [call begin][2725][pid=3706][proc=insight.tr069.client]:
11-29 14:10:50.632 V/cps-MountControlProxy( 4365): getNumberOfMountedStorageDevices (
11-29 14:10:50.632 V/cps-MountControlProxy( 4365):  
11-29 14:10:50.632 V/cps-MountControlProxy( 4365): )
11-29 14:10:50.632 V/cps-MountControlProxy( 4365): --------------------------------------------------------------------------------
11-29 14:10:50.639 V/cps-MountControlProxy( 4365): --------------------------------------------------------------------------------
11-29 14:10:50.639 V/cps-MountControlProxy( 4365): >> [call end][2725][6ms][pid=3706][proc=insight.tr069.client]:
11-29 14:10:50.639 V/cps-MountControlProxy( 4365): getNumberOfMountedStorageDevices (
11-29 14:10:50.639 V/cps-MountControlProxy( 4365):  
11-29 14:10:50.639 V/cps-MountControlProxy( 4365): )
11-29 14:10:50.639 V/cps-MountControlProxy( 4365): result=0
11-29 14:10:50.639 V/cps-MountControlProxy( 4365): --------------------------------------------------------------------------------
11-29 14:10:50.856 D/NexusCecService( 2376): virtual android::status_t NexusService::CecServiceManager::CecTxMessageHandler::outputCecMessage(const android::sp<android::AMessage>&): Outputting CEC0 message: src addr=0x04 dest addr=0x00 opcode=0x8F length=1 params='' [thread 2649]
11-29 14:10:50.922 D/NexusCecService( 2376): static void NexusService::CecServiceManager::msgTransmitted_callback(void*, int): CEC0 Msg Xmit Status for Physical/Logical Addrs: 1.0.0.0/4 [ACK=No, Pending=No]
11-29 14:10:50.922 W/NexusCecService( 2376): virtual android::status_t NexusService::CecServiceManager::CecTxMessageHandler::outputCecMessage(const android::sp<android::AMessage>&): Sent CEC0 message: opcode=0x8F, but no ACK received!
11-29 14:10:50.922 E/NexusService( 2376): virtual bool NexusService::sendCecMessage(unsigned int, uint8_t, uint8_t, size_t, uint8_t*, uint8_t): Could not send CEC0 message opcode: 0x8F!
11-29 14:10:50.940 E/Brcmstb-HDMI-CEC( 2983): android::status_t NexusHdmiCecDevice::sendCecMessage(const cec_message_t*, uint8_t): cannot send CEC message!!!
11-29 14:10:50.940 E/Brcmstb-HDMI-CEC( 2983): int hdmi_cec_send_message(const hdmi_cec_device*, const cec_message_t*): Could not send CEC message!!!
11-29 14:10:50.940 D/NexusCecService( 2376): virtual android::status_t NexusService::CecServiceManager::CecTxMessageHandler::outputCecMessage(const android::sp<android::AMessage>&): Outputting CEC0 message: src addr=0x04 dest addr=0x00 opcode=0x8F length=1 params='' [thread 2649]
11-29 14:10:51.005 D/NexusCecService( 2376): static void NexusService::CecServiceManager::msgTransmitted_callback(void*, int): CEC0 Msg Xmit Status for Physical/Logical Addrs: 1.0.0.0/4 [ACK=No, Pending=No]
11-29 14:10:51.006 W/NexusCecService( 2376): virtual android::status_t NexusService::CecServiceManager::CecTxMessageHandler::outputCecMessage(const android::sp<android::AMessage>&): Sent CEC0 message: opcode=0x8F, but no ACK received!
11-29 14:10:51.006 E/NexusService( 2376): virtual bool NexusService::sendCecMessage(unsigned int, uint8_t, uint8_t, size_t, uint8_t*, uint8_t): Could not send CEC0 message opcode: 0x8F!
11-29 14:10:51.006 E/Brcmstb-HDMI-CEC( 2983): android::status_t NexusHdmiCecDevice::sendCecMessage(const cec_message_t*, uint8_t): cannot send CEC message!!!
11-29 14:10:51.006 E/Brcmstb-HDMI-CEC( 2983): int hdmi_cec_send_message(const hdmi_cec_device*, const cec_message_t*): Could not send CEC message!!!
11-29 14:10:51.007 W/HdmiCecController( 2983): Failed to send <Give Device Power Status> src: 4, dst: 0
11-29 14:10:51.041 D/iWediaTvInput_TvSession( 6378): [onTimeShiftGetStartPosition]
11-29 14:10:51.041 D/iWediaTvInput_TvSession( 6378): [onTimeShiftGetStartPosition][time=0]
11-29 14:10:51.041 D/iWediaTvInput_TvSession( 6378): [onTimeShiftGetCurrentPosition]
11-29 14:10:51.041 D/iWediaTvInput_TvSession( 6378): [onTimeShiftGetCurrentPosition][time=0]
11-29 14:10:51.179 V/cps-QoSControlProxy( 4365): --------------------------------------------------------------------------------
11-29 14:10:51.179 V/cps-QoSControlProxy( 4365): <<< [call begin][2726][pid=3706][proc=insight.tr069.client]:
11-29 14:10:51.179 V/cps-QoSControlProxy( 4365): getTotalDVBTServices (
11-29 14:10:51.179 V/cps-QoSControlProxy( 4365):  
11-29 14:10:51.179 V/cps-QoSControlProxy( 4365): )
11-29 14:10:51.179 V/cps-QoSControlProxy( 4365): --------------------------------------------------------------------------------
11-29 14:10:51.179 D/ITvService( 2656): [NATIVE]: Mutex Locked
11-29 14:10:51.179 D/ITvService( 2656): BnTvService::onTransact(): code not found, entering default case
11-29 14:10:51.179 D/ITvService( 2656): [NATIVE]: Mutex Unlocked
11-29 14:10:51.188 V/cps-QoSControlProxy( 4365): --------------------------------------------------------------------------------
11-29 14:10:51.188 V/cps-QoSControlProxy( 4365): >> [call end][2726][22ms][pid=3706][proc=insight.tr069.client]:
11-29 14:10:51.188 V/cps-QoSControlProxy( 4365): getTotalDVBTServices (
11-29 14:10:51.188 V/cps-QoSControlProxy( 4365):  
11-29 14:10:51.188 V/cps-QoSControlProxy( 4365): )
11-29 14:10:51.188 V/cps-QoSControlProxy( 4365): result=0
11-29 14:10:51.188 V/cps-QoSControlProxy( 4365): --------------------------------------------------------------------------------
11-29 14:10:51.491 I/chromium( 3883): [3883:3883:INFO:metrics_util.cc(107)] Metrics stat: total=11
11-29 14:10:51.491 I/chromium( 3883): Cast.Discovery.Mdns.Request.In=15
11-29 14:10:51.491 I/chromium( 3883): Cast.Discovery.Mdns.Response.Out=15
11-29 14:10:51.491 I/chromium( 3883): CastV2.Authenticate.Challenge.In=9
11-29 14:10:51.491 I/chromium( 3883): CastV2.Authenticate.Response.Out=9
11-29 14:10:51.491 I/chromium( 3883): CastV2.Transport.Accept=9
11-29 14:10:51.491 I/chromium( 3883): CastV2.Transport.Close=9
11-29 14:10:51.491 I/chromium( 3883): CastV2.Transport.TcpAccept=9
11-29 14:10:51.491 I/chromium( 3883): Dial.SsdpDeviceDesc.Linux=2
11-29 14:10:51.491 I/chromium( 3883): Dial.SsdpDeviceDesc.Linux.200=2
11-29 14:10:51.491 I/chromium( 3883): Dial.SsdpDeviceDesc.Windows=5
11-29 14:10:51.491 I/chromium( 3883): Dial.SsdpDeviceDesc.Windows.200=5
11-29 14:10:52.008 D/HLSFetch( 2656): [progress_callback:1330][[intermediate measurement] Speed: 12930788 ]
11-29 14:10:52.042 D/iWediaTvInput_TvSession( 6378): [onTimeShiftGetStartPosition]
11-29 14:10:52.042 D/iWediaTvInput_TvSession( 6378): [onTimeShiftGetStartPosition][time=0]
11-29 14:10:52.042 D/iWediaTvInput_TvSession( 6378): [onTimeShiftGetCurrentPosition]
11-29 14:10:52.042 D/iWediaTvInput_TvSession( 6378): [onTimeShiftGetCurrentPosition][time=0]
11-29 14:10:52.261 V/cps-QoSControlProxy( 4365): --------------------------------------------------------------------------------
11-29 14:10:52.261 V/cps-QoSControlProxy( 4365): <<< [call begin][2727][pid=3706][proc=insight.tr069.client]:
11-29 14:10:52.261 V/cps-QoSControlProxy( 4365): getTotalDVBTServices (
11-29 14:10:52.261 V/cps-QoSControlProxy( 4365):  
11-29 14:10:52.261 V/cps-QoSControlProxy( 4365): )
11-29 14:10:52.261 V/cps-QoSControlProxy( 4365): --------------------------------------------------------------------------------
11-29 14:10:52.261 D/ITvService( 2656): [NATIVE]: Mutex Locked
11-29 14:10:52.261 D/ITvService( 2656): BnTvService::onTransact(): code not found, entering default case
11-29 14:10:52.261 D/ITvService( 2656): [NATIVE]: Mutex Unlocked
11-29 14:10:52.323 V/cps-QoSControlProxy( 4365): --------------------------------------------------------------------------------
11-29 14:10:52.323 V/cps-QoSControlProxy( 4365): >> [call end][2727][50ms][pid=3706][proc=insight.tr069.client]:
11-29 14:10:52.323 V/cps-QoSControlProxy( 4365): getTotalDVBTServices (
11-29 14:10:52.323 V/cps-QoSControlProxy( 4365):  
11-29 14:10:52.323 V/cps-QoSControlProxy( 4365): )
11-29 14:10:52.323 V/cps-QoSControlProxy( 4365): result=0
11-29 14:10:52.323 V/cps-QoSControlProxy( 4365): --------------------------------------------------------------------------------
11-29 14:10:53.044 D/iWediaTvInput_TvSession( 6378): [onTimeShiftGetStartPosition]
11-29 14:10:53.044 D/iWediaTvInput_TvSession( 6378): [onTimeShiftGetStartPosition][time=0]
11-29 14:10:53.044 D/iWediaTvInput_TvSession( 6378): [onTimeShiftGetCurrentPosition]
11-29 14:10:53.044 D/iWediaTvInput_TvSession( 6378): [onTimeShiftGetCurrentPosition][time=0]
11-29 14:10:53.335 V/cps-QoSControlProxy( 4365): --------------------------------------------------------------------------------
11-29 14:10:53.335 V/cps-QoSControlProxy( 4365): <<< [call begin][2728][pid=3706][proc=insight.tr069.client]:
11-29 14:10:53.335 V/cps-QoSControlProxy( 4365): getTotalDVBTServices (
11-29 14:10:53.335 V/cps-QoSControlProxy( 4365):  
11-29 14:10:53.335 V/cps-QoSControlProxy( 4365): )
11-29 14:10:53.335 V/cps-QoSControlProxy( 4365): --------------------------------------------------------------------------------
11-29 14:10:53.349 D/ITvService( 2656): [NATIVE]: Mutex Locked
11-29 14:10:53.349 D/ITvService( 2656): BnTvService::onTransact(): code not found, entering default case
11-29 14:10:53.349 D/ITvService( 2656): [NATIVE]: Mutex Unlocked
11-29 14:10:53.356 V/cps-QoSControlProxy( 4365): --------------------------------------------------------------------------------
11-29 14:10:53.356 V/cps-QoSControlProxy( 4365): >> [call end][2728][26ms][pid=3706][proc=insight.tr069.client]:
11-29 14:10:53.356 V/cps-QoSControlProxy( 4365): getTotalDVBTServices (
11-29 14:10:53.356 V/cps-QoSControlProxy( 4365):  
11-29 14:10:53.356 V/cps-QoSControlProxy( 4365): )
11-29 14:10:53.356 V/cps-QoSControlProxy( 4365): result=0
11-29 14:10:53.356 V/cps-QoSControlProxy( 4365): --------------------------------------------------------------------------------
11-29 14:10:53.629 D/HLSFetch( 2656): [[1;32;40mhlsfetch_read:3191[0;38;40m][New segment detected: 20686307]
11-29 14:10:53.679 D/HLSFetch( 2656): [download_segment:1472][200; URL: http://abrademos.abertistelecom.com/Content/HLS/Live/Channel(abrademo23)/Stream(01)/Segment(14804250070000000)/segment.ts]
11-29 14:10:53.679 D/HLSFetch( 2656): [download_segment:1490][200; Speed: 12667344 bps; size:  7397424; seq: 148042501; URL: http://abrademos.abertistelecom.com/Content/HLS/Live/Channel(abrademo23)/Stream(01)/Segment(14804250070000000)/segment.ts DLTIME: 4.671807]
11-29 14:10:53.679 D/HLSFetch( 2656): [download_segment:1491][CURL TIMINGS: total_time = 4.847703, start_transfer_time = 0.175896, namelookup_time = 0.000064, connect_time = 0.000065, appconnect_time = 0.000065, pretransfer_time = 0.000225 ]
11-29 14:10:53.679 D/HLSFetch( 2656): [updateQOSData_SegmentDownload:439][chunksExpectedCount: 55, totalChunksExpectedCount: 55
11-29 14:10:53.679 D/HLSFetch( 2656): ]
11-29 14:10:53.679 D/HLSFetch( 2656): [updateQOSData_SegmentDownload:442][chunksReceivedCount: 55; totalChunksReceivedCount: 55
11-29 14:10:53.679 D/HLSFetch( 2656): ]
11-29 14:10:53.680 D/HLSFetch( 2656): [download_thread_fn:2659][Segment written to output buffer, size  7397424, cached data     6522]
11-29 14:10:53.680 D/HLSFetch( 2656): [download_thread_fn:2662][target_duration_us 10000000 ]
11-29 14:10:53.680 D/HLSFetch( 2656): [download_thread_fn:2667][Near buffer underrun - target_duration_us 0 ]
11-29 14:10:53.680 D/HLSFetch( 2656): [[1;32;40mdownload_thread_fn:2686[0;38;40m][Average download speed: 13171782 bps]
11-29 14:10:53.683 D/HLSFetch( 2656): [hlsfetch_adapt:3815][Up count 5 down count 0 avg speed 13171782]
11-29 14:10:53.685 D/HLSFetch( 2656): [download_thread_fn:2788][download_thread_fn sleeping time -5853893 us]
11-29 14:10:53.685 D/HLSFetch( 2656): [download_thread_fn:2524][Download list is empty...]
11-29 14:10:53.685 D/HLSFetch( 2656): [download_thread_fn:2788][download_thread_fn sleeping time   999979 us]
11-29 14:10:54.047 D/iWediaTvInput_TvSession( 6378): [onTimeShiftGetStartPosition]
11-29 14:10:54.047 D/iWediaTvInput_TvSession( 6378): [onTimeShiftGetStartPosition][time=0]
11-29 14:10:54.047 D/iWediaTvInput_TvSession( 6378): [onTimeShiftGetCurrentPosition]
11-29 14:10:54.047 D/iWediaTvInput_TvSession( 6378): [onTimeShiftGetCurrentPosition][time=0]
11-29 14:10:54.363 V/cps-QoSControlProxy( 4365): --------------------------------------------------------------------------------
11-29 14:10:54.363 V/cps-QoSControlProxy( 4365): <<< [call begin][2729][pid=3706][proc=insight.tr069.client]:
11-29 14:10:54.363 V/cps-QoSControlProxy( 4365): getTotalDVBTServices (
11-29 14:10:54.363 V/cps-QoSControlProxy( 4365):  
11-29 14:10:54.363 V/cps-QoSControlProxy( 4365): )
11-29 14:10:54.363 V/cps-QoSControlProxy( 4365): --------------------------------------------------------------------------------
11-29 14:10:54.363 D/ITvService( 2656): [NATIVE]: Mutex Locked
11-29 14:10:54.363 D/ITvService( 2656): BnTvService::onTransact(): code not found, entering default case
11-29 14:10:54.363 D/ITvService( 2656): [NATIVE]: Mutex Unlocked
11-29 14:10:54.371 V/cps-QoSControlProxy( 4365): --------------------------------------------------------------------------------
11-29 14:10:54.371 V/cps-QoSControlProxy( 4365): >> [call end][2729][7ms][pid=3706][proc=insight.tr069.client]:
11-29 14:10:54.371 V/cps-QoSControlProxy( 4365): getTotalDVBTServices (
11-29 14:10:54.371 V/cps-QoSControlProxy( 4365):  
11-29 14:10:54.371 V/cps-QoSControlProxy( 4365): )
11-29 14:10:54.371 V/cps-QoSControlProxy( 4365): result=0
11-29 14:10:54.371 V/cps-QoSControlProxy( 4365): --------------------------------------------------------------------------------
11-29 14:10:54.686 D/HLSFetch( 2656): [download_thread_fn:2524][Download list is empty...]
11-29 14:10:54.686 D/HLSFetch( 2656): [download_thread_fn:2788][download_thread_fn sleeping time   999952 us]
11-29 14:10:55.048 D/iWediaTvInput_TvSession( 6378): [onTimeShiftGetStartPosition]
11-29 14:10:55.048 D/iWediaTvInput_TvSession( 6378): [onTimeShiftGetStartPosition][time=0]
11-29 14:10:55.048 D/iWediaTvInput_TvSession( 6378): [onTimeShiftGetCurrentPosition]
11-29 14:10:55.048 D/iWediaTvInput_TvSession( 6378): [onTimeShiftGetCurrentPosition][time=0]
11-29 14:10:55.376 V/cps-QoSControlProxy( 4365): --------------------------------------------------------------------------------
11-29 14:10:55.376 V/cps-QoSControlProxy( 4365): <<< [call begin][2730][pid=3706][proc=insight.tr069.client]:
11-29 14:10:55.376 V/cps-QoSControlProxy( 4365): getTotalDVBTServices (
11-29 14:10:55.376 V/cps-QoSControlProxy( 4365):  
11-29 14:10:55.376 V/cps-QoSControlProxy( 4365): )
11-29 14:10:55.376 V/cps-QoSControlProxy( 4365): --------------------------------------------------------------------------------
11-29 14:10:55.376 D/ITvService( 2656): [NATIVE]: Mutex Locked
11-29 14:10:55.376 D/ITvService( 2656): BnTvService::onTransact(): code not found, entering default case
11-29 14:10:55.376 D/ITvService( 2656): [NATIVE]: Mutex Unlocked
11-29 14:10:55.388 V/cps-QoSControlProxy( 4365): --------------------------------------------------------------------------------
11-29 14:10:55.388 V/cps-QoSControlProxy( 4365): >> [call end][2730][8ms][pid=3706][proc=insight.tr069.client]:
11-29 14:10:55.388 V/cps-QoSControlProxy( 4365): getTotalDVBTServices (
11-29 14:10:55.388 V/cps-QoSControlProxy( 4365):  
11-29 14:10:55.388 V/cps-QoSControlProxy( 4365): )
11-29 14:10:55.388 V/cps-QoSControlProxy( 4365): result=0
11-29 14:10:55.388 V/cps-QoSControlProxy( 4365): --------------------------------------------------------------------------------
11-29 14:10:55.686 D/HLSFetch( 2656): [download_thread_fn:2524][Download list is empty...]
11-29 14:10:55.686 D/HLSFetch( 2656): [download_thread_fn:2788][download_thread_fn sleeping time   999952 us]
11-29 14:10:55.975 I/WVCdm   ( 2445): CdmEngine::OpenSession
11-29 14:10:55.984 I/WVCdm   ( 2445): CdmEngine::QueryKeyControlInfo
11-29 14:10:55.984 I/WVCdm   ( 2445): CdmEngine::CloseSession
11-29 14:10:55.985 I/ClientAuthCredsImpl( 3883): ensureProvisioned: already provisioned, nothing more to do.
11-29 14:10:55.992 D/ClientAuthCredsImpl( 3883): PostRequest:https://www.googleapis.com/certificateprovisioning/v1/devicecertificates/create?key=AIzaSyB-5OLKTx2iU5mko18DfdwK5611JIjbUhE&signedRequest=CmkKTAgAEkgAAAACAAARXXqrmxi9utdIxpINeyjybKIozx3K5Bavmo4zzzDWL3mZ7omQmluSGQGwTsDYZ-gtU3XgtnmBZ9Rd9U8ULEgeersSBNHtLhsaEwgBEg9jYXN0Lmdvb2dsZS5jb20SIIhpxdn1Hp0fs5VqXVf3dALTYAt8Ti7Gbp5cQVTzMmlG
11-29 14:10:56.049 D/iWediaTvInput_TvSession( 6378): [onTimeShiftGetStartPosition]
11-29 14:10:56.049 D/iWediaTvInput_TvSession( 6378): [onTimeShiftGetStartPosition][time=0]
11-29 14:10:56.049 D/iWediaTvInput_TvSession( 6378): [onTimeShiftGetCurrentPosition]
11-29 14:10:56.049 D/iWediaTvInput_TvSession( 6378): [onTimeShiftGetCurrentPosition][time=0]
11-29 14:10:56.182 E/ClientAuthCredsImpl( 3883): Server returned HTTP error code 500
11-29 14:10:56.184 E/ClientAuthCredsImpl( 3883): attemptCredsProvisioning. Received null response.
11-29 14:10:56.184 I/ClientAuthCredsProvisioning( 3883): ClientAuthCredsProvisioning. Next attempt(secs): 60
11-29 14:10:56.395 V/cps-QoSControlProxy( 4365): --------------------------------------------------------------------------------
11-29 14:10:56.395 V/cps-QoSControlProxy( 4365): <<< [call begin][2731][pid=3706][proc=insight.tr069.client]:
11-29 14:10:56.395 V/cps-QoSControlProxy( 4365): getTotalDVBTServices (
11-29 14:10:56.395 V/cps-QoSControlProxy( 4365):  
11-29 14:10:56.395 V/cps-QoSControlProxy( 4365): )
11-29 14:10:56.395 V/cps-QoSControlProxy( 4365): --------------------------------------------------------------------------------
11-29 14:10:56.395 D/ITvService( 2656): [NATIVE]: Mutex Locked
11-29 14:10:56.395 D/ITvService( 2656): BnTvService::onTransact(): code not found, entering default case
11-29 14:10:56.395 D/ITvService( 2656): [NATIVE]: Mutex Unlocked
11-29 14:10:56.403 V/cps-QoSControlProxy( 4365): --------------------------------------------------------------------------------
11-29 14:10:56.403 V/cps-QoSControlProxy( 4365): >> [call end][2731][5ms][pid=3706][proc=insight.tr069.client]:
11-29 14:10:56.403 V/cps-QoSControlProxy( 4365): getTotalDVBTServices (
11-29 14:10:56.403 V/cps-QoSControlProxy( 4365):  
11-29 14:10:56.403 V/cps-QoSControlProxy( 4365): )
11-29 14:10:56.403 V/cps-QoSControlProxy( 4365): result=0
11-29 14:10:56.403 V/cps-QoSControlProxy( 4365): --------------------------------------------------------------------------------
11-29 14:10:56.686 D/HLSFetch( 2656): [download_thread_fn:2524][Download list is empty...]
11-29 14:10:56.686 D/HLSFetch( 2656): [download_thread_fn:2788][download_thread_fn sleeping time   999959 us]
11-29 14:10:56.700 D/HLSFetch( 2656): [download_playlist:920][function enter]
11-29 14:10:57.034 D/HLSFetch( 2656): [write_playlist_cb:896][function enter]
11-29 14:10:57.034 D/HLSFetch( 2656): [download_playlist:966][200; URL: http://abrademos.abertistelecom.com/Content/HLS/Live/Channel(abrademo23)/Stream(01)/index.m3u8]
11-29 14:10:57.035 D/HLSFetch( 2656): [is_media_playlist:1520][function enter]
11-29 14:10:57.035 D/HLSFetch( 2656): [parse_media_m3u8_list:1830][function enter]
11-29 14:10:57.035 D/HLSFetch( 2656): [is_media_playlist:1520][function enter]
11-29 14:10:57.035 D/HLSFetch( 2656): [playlist_thread_fn:2442][playlist_thread_fn sleeping time  3665026 us]
11-29 14:10:57.050 D/iWediaTvInput_TvSession( 6378): [onTimeShiftGetStartPosition]
11-29 14:10:57.051 D/iWediaTvInput_TvSession( 6378): [onTimeShiftGetStartPosition][time=0]
11-29 14:10:57.051 D/iWediaTvInput_TvSession( 6378): [onTimeShiftGetCurrentPosition]
11-29 14:10:57.051 D/iWediaTvInput_TvSession( 6378): [onTimeShiftGetCurrentPosition][time=0]
11-29 14:10:57.408 V/cps-QoSControlProxy( 4365): --------------------------------------------------------------------------------
11-29 14:10:57.408 V/cps-QoSControlProxy( 4365): <<< [call begin][2732][pid=3706][proc=insight.tr069.client]:
11-29 14:10:57.408 V/cps-QoSControlProxy( 4365): getTotalDVBTServices (
11-29 14:10:57.408 V/cps-QoSControlProxy( 4365):  
11-29 14:10:57.408 V/cps-QoSControlProxy( 4365): )
11-29 14:10:57.408 V/cps-QoSControlProxy( 4365): --------------------------------------------------------------------------------
11-29 14:10:57.408 D/ITvService( 2656): [NATIVE]: Mutex Locked
11-29 14:10:57.408 D/ITvService( 2656): BnTvService::onTransact(): code not found, entering default case
11-29 14:10:57.408 D/ITvService( 2656): [NATIVE]: Mutex Unlocked
11-29 14:10:57.418 V/cps-QoSControlProxy( 4365): --------------------------------------------------------------------------------
11-29 14:10:57.418 V/cps-QoSControlProxy( 4365): >> [call end][2732][4ms][pid=3706][proc=insight.tr069.client]:
11-29 14:10:57.418 V/cps-QoSControlProxy( 4365): getTotalDVBTServices (
11-29 14:10:57.418 V/cps-QoSControlProxy( 4365):  
11-29 14:10:57.418 V/cps-QoSControlProxy( 4365): )
11-29 14:10:57.418 V/cps-QoSControlProxy( 4365): result=0
11-29 14:10:57.418 V/cps-QoSControlProxy( 4365): --------------------------------------------------------------------------------
11-29 14:10:57.686 D/HLSFetch( 2656): [download_thread_fn:2524][Download list is empty...]
11-29 14:10:57.686 D/HLSFetch( 2656): [download_thread_fn:2788][download_thread_fn sleeping time   999957 us]
11-29 14:10:57.889 V/cps-PvrControlProxy( 4365): --------------------------------------------------------------------------------
11-29 14:10:57.889 V/cps-PvrControlProxy( 4365): <<< [call begin][2733][pid=3706][proc=insight.tr069.client]:
11-29 14:10:57.889 V/cps-PvrControlProxy( 4365): getDevicePath (
11-29 14:10:57.889 V/cps-PvrControlProxy( 4365):  
11-29 14:10:57.889 V/cps-PvrControlProxy( 4365): )
11-29 14:10:57.889 V/cps-PvrControlProxy( 4365): --------------------------------------------------------------------------------
11-29 14:10:57.889 E/PvrControl( 4365): getDevicePath()
11-29 14:10:57.889 D/ITvService( 2656): [NATIVE]: Mutex Locked
11-29 14:10:57.889 D/ITvService( 2656): [NATIVE] pvrSetMediaPath
11-29 14:10:57.889 D/TvService( 2656): TvService::MAL_PVR_GetDevicePath()
11-29 14:10:57.890 D/TvService( 2656): TvService::MAL_PVR_GetDevicePath() result = 0
11-29 14:10:57.890 D/ITvService( 2656): [NATIVE] pvrSetMediaPath return!
11-29 14:10:57.890 D/ITvService( 2656): [NATIVE]: Mutex Unlocked
11-29 14:10:57.904 V/cps-PvrControlProxy( 4365): --------------------------------------------------------------------------------
11-29 14:10:57.904 V/cps-PvrControlProxy( 4365): >> [call end][2733][4ms][pid=3706][proc=insight.tr069.client]:
11-29 14:10:57.904 V/cps-PvrControlProxy( 4365): getDevicePath (
11-29 14:10:57.904 V/cps-PvrControlProxy( 4365):  
11-29 14:10:57.904 V/cps-PvrControlProxy( 4365): )
11-29 14:10:57.904 V/cps-PvrControlProxy( 4365): result=/storage/emulated
11-29 14:10:57.904 V/cps-PvrControlProxy( 4365): --------------------------------------------------------------------------------
11-29 14:10:57.912 V/cps-MountControlProxy( 4365): --------------------------------------------------------------------------------
11-29 14:10:57.912 V/cps-MountControlProxy( 4365): <<< [call begin][2734][pid=3706][proc=insight.tr069.client]:
11-29 14:10:57.912 V/cps-MountControlProxy( 4365): getNumberOfMountedStorageDevices (
11-29 14:10:57.912 V/cps-MountControlProxy( 4365):  
11-29 14:10:57.912 V/cps-MountControlProxy( 4365): )
11-29 14:10:57.912 V/cps-MountControlProxy( 4365): --------------------------------------------------------------------------------
11-29 14:10:57.920 V/cps-MountControlProxy( 4365): --------------------------------------------------------------------------------
11-29 14:10:57.920 V/cps-MountControlProxy( 4365): >> [call end][2734][7ms][pid=3706][proc=insight.tr069.client]:
11-29 14:10:57.920 V/cps-MountControlProxy( 4365): getNumberOfMountedStorageDevices (
11-29 14:10:57.920 V/cps-MountControlProxy( 4365):  
11-29 14:10:57.920 V/cps-MountControlProxy( 4365): )
11-29 14:10:57.920 V/cps-MountControlProxy( 4365): result=0
11-29 14:10:57.920 V/cps-MountControlProxy( 4365): --------------------------------------------------------------------------------
11-29 14:10:58.051 D/iWediaTvInput_TvSession( 6378): [onTimeShiftGetStartPosition]
11-29 14:10:58.051 D/iWediaTvInput_TvSession( 6378): [onTimeShiftGetStartPosition][time=0]
11-29 14:10:58.051 D/iWediaTvInput_TvSession( 6378): [onTimeShiftGetCurrentPosition]
11-29 14:10:58.051 D/iWediaTvInput_TvSession( 6378): [onTimeShiftGetCurrentPosition][time=0]
11-29 14:10:58.424 V/cps-QoSControlProxy( 4365): --------------------------------------------------------------------------------
11-29 14:10:58.424 V/cps-QoSControlProxy( 4365): <<< [call begin][2735][pid=3706][proc=insight.tr069.client]:
11-29 14:10:58.424 V/cps-QoSControlProxy( 4365): getTotalDVBTServices (
11-29 14:10:58.424 V/cps-QoSControlProxy( 4365):  
11-29 14:10:58.424 V/cps-QoSControlProxy( 4365): )
11-29 14:10:58.424 V/cps-QoSControlProxy( 4365): --------------------------------------------------------------------------------
11-29 14:10:58.424 D/ITvService( 2656): [NATIVE]: Mutex Locked
11-29 14:10:58.424 D/ITvService( 2656): BnTvService::onTransact(): code not found, entering default case
11-29 14:10:58.424 D/ITvService( 2656): [NATIVE]: Mutex Unlocked
11-29 14:10:58.429 V/cps-QoSControlProxy( 4365): --------------------------------------------------------------------------------
11-29 14:10:58.429 V/cps-QoSControlProxy( 4365): >> [call end][2735][4ms][pid=3706][proc=insight.tr069.client]:
11-29 14:10:58.429 V/cps-QoSControlProxy( 4365): getTotalDVBTServices (
11-29 14:10:58.429 V/cps-QoSControlProxy( 4365):  
11-29 14:10:58.429 V/cps-QoSControlProxy( 4365): )
11-29 14:10:58.429 V/cps-QoSControlProxy( 4365): result=0
11-29 14:10:58.429 V/cps-QoSControlProxy( 4365): --------------------------------------------------------------------------------
11-29 14:10:58.687 D/HLSFetch( 2656): [download_thread_fn:2524][Download list is empty...]
11-29 14:10:58.687 D/HLSFetch( 2656): [download_thread_fn:2788][download_thread_fn sleeping time   999946 us]
11-29 14:10:59.052 D/iWediaTvInput_TvSession( 6378): [onTimeShiftGetStartPosition]
11-29 14:10:59.052 D/iWediaTvInput_TvSession( 6378): [onTimeShiftGetStartPosition][time=0]
11-29 14:10:59.052 D/iWediaTvInput_TvSession( 6378): [onTimeShiftGetCurrentPosition]
11-29 14:10:59.052 D/iWediaTvInput_TvSession( 6378): [onTimeShiftGetCurrentPosition][time=0]
11-29 14:10:59.436 V/cps-QoSControlProxy( 4365): --------------------------------------------------------------------------------
11-29 14:10:59.436 V/cps-QoSControlProxy( 4365): <<< [call begin][2736][pid=3706][proc=insight.tr069.client]:
11-29 14:10:59.436 V/cps-QoSControlProxy( 4365): getTotalDVBTServices (
11-29 14:10:59.436 V/cps-QoSControlProxy( 4365):  
11-29 14:10:59.436 V/cps-QoSControlProxy( 4365): )
11-29 14:10:59.436 V/cps-QoSControlProxy( 4365): --------------------------------------------------------------------------------
11-29 14:10:59.437 D/ITvService( 2656): [NATIVE]: Mutex Locked
11-29 14:10:59.437 D/ITvService( 2656): BnTvService::onTransact(): code not found, entering default case
11-29 14:10:59.437 D/ITvService( 2656): [NATIVE]: Mutex Unlocked
11-29 14:10:59.441 V/cps-QoSControlProxy( 4365): --------------------------------------------------------------------------------
11-29 14:10:59.441 V/cps-QoSControlProxy( 4365): >> [call end][2736][4ms][pid=3706][proc=insight.tr069.client]:
11-29 14:10:59.441 V/cps-QoSControlProxy( 4365): getTotalDVBTServices (
11-29 14:10:59.441 V/cps-QoSControlProxy( 4365):  
11-29 14:10:59.441 V/cps-QoSControlProxy( 4365): )
11-29 14:10:59.441 V/cps-QoSControlProxy( 4365): result=0
11-29 14:10:59.441 V/cps-QoSControlProxy( 4365): --------------------------------------------------------------------------------
11-29 14:10:59.557 V/TimeManager( 4365): [thread][ANDROID_TIME]
11-29 14:10:59.564 V/cps-SetupControlProxy( 4365): --------------------------------------------------------------------------------
11-29 14:10:59.564 V/cps-SetupControlProxy( 4365): <<< [call begin][2737][pid=4365][proc=com.iwedia.debug.comedia.service]:
11-29 14:10:59.564 V/cps-SetupControlProxy( 4365): getTimeDateMode (
11-29 14:10:59.564 V/cps-SetupControlProxy( 4365): 	routeId=-1485848576 
11-29 14:10:59.564 V/cps-SetupControlProxy( 4365): )
11-29 14:10:59.564 V/cps-SetupControlProxy( 4365): --------------------------------------------------------------------------------
11-29 14:10:59.564 D/ITvService( 2656): [NATIVE]: Mutex Locked
11-29 14:10:59.564 D/ITvService( 2656): [NATIVE]: userSettingsGetTimeDateMode
11-29 14:10:59.564 D/TvService( 2656): TvService::userSettingsGetTimeDateMode: routeID = -1485848576
11-29 14:10:59.564 D/TvService( 2656): TvService::userSettingsGetTimeDateMode
11-29 14:10:59.564 D/ITvService( 2656): [NATIVE]: userSettingsGetTimeDateMode res: 2
11-29 14:10:59.564 D/ITvService( 2656): [NATIVE]: Mutex Unlocked
11-29 14:10:59.574 V/cps-SetupControlProxy( 4365): --------------------------------------------------------------------------------
11-29 14:10:59.574 V/cps-SetupControlProxy( 4365): >> [call end][2737][6ms][pid=4365][proc=com.iwedia.debug.comedia.service]:
11-29 14:10:59.574 V/cps-SetupControlProxy( 4365): getTimeDateMode (
11-29 14:10:59.574 V/cps-SetupControlProxy( 4365): 	routeId=-1485848576 
11-29 14:10:59.574 V/cps-SetupControlProxy( 4365): )
11-29 14:10:59.574 V/cps-SetupControlProxy( 4365): result=MANUAL
11-29 14:10:59.574 V/cps-SetupControlProxy( 4365): --------------------------------------------------------------------------------
11-29 14:10:59.688 D/HLSFetch( 2656): [download_thread_fn:2524][Download list is empty...]
11-29 14:10:59.688 D/HLSFetch( 2656): [download_thread_fn:2788][download_thread_fn sleeping time   999948 us]
11-29 14:11:00.003 I/bcm-mem ( 2983): brcm_memtrack_get_memory: pid 2983, reports 0 bytes of gpx.
11-29 14:11:00.053 D/iWediaTvInput_TvSession( 6378): [onTimeShiftGetStartPosition]
11-29 14:11:00.053 D/iWediaTvInput_TvSession( 6378): [onTimeShiftGetStartPosition][time=0]
11-29 14:11:00.053 D/iWediaTvInput_TvSession( 6378): [onTimeShiftGetCurrentPosition]
11-29 14:11:00.053 D/iWediaTvInput_TvSession( 6378): [onTimeShiftGetCurrentPosition][time=0]
11-29 14:11:00.058 I/bcm-mem ( 2983): brcm_memtrack_get_memory: pid 3330, reports 0 bytes of gpx.
11-29 14:11:00.442 E/TR033MonitoringThread( 3706): getTracesAuth not implemented 
11-29 14:11:00.454 V/cps-QoSControlProxy( 4365): --------------------------------------------------------------------------------
11-29 14:11:00.454 V/cps-QoSControlProxy( 4365): <<< [call begin][2738][pid=3706][proc=insight.tr069.client]:
11-29 14:11:00.454 V/cps-QoSControlProxy( 4365): setConfigurationParameter (
11-29 14:11:00.454 V/cps-QoSControlProxy( 4365): 	protocol=IPTVMULTICAST, 
11-29 14:11:00.454 V/cps-QoSControlProxy( 4365): 	parameter=GMIN, 
11-29 14:11:00.454 V/cps-QoSControlProxy( 4365): 	value=0 
11-29 14:11:00.454 V/cps-QoSControlProxy( 4365): )
11-29 14:11:00.454 V/cps-QoSControlProxy( 4365): --------------------------------------------------------------------------------
11-29 14:11:00.454 D/ITvService( 2656): [NATIVE]: Mutex Locked
11-29 14:11:00.454 D/ITvService( 2656): BnTvService::onTransact(): code not found, entering default case
11-29 14:11:00.454 D/ITvService( 2656): [NATIVE]: Mutex Unlocked
11-29 14:11:00.463 V/cps-QoSControlProxy( 4365): --------------------------------------------------------------------------------
11-29 14:11:00.463 V/cps-QoSControlProxy( 4365): >> [call end][2738][8ms][pid=3706][proc=insight.tr069.client]:
11-29 14:11:00.463 V/cps-QoSControlProxy( 4365): setConfigurationParameter (
11-29 14:11:00.463 V/cps-QoSControlProxy( 4365): 	protocol=IPTVMULTICAST, 
11-29 14:11:00.463 V/cps-QoSControlProxy( 4365): 	parameter=GMIN, 
11-29 14:11:00.463 V/cps-QoSControlProxy( 4365): 	value=0 
11-29 14:11:00.463 V/cps-QoSControlProxy( 4365): )
11-29 14:11:00.463 V/cps-QoSControlProxy( 4365): result=0
11-29 14:11:00.463 V/cps-QoSControlProxy( 4365): --------------------------------------------------------------------------------
11-29 14:11:00.475 V/cps-QoSControlProxy( 4365): --------------------------------------------------------------------------------
11-29 14:11:00.475 V/cps-QoSControlProxy( 4365): <<< [call begin][2739][pid=3706][proc=insight.tr069.client]:
11-29 14:11:00.475 V/cps-QoSControlProxy( 4365): setConfigurationParameter (
11-29 14:11:00.475 V/cps-QoSControlProxy( 4365): 	protocol=VODRTSP, 
11-29 14:11:00.475 V/cps-QoSControlProxy( 4365): 	parameter=GMIN, 
11-29 14:11:00.475 V/cps-QoSControlProxy( 4365): 	value=0 
11-29 14:11:00.475 V/cps-QoSControlProxy( 4365): )
11-29 14:11:00.475 V/cps-QoSControlProxy( 4365): --------------------------------------------------------------------------------
11-29 14:11:00.475 D/ITvService( 2656): [NATIVE]: Mutex Locked
11-29 14:11:00.475 D/ITvService( 2656): BnTvService::onTransact(): code not found, entering default case
11-29 14:11:00.475 D/ITvService( 2656): [NATIVE]: Mutex Unlocked
11-29 14:11:00.484 V/cps-QoSControlProxy( 4365): --------------------------------------------------------------------------------
11-29 14:11:00.484 V/cps-QoSControlProxy( 4365): >> [call end][2739][4ms][pid=3706][proc=insight.tr069.client]:
11-29 14:11:00.484 V/cps-QoSControlProxy( 4365): setConfigurationParameter (
11-29 14:11:00.484 V/cps-QoSControlProxy( 4365): 	protocol=VODRTSP, 
11-29 14:11:00.484 V/cps-QoSControlProxy( 4365): 	parameter=GMIN, 
11-29 14:11:00.484 V/cps-QoSControlProxy( 4365): 	value=0 
11-29 14:11:00.484 V/cps-QoSControlProxy( 4365): )
11-29 14:11:00.484 V/cps-QoSControlProxy( 4365): result=0
11-29 14:11:00.484 V/cps-QoSControlProxy( 4365): --------------------------------------------------------------------------------
11-29 14:11:00.501 V/cps-QoSControlProxy( 4365): --------------------------------------------------------------------------------
11-29 14:11:00.501 V/cps-QoSControlProxy( 4365): <<< [call begin][2740][pid=3706][proc=insight.tr069.client]:
11-29 14:11:00.501 V/cps-QoSControlProxy( 4365): setConfigurationParameter (
11-29 14:11:00.501 V/cps-QoSControlProxy( 4365): 	protocol=IPTVOTT, 
11-29 14:11:00.501 V/cps-QoSControlProxy( 4365): 	parameter=GMIN, 
11-29 14:11:00.501 V/cps-QoSControlProxy( 4365): 	value=0 
11-29 14:11:00.501 V/cps-QoSControlProxy( 4365): )
11-29 14:11:00.501 V/cps-QoSControlProxy( 4365): --------------------------------------------------------------------------------
11-29 14:11:00.502 D/ITvService( 2656): [NATIVE]: Mutex Locked
11-29 14:11:00.502 D/ITvService( 2656): BnTvService::onTransact(): code not found, entering default case
11-29 14:11:00.502 D/ITvService( 2656): [NATIVE]: Mutex Unlocked
11-29 14:11:00.509 V/cps-QoSControlProxy( 4365): --------------------------------------------------------------------------------
11-29 14:11:00.509 V/cps-QoSControlProxy( 4365): >> [call end][2740][7ms][pid=3706][proc=insight.tr069.client]:
11-29 14:11:00.509 V/cps-QoSControlProxy( 4365): setConfigurationParameter (
11-29 14:11:00.509 V/cps-QoSControlProxy( 4365): 	protocol=IPTVOTT, 
11-29 14:11:00.509 V/cps-QoSControlProxy( 4365): 	parameter=GMIN, 
11-29 14:11:00.509 V/cps-QoSControlProxy( 4365): 	value=0 
11-29 14:11:00.509 V/cps-QoSControlProxy( 4365): )
11-29 14:11:00.509 V/cps-QoSControlProxy( 4365): result=0
11-29 14:11:00.509 V/cps-QoSControlProxy( 4365): --------------------------------------------------------------------------------
11-29 14:11:00.524 V/cps-QoSControlProxy( 4365): --------------------------------------------------------------------------------
11-29 14:11:00.524 V/cps-QoSControlProxy( 4365): <<< [call begin][2741][pid=3706][proc=insight.tr069.client]:
11-29 14:11:00.524 V/cps-QoSControlProxy( 4365): setConfigurationParameter (
11-29 14:11:00.524 V/cps-QoSControlProxy( 4365): 	protocol=VODOTT, 
11-29 14:11:00.524 V/cps-QoSControlProxy( 4365): 	parameter=GMIN, 
11-29 14:11:00.524 V/cps-QoSControlProxy( 4365): 	value=0 
11-29 14:11:00.524 V/cps-QoSControlProxy( 4365): )
11-29 14:11:00.524 V/cps-QoSControlProxy( 4365): --------------------------------------------------------------------------------
11-29 14:11:00.525 D/ITvService( 2656): [NATIVE]: Mutex Locked
11-29 14:11:00.525 D/ITvService( 2656): BnTvService::onTransact(): code not found, entering default case
11-29 14:11:00.525 D/ITvService( 2656): [NATIVE]: Mutex Unlocked
11-29 14:11:00.535 V/cps-QoSControlProxy( 4365): --------------------------------------------------------------------------------
11-29 14:11:00.535 V/cps-QoSControlProxy( 4365): >> [call end][2741][7ms][pid=3706][proc=insight.tr069.client]:
11-29 14:11:00.535 V/cps-QoSControlProxy( 4365): setConfigurationParameter (
11-29 14:11:00.535 V/cps-QoSControlProxy( 4365): 	protocol=VODOTT, 
11-29 14:11:00.535 V/cps-QoSControlProxy( 4365): 	parameter=GMIN, 
11-29 14:11:00.535 V/cps-QoSControlProxy( 4365): 	value=0 
11-29 14:11:00.535 V/cps-QoSControlProxy( 4365): )
11-29 14:11:00.535 V/cps-QoSControlProxy( 4365): result=0
11-29 14:11:00.535 V/cps-QoSControlProxy( 4365): --------------------------------------------------------------------------------
11-29 14:11:00.550 V/cps-QoSControlProxy( 4365): --------------------------------------------------------------------------------
11-29 14:11:00.550 V/cps-QoSControlProxy( 4365): <<< [call begin][2742][pid=3706][proc=insight.tr069.client]:
11-29 14:11:00.550 V/cps-QoSControlProxy( 4365): setConfigurationParameter (
11-29 14:11:00.550 V/cps-QoSControlProxy( 4365): 	protocol=IPTVMULTICAST, 
11-29 14:11:00.550 V/cps-QoSControlProxy( 4365): 	parameter=SEVERELOSSMINDISTANCE, 
11-29 14:11:00.550 V/cps-QoSControlProxy( 4365): 	value=200000 
11-29 14:11:00.550 V/cps-QoSControlProxy( 4365): )
11-29 14:11:00.550 V/cps-QoSControlProxy( 4365): --------------------------------------------------------------------------------
11-29 14:11:00.550 D/ITvService( 2656): [NATIVE]: Mutex Locked
11-29 14:11:00.550 D/ITvService( 2656): BnTvService::onTransact(): code not found, entering default case
11-29 14:11:00.550 D/ITvService( 2656): [NATIVE]: Mutex Unlocked
11-29 14:11:00.556 V/cps-QoSControlProxy( 4365): --------------------------------------------------------------------------------
11-29 14:11:00.556 V/cps-QoSControlProxy( 4365): >> [call end][2742][9ms][pid=3706][proc=insight.tr069.client]:
11-29 14:11:00.556 V/cps-QoSControlProxy( 4365): setConfigurationParameter (
11-29 14:11:00.556 V/cps-QoSControlProxy( 4365): 	protocol=IPTVMULTICAST, 
11-29 14:11:00.556 V/cps-QoSControlProxy( 4365): 	parameter=SEVERELOSSMINDISTANCE, 
11-29 14:11:00.556 V/cps-QoSControlProxy( 4365): 	value=200000 
11-29 14:11:00.556 V/cps-QoSControlProxy( 4365): )
11-29 14:11:00.556 V/cps-QoSControlProxy( 4365): result=0
11-29 14:11:00.556 V/cps-QoSControlProxy( 4365): --------------------------------------------------------------------------------
11-29 14:11:00.573 V/cps-QoSControlProxy( 4365): --------------------------------------------------------------------------------
11-29 14:11:00.573 V/cps-QoSControlProxy( 4365): <<< [call begin][2743][pid=3706][proc=insight.tr069.client]:
11-29 14:11:00.573 V/cps-QoSControlProxy( 4365): setConfigurationParameter (
11-29 14:11:00.573 V/cps-QoSControlProxy( 4365): 	protocol=VODRTSP, 
11-29 14:11:00.573 V/cps-QoSControlProxy( 4365): 	parameter=SEVERELOSSMINDISTANCE, 
11-29 14:11:00.573 V/cps-QoSControlProxy( 4365): 	value=0 
11-29 14:11:00.573 V/cps-QoSControlProxy( 4365): )
11-29 14:11:00.573 V/cps-QoSControlProxy( 4365): --------------------------------------------------------------------------------
11-29 14:11:00.574 D/ITvService( 2656): [NATIVE]: Mutex Locked
11-29 14:11:00.574 D/ITvService( 2656): BnTvService::onTransact(): code not found, entering default case
11-29 14:11:00.574 D/ITvService( 2656): [NATIVE]: Mutex Unlocked
11-29 14:11:00.586 V/cps-QoSControlProxy( 4365): --------------------------------------------------------------------------------
