11-29 14:11:00.586 V/cps-QoSControlProxy( 4365): >> [call end][2743][8ms][pid=3706][proc=insight.tr069.client]:
11-29 14:11:00.586 V/cps-QoSControlProxy( 4365): setConfigurationParameter (
11-29 14:11:00.586 V/cps-QoSControlProxy( 4365): 	protocol=VODRTSP, 
11-29 14:11:00.586 V/cps-QoSControlProxy( 4365): 	parameter=SEVERELOSSMINDISTANCE, 
11-29 14:11:00.586 V/cps-QoSControlProxy( 4365): 	value=0 
11-29 14:11:00.586 V/cps-QoSControlProxy( 4365): )
11-29 14:11:00.586 V/cps-QoSControlProxy( 4365): result=0
11-29 14:11:00.586 V/cps-QoSControlProxy( 4365): --------------------------------------------------------------------------------
11-29 14:11:00.604 V/cps-QoSControlProxy( 4365): --------------------------------------------------------------------------------
11-29 14:11:00.604 V/cps-QoSControlProxy( 4365): <<< [call begin][2744][pid=3706][proc=insight.tr069.client]:
11-29 14:11:00.604 V/cps-QoSControlProxy( 4365): setConfigurationParameter (
11-29 14:11:00.604 V/cps-QoSControlProxy( 4365): 	protocol=IPTVOTT, 
11-29 14:11:00.604 V/cps-QoSControlProxy( 4365): 	parameter=SEVERELOSSMINDISTANCE, 
11-29 14:11:00.604 V/cps-QoSControlProxy( 4365): 	value=0 
11-29 14:11:00.604 V/cps-QoSControlProxy( 4365): )
11-29 14:11:00.604 V/cps-QoSControlProxy( 4365): --------------------------------------------------------------------------------
11-29 14:11:00.605 D/ITvService( 2656): [NATIVE]: Mutex Locked
11-29 14:11:00.605 D/ITvService( 2656): BnTvService::onTransact(): code not found, entering default case
11-29 14:11:00.605 D/ITvService( 2656): [NATIVE]: Mutex Unlocked
11-29 14:11:00.610 V/cps-QoSControlProxy( 4365): --------------------------------------------------------------------------------
11-29 14:11:00.610 V/cps-QoSControlProxy( 4365): >> [call end][2744][14ms][pid=3706][proc=insight.tr069.client]:
11-29 14:11:00.610 V/cps-QoSControlProxy( 4365): setConfigurationParameter (
11-29 14:11:00.610 V/cps-QoSControlProxy( 4365): 	protocol=IPTVOTT, 
11-29 14:11:00.610 V/cps-QoSControlProxy( 4365): 	parameter=SEVERELOSSMINDISTANCE, 
11-29 14:11:00.610 V/cps-QoSControlProxy( 4365): 	value=0 
11-29 14:11:00.610 V/cps-QoSControlProxy( 4365): )
11-29 14:11:00.610 V/cps-QoSControlProxy( 4365): result=0
11-29 14:11:00.610 V/cps-QoSControlProxy( 4365): --------------------------------------------------------------------------------
11-29 14:11:00.625 V/cps-QoSControlProxy( 4365): --------------------------------------------------------------------------------
11-29 14:11:00.625 V/cps-QoSControlProxy( 4365): <<< [call begin][2745][pid=3706][proc=insight.tr069.client]:
11-29 14:11:00.625 V/cps-QoSControlProxy( 4365): setConfigurationParameter (
11-29 14:11:00.625 V/cps-QoSControlProxy( 4365): 	protocol=VODOTT, 
11-29 14:11:00.625 V/cps-QoSControlProxy( 4365): 	parameter=SEVERELOSSMINDISTANCE, 
11-29 14:11:00.625 V/cps-QoSControlProxy( 4365): 	value=0 
11-29 14:11:00.625 V/cps-QoSControlProxy( 4365): )
11-29 14:11:00.625 V/cps-QoSControlProxy( 4365): --------------------------------------------------------------------------------
11-29 14:11:00.627 D/ITvService( 2656): [NATIVE]: Mutex Locked
11-29 14:11:00.627 D/ITvService( 2656): BnTvService::onTransact(): code not found, entering default case
11-29 14:11:00.627 D/ITvService( 2656): [NATIVE]: Mutex Unlocked
11-29 14:11:00.634 V/cps-QoSControlProxy( 4365): --------------------------------------------------------------------------------
11-29 14:11:00.634 V/cps-QoSControlProxy( 4365): >> [call end][2745][10ms][pid=3706][proc=insight.tr069.client]:
11-29 14:11:00.634 V/cps-QoSControlProxy( 4365): setConfigurationParameter (
11-29 14:11:00.634 V/cps-QoSControlProxy( 4365): 	protocol=VODOTT, 
11-29 14:11:00.634 V/cps-QoSControlProxy( 4365): 	parameter=SEVERELOSSMINDISTANCE, 
11-29 14:11:00.634 V/cps-QoSControlProxy( 4365): 	value=0 
11-29 14:11:00.634 V/cps-QoSControlProxy( 4365): )
11-29 14:11:00.634 V/cps-QoSControlProxy( 4365): result=0
11-29 14:11:00.634 V/cps-QoSControlProxy( 4365): --------------------------------------------------------------------------------
11-29 14:11:00.650 V/cps-QoSControlProxy( 4365): --------------------------------------------------------------------------------
11-29 14:11:00.650 V/cps-QoSControlProxy( 4365): <<< [call begin][2746][pid=3706][proc=insight.tr069.client]:
11-29 14:11:00.650 V/cps-QoSControlProxy( 4365): setConfigurationParameter (
11-29 14:11:00.650 V/cps-QoSControlProxy( 4365): 	protocol=IPTVMULTICAST, 
11-29 14:11:00.650 V/cps-QoSControlProxy( 4365): 	parameter=SEVERELOSSMINLENGTH, 
11-29 14:11:00.650 V/cps-QoSControlProxy( 4365): 	value=0 
11-29 14:11:00.650 V/cps-QoSControlProxy( 4365): )
11-29 14:11:00.650 V/cps-QoSControlProxy( 4365): --------------------------------------------------------------------------------
11-29 14:11:00.650 D/ITvService( 2656): [NATIVE]: Mutex Locked
11-29 14:11:00.650 D/ITvService( 2656): BnTvService::onTransact(): code not found, entering default case
11-29 14:11:00.650 D/ITvService( 2656): [NATIVE]: Mutex Unlocked
11-29 14:11:00.660 V/cps-QoSControlProxy( 4365): --------------------------------------------------------------------------------
11-29 14:11:00.660 V/cps-QoSControlProxy( 4365): >> [call end][2746][10ms][pid=3706][proc=insight.tr069.client]:
11-29 14:11:00.660 V/cps-QoSControlProxy( 4365): setConfigurationParameter (
11-29 14:11:00.660 V/cps-QoSControlProxy( 4365): 	protocol=IPTVMULTICAST, 
11-29 14:11:00.660 V/cps-QoSControlProxy( 4365): 	parameter=SEVERELOSSMINLENGTH, 
11-29 14:11:00.660 V/cps-QoSControlProxy( 4365): 	value=0 
11-29 14:11:00.660 V/cps-QoSControlProxy( 4365): )
11-29 14:11:00.660 V/cps-QoSControlProxy( 4365): result=0
11-29 14:11:00.660 V/cps-QoSControlProxy( 4365): --------------------------------------------------------------------------------
11-29 14:11:00.674 V/cps-QoSControlProxy( 4365): --------------------------------------------------------------------------------
11-29 14:11:00.674 V/cps-QoSControlProxy( 4365): <<< [call begin][2747][pid=3706][proc=insight.tr069.client]:
11-29 14:11:00.674 V/cps-QoSControlProxy( 4365): setConfigurationParameter (
11-29 14:11:00.674 V/cps-QoSControlProxy( 4365): 	protocol=VODRTSP, 
11-29 14:11:00.674 V/cps-QoSControlProxy( 4365): 	parameter=SEVERELOSSMINLENGTH, 
11-29 14:11:00.674 V/cps-QoSControlProxy( 4365): 	value=0 
11-29 14:11:00.674 V/cps-QoSControlProxy( 4365): )
11-29 14:11:00.674 V/cps-QoSControlProxy( 4365): --------------------------------------------------------------------------------
11-29 14:11:00.674 D/ITvService( 2656): [NATIVE]: Mutex Locked
11-29 14:11:00.674 D/ITvService( 2656): BnTvService::onTransact(): code not found, entering default case
11-29 14:11:00.674 D/ITvService( 2656): [NATIVE]: Mutex Unlocked
11-29 14:11:00.683 V/cps-QoSControlProxy( 4365): --------------------------------------------------------------------------------
11-29 14:11:00.683 V/cps-QoSControlProxy( 4365): >> [call end][2747][6ms][pid=3706][proc=insight.tr069.client]:
11-29 14:11:00.683 V/cps-QoSControlProxy( 4365): setConfigurationParameter (
11-29 14:11:00.683 V/cps-QoSControlProxy( 4365): 	protocol=VODRTSP, 
11-29 14:11:00.683 V/cps-QoSControlProxy( 4365): 	parameter=SEVERELOSSMINLENGTH, 
11-29 14:11:00.683 V/cps-QoSControlProxy( 4365): 	value=0 
11-29 14:11:00.683 V/cps-QoSControlProxy( 4365): )
11-29 14:11:00.683 V/cps-QoSControlProxy( 4365): result=0
11-29 14:11:00.683 V/cps-QoSControlProxy( 4365): --------------------------------------------------------------------------------
11-29 14:11:00.688 D/HLSFetch( 2656): [download_thread_fn:2524][Download list is empty...]
11-29 14:11:00.688 D/HLSFetch( 2656): [download_thread_fn:2788][download_thread_fn sleeping time   999959 us]
11-29 14:11:00.694 V/cps-QoSControlProxy( 4365): --------------------------------------------------------------------------------
11-29 14:11:00.694 V/cps-QoSControlProxy( 4365): <<< [call begin][2748][pid=3706][proc=insight.tr069.client]:
11-29 14:11:00.694 V/cps-QoSControlProxy( 4365): setConfigurationParameter (
11-29 14:11:00.694 V/cps-QoSControlProxy( 4365): 	protocol=IPTVOTT, 
11-29 14:11:00.694 V/cps-QoSControlProxy( 4365): 	parameter=SEVERELOSSMINLENGTH, 
11-29 14:11:00.694 V/cps-QoSControlProxy( 4365): 	value=0 
11-29 14:11:00.694 V/cps-QoSControlProxy( 4365): )
11-29 14:11:00.694 V/cps-QoSControlProxy( 4365): --------------------------------------------------------------------------------
11-29 14:11:00.694 D/ITvService( 2656): [NATIVE]: Mutex Locked
11-29 14:11:00.694 D/ITvService( 2656): BnTvService::onTransact(): code not found, entering default case
11-29 14:11:00.694 D/ITvService( 2656): [NATIVE]: Mutex Unlocked
11-29 14:11:00.703 V/cps-QoSControlProxy( 4365): --------------------------------------------------------------------------------
11-29 14:11:00.703 V/cps-QoSControlProxy( 4365): >> [call end][2748][5ms][pid=3706][proc=insight.tr069.client]:
11-29 14:11:00.703 V/cps-QoSControlProxy( 4365): setConfigurationParameter (
11-29 14:11:00.703 V/cps-QoSControlProxy( 4365): 	protocol=IPTVOTT, 
11-29 14:11:00.703 V/cps-QoSControlProxy( 4365): 	parameter=SEVERELOSSMINLENGTH, 
11-29 14:11:00.703 V/cps-QoSControlProxy( 4365): 	value=0 
11-29 14:11:00.703 V/cps-QoSControlProxy( 4365): )
11-29 14:11:00.703 V/cps-QoSControlProxy( 4365): result=0
11-29 14:11:00.703 V/cps-QoSControlProxy( 4365): --------------------------------------------------------------------------------
11-29 14:11:00.716 V/cps-QoSControlProxy( 4365): --------------------------------------------------------------------------------
11-29 14:11:00.716 V/cps-QoSControlProxy( 4365): <<< [call begin][2749][pid=3706][proc=insight.tr069.client]:
11-29 14:11:00.716 V/cps-QoSControlProxy( 4365): setConfigurationParameter (
11-29 14:11:00.716 V/cps-QoSControlProxy( 4365): 	protocol=VODOTT, 
11-29 14:11:00.716 V/cps-QoSControlProxy( 4365): 	parameter=SEVERELOSSMINLENGTH, 
11-29 14:11:00.716 V/cps-QoSControlProxy( 4365): 	value=0 
11-29 14:11:00.716 V/cps-QoSControlProxy( 4365): )
11-29 14:11:00.716 V/cps-QoSControlProxy( 4365): --------------------------------------------------------------------------------
11-29 14:11:00.716 D/ITvService( 2656): [NATIVE]: Mutex Locked
11-29 14:11:00.716 D/ITvService( 2656): BnTvService::onTransact(): code not found, entering default case
11-29 14:11:00.716 D/ITvService( 2656): [NATIVE]: Mutex Unlocked
11-29 14:11:00.723 V/cps-QoSControlProxy( 4365): --------------------------------------------------------------------------------
11-29 14:11:00.723 V/cps-QoSControlProxy( 4365): >> [call end][2749][6ms][pid=3706][proc=insight.tr069.client]:
11-29 14:11:00.723 V/cps-QoSControlProxy( 4365): setConfigurationParameter (
11-29 14:11:00.723 V/cps-QoSControlProxy( 4365): 	protocol=VODOTT, 
11-29 14:11:00.723 V/cps-QoSControlProxy( 4365): 	parameter=SEVERELOSSMINLENGTH, 
11-29 14:11:00.723 V/cps-QoSControlProxy( 4365): 	value=0 
11-29 14:11:00.723 V/cps-QoSControlProxy( 4365): )
11-29 14:11:00.723 V/cps-QoSControlProxy( 4365): result=0
11-29 14:11:00.723 V/cps-QoSControlProxy( 4365): --------------------------------------------------------------------------------
11-29 14:11:00.735 V/cps-ScanControlProxy( 4365): --------------------------------------------------------------------------------
11-29 14:11:00.735 V/cps-ScanControlProxy( 4365): <<< [call begin][2750][pid=3706][proc=insight.tr069.client]:
11-29 14:11:00.735 V/cps-ScanControlProxy( 4365): isScanRunning (
11-29 14:11:00.735 V/cps-ScanControlProxy( 4365):  
11-29 14:11:00.735 V/cps-ScanControlProxy( 4365): )
11-29 14:11:00.735 V/cps-ScanControlProxy( 4365): --------------------------------------------------------------------------------
11-29 14:11:00.735 W/ScanControl( 4365): isScanRunning Not implemented
11-29 14:11:00.735 D/HLSFetch( 2656): [download_playlist:920][function enter]
11-29 14:11:00.743 V/cps-ScanControlProxy( 4365): --------------------------------------------------------------------------------
11-29 14:11:00.743 V/cps-ScanControlProxy( 4365): >> [call end][2750][4ms][pid=3706][proc=insight.tr069.client]:
11-29 14:11:00.743 V/cps-ScanControlProxy( 4365): isScanRunning (
11-29 14:11:00.743 V/cps-ScanControlProxy( 4365):  
11-29 14:11:00.743 V/cps-ScanControlProxy( 4365): )
11-29 14:11:00.743 V/cps-ScanControlProxy( 4365): result=false
11-29 14:11:00.743 V/cps-ScanControlProxy( 4365): --------------------------------------------------------------------------------
11-29 14:11:00.753 V/cps-ServiceControlProxy( 4365): --------------------------------------------------------------------------------
11-29 14:11:00.753 V/cps-ServiceControlProxy( 4365): <<< [call begin][2751][pid=3706][proc=insight.tr069.client]:
11-29 14:11:00.753 V/cps-ServiceControlProxy( 4365): getActiveService (
11-29 14:11:00.753 V/cps-ServiceControlProxy( 4365): 	routeID=-1485848576 
11-29 14:11:00.753 V/cps-ServiceControlProxy( 4365): )
11-29 14:11:00.753 V/cps-ServiceControlProxy( 4365): --------------------------------------------------------------------------------
11-29 14:11:00.753 E/ServiceControl( 4365): getCurrentServiceIndex()
11-29 14:11:00.754 D/ITvService( 2656): [NATIVE]: Mutex Locked
11-29 14:11:00.754 D/ITvService( 2656): [NATIVE]: serviceZapperGetActiveService
11-29 14:11:00.754 D/TvService( 2656): TvService::serviceZapperGetActiveService
11-29 14:11:00.754 D/TvService( 2656): TvService::getActiveServiceIndex: Active service list is 0, and index is 7
11-29 14:11:00.754 D/ITvService( 2656): [NATIVE]: serviceZapperGetActiveService return: 0
11-29 14:11:00.754 D/ITvService( 2656): [NATIVE]: Mutex Unlocked
11-29 14:11:00.755 E/ServiceControl( 4365): get current service index OK
11-29 14:11:00.765 V/cps-ServiceControlProxy( 4365): --------------------------------------------------------------------------------
11-29 14:11:00.765 V/cps-ServiceControlProxy( 4365): >> [call end][2751][8ms][pid=3706][proc=insight.tr069.client]:
11-29 14:11:00.765 V/cps-ServiceControlProxy( 4365): getActiveService (
11-29 14:11:00.765 V/cps-ServiceControlProxy( 4365): 	routeID=-1485848576 
11-29 14:11:00.765 V/cps-ServiceControlProxy( 4365): )
11-29 14:11:00.765 V/cps-ServiceControlProxy( 4365): result=Service [input=0, index=7 ]
11-29 14:11:00.765 V/cps-ServiceControlProxy( 4365): --------------------------------------------------------------------------------
11-29 14:11:00.771 V/cps-ServiceControlProxy( 4365): --------------------------------------------------------------------------------
11-29 14:11:00.771 V/cps-ServiceControlProxy( 4365): <<< [call begin][2752][pid=3706][proc=insight.tr069.client]:
11-29 14:11:00.771 V/cps-ServiceControlProxy( 4365): getExtendedServiceInfo (
11-29 14:11:00.771 V/cps-ServiceControlProxy( 4365): 	listIndex=0, 
11-29 14:11:00.771 V/cps-ServiceControlProxy( 4365): 	serviceIndex=7 
11-29 14:11:00.771 V/cps-ServiceControlProxy( 4365): )
11-29 14:11:00.771 V/cps-ServiceControlProxy( 4365): --------------------------------------------------------------------------------
11-29 14:11:00.771 W/ServiceControl( 4365): getExtendedServiceInfo not implemented
11-29 14:11:00.779 V/cps-ServiceControlProxy( 4365): --------------------------------------------------------------------------------
11-29 14:11:00.779 V/cps-ServiceControlProxy( 4365): >> [call end][2752][5ms][pid=3706][proc=insight.tr069.client]:
11-29 14:11:00.779 V/cps-ServiceControlProxy( 4365): getExtendedServiceInfo (
11-29 14:11:00.779 V/cps-ServiceControlProxy( 4365): 	listIndex=0, 
11-29 14:11:00.779 V/cps-ServiceControlProxy( 4365): 	serviceIndex=7 
11-29 14:11:00.779 V/cps-ServiceControlProxy( 4365): )
11-29 14:11:00.779 V/cps-ServiceControlProxy( 4365): result=null
11-29 14:11:00.779 V/cps-ServiceControlProxy( 4365): --------------------------------------------------------------------------------
11-29 14:11:00.784 V/cps-ServiceControlProxy( 4365): --------------------------------------------------------------------------------
11-29 14:11:00.784 V/cps-ServiceControlProxy( 4365): <<< [call begin][2753][pid=3706][proc=insight.tr069.client]:
11-29 14:11:00.784 V/cps-ServiceControlProxy( 4365): getServiceDescriptor (
11-29 14:11:00.784 V/cps-ServiceControlProxy( 4365): 	listIndex=0, 
11-29 14:11:00.784 V/cps-ServiceControlProxy( 4365): 	serviceIndex=7 
11-29 14:11:00.784 V/cps-ServiceControlProxy( 4365): )
11-29 14:11:00.784 V/cps-ServiceControlProxy( 4365): --------------------------------------------------------------------------------
11-29 14:11:00.784 E/ServiceControl( 4365): getService()
11-29 14:11:00.784 D/ITvService( 2656): [NATIVE]: Mutex Locked
11-29 14:11:00.784 D/ITvService( 2656): [NATIVE]: serviceZapperGetServiceDesc
11-29 14:11:00.784 D/TvService( 2656): TvService::serviceZapperGetServiceDesc: serviceListIndex = 0, serviceIndex = 7
11-29 14:11:00.784 D/TvService( 2656): TvService::serviceZapperGetServiceDesc: serviceDesc = 0xb410b300, errorCode = 0
11-29 14:11:00.784 D/ITvService( 2656): [NATIVE]: serviceZapperGetServiceDesc return: 0xb410b300, name: TV5MONDE
11-29 14:11:00.784 D/ITvService( 2656): [NATIVE]: Mutex Unlocked
11-29 14:11:00.784 E/ServiceControl( 4365): get service  OK
11-29 14:11:00.790 V/cps-ServiceControlProxy( 4365): --------------------------------------------------------------------------------
11-29 14:11:00.790 V/cps-ServiceControlProxy( 4365): >> [call end][2753][5ms][pid=3706][proc=insight.tr069.client]:
11-29 14:11:00.790 V/cps-ServiceControlProxy( 4365): getServiceDescriptor (
11-29 14:11:00.790 V/cps-ServiceControlProxy( 4365): 	listIndex=0, 
11-29 14:11:00.790 V/cps-ServiceControlProxy( 4365): 	serviceIndex=7 
11-29 14:11:00.790 V/cps-ServiceControlProxy( 4365): )
11-29 14:11:00.790 V/cps-ServiceControlProxy( 4365): result=ServiceDescriptor [name=TV5MONDE, index=7, serviceType=DIG_TV, sourceType=IP, LCN=7, ONID =1, TSID =8, NID =0, serviceId =1, freq =0, scrambled=false, hidden = true, selectable =false, networkName = ]
11-29 14:11:00.790 V/cps-ServiceControlProxy( 4365): --------------------------------------------------------------------------------
11-29 14:11:00.802 V/cps-ScanControlProxy( 4365): --------------------------------------------------------------------------------
11-29 14:11:00.802 V/cps-ScanControlProxy( 4365): <<< [call begin][2754][pid=3706][proc=insight.tr069.client]:
11-29 14:11:00.802 V/cps-ScanControlProxy( 4365): isScanRunning (
11-29 14:11:00.802 V/cps-ScanControlProxy( 4365):  
11-29 14:11:00.802 V/cps-ScanControlProxy( 4365): )
11-29 14:11:00.802 V/cps-ScanControlProxy( 4365): --------------------------------------------------------------------------------
11-29 14:11:00.802 W/ScanControl( 4365): isScanRunning Not implemented
11-29 14:11:00.809 V/cps-ScanControlProxy( 4365): --------------------------------------------------------------------------------
11-29 14:11:00.809 V/cps-ScanControlProxy( 4365): >> [call end][2754][10ms][pid=3706][proc=insight.tr069.client]:
11-29 14:11:00.809 V/cps-ScanControlProxy( 4365): isScanRunning (
11-29 14:11:00.809 V/cps-ScanControlProxy( 4365):  
11-29 14:11:00.809 V/cps-ScanControlProxy( 4365): )
11-29 14:11:00.809 V/cps-ScanControlProxy( 4365): result=false
11-29 14:11:00.809 V/cps-ScanControlProxy( 4365): --------------------------------------------------------------------------------
11-29 14:11:00.816 V/cps-PvrControlProxy( 4365): --------------------------------------------------------------------------------
11-29 14:11:00.816 V/cps-PvrControlProxy( 4365): <<< [call begin][2755][pid=3706][proc=insight.tr069.client]:
11-29 14:11:00.816 V/cps-PvrControlProxy( 4365): getDevicePath (
11-29 14:11:00.816 V/cps-PvrControlProxy( 4365):  
11-29 14:11:00.816 V/cps-PvrControlProxy( 4365): )
11-29 14:11:00.816 V/cps-PvrControlProxy( 4365): --------------------------------------------------------------------------------
11-29 14:11:00.817 E/PvrControl( 4365): getDevicePath()
11-29 14:11:00.817 D/ITvService( 2656): [NATIVE]: Mutex Locked
11-29 14:11:00.817 D/ITvService( 2656): [NATIVE] pvrSetMediaPath
11-29 14:11:00.817 D/TvService( 2656): TvService::MAL_PVR_GetDevicePath()
11-29 14:11:00.817 D/TvService( 2656): TvService::MAL_PVR_GetDevicePath() result = 0
11-29 14:11:00.818 D/ITvService( 2656): [NATIVE] pvrSetMediaPath return!
11-29 14:11:00.818 D/ITvService( 2656): [NATIVE]: Mutex Unlocked
11-29 14:11:00.822 V/cps-PvrControlProxy( 4365): --------------------------------------------------------------------------------
11-29 14:11:00.822 V/cps-PvrControlProxy( 4365): >> [call end][2755][7ms][pid=3706][proc=insight.tr069.client]:
11-29 14:11:00.822 V/cps-PvrControlProxy( 4365): getDevicePath (
11-29 14:11:00.822 V/cps-PvrControlProxy( 4365):  
11-29 14:11:00.822 V/cps-PvrControlProxy( 4365): )
11-29 14:11:00.822 V/cps-PvrControlProxy( 4365): result=/storage/emulated
11-29 14:11:00.822 V/cps-PvrControlProxy( 4365): --------------------------------------------------------------------------------
11-29 14:11:00.832 V/cps-QoSControlProxy( 4365): --------------------------------------------------------------------------------
11-29 14:11:00.832 V/cps-QoSControlProxy( 4365): <<< [call begin][2756][pid=3706][proc=insight.tr069.client]:
11-29 14:11:00.832 V/cps-QoSControlProxy( 4365): getTotalDVBTServices (
11-29 14:11:00.832 V/cps-QoSControlProxy( 4365):  
11-29 14:11:00.832 V/cps-QoSControlProxy( 4365): )
11-29 14:11:00.832 V/cps-QoSControlProxy( 4365): --------------------------------------------------------------------------------
11-29 14:11:00.832 D/ITvService( 2656): [NATIVE]: Mutex Locked
11-29 14:11:00.832 D/ITvService( 2656): BnTvService::onTransact(): code not found, entering default case
11-29 14:11:00.832 D/ITvService( 2656): [NATIVE]: Mutex Unlocked
11-29 14:11:00.840 V/cps-QoSControlProxy( 4365): --------------------------------------------------------------------------------
11-29 14:11:00.840 V/cps-QoSControlProxy( 4365): >> [call end][2756][6ms][pid=3706][proc=insight.tr069.client]:
11-29 14:11:00.840 V/cps-QoSControlProxy( 4365): getTotalDVBTServices (
11-29 14:11:00.840 V/cps-QoSControlProxy( 4365):  
11-29 14:11:00.840 V/cps-QoSControlProxy( 4365): )
11-29 14:11:00.840 V/cps-QoSControlProxy( 4365): result=0
11-29 14:11:00.840 V/cps-QoSControlProxy( 4365): --------------------------------------------------------------------------------
11-29 14:11:00.865 D/HLSFetch( 2656): [write_playlist_cb:896][function enter]
11-29 14:11:00.865 D/HLSFetch( 2656): [download_playlist:966][200; URL: http://abrademos.abertistelecom.com/Content/HLS/Live/Channel(abrademo23)/Stream(01)/index.m3u8]
11-29 14:11:00.866 D/HLSFetch( 2656): [is_media_playlist:1520][function enter]
11-29 14:11:00.866 D/HLSFetch( 2656): [parse_media_m3u8_list:1830][function enter]
11-29 14:11:00.866 D/HLSFetch( 2656): [is_media_playlist:1520][function enter]
11-29 14:11:00.866 D/HLSFetch( 2656): [playlist_thread_fn:2442][playlist_thread_fn sleeping time  7869832 us]
11-29 14:11:01.054 D/iWediaTvInput_TvSession( 6378): [onTimeShiftGetStartPosition]
11-29 14:11:01.054 D/iWediaTvInput_TvSession( 6378): [onTimeShiftGetStartPosition][time=0]
11-29 14:11:01.054 D/iWediaTvInput_TvSession( 6378): [onTimeShiftGetCurrentPosition]
11-29 14:11:01.054 D/iWediaTvInput_TvSession( 6378): [onTimeShiftGetCurrentPosition][time=0]
11-29 14:11:01.688 D/HLSFetch( 2656): [download_segment:1415][function enter]
11-29 14:11:01.688 D/HLSFetch( 2656): [download_segment:1443][SEGMENT URL http://abrademos.abertistelecom.com/Content/HLS/Live/Channel(abrademo23)/Stream(01)/Segment(14804250170000000)/segment.ts]
11-29 14:11:01.850 V/cps-QoSControlProxy( 4365): --------------------------------------------------------------------------------
11-29 14:11:01.850 V/cps-QoSControlProxy( 4365): <<< [call begin][2757][pid=3706][proc=insight.tr069.client]:
11-29 14:11:01.850 V/cps-QoSControlProxy( 4365): getTotalDVBTServices (
11-29 14:11:01.850 V/cps-QoSControlProxy( 4365):  
11-29 14:11:01.850 V/cps-QoSControlProxy( 4365): )
11-29 14:11:01.850 V/cps-QoSControlProxy( 4365): --------------------------------------------------------------------------------
11-29 14:11:01.850 D/ITvService( 2656): [NATIVE]: Mutex Locked
11-29 14:11:01.850 D/ITvService( 2656): BnTvService::onTransact(): code not found, entering default case
11-29 14:11:01.850 D/ITvService( 2656): [NATIVE]: Mutex Unlocked
11-29 14:11:01.859 V/cps-QoSControlProxy( 4365): --------------------------------------------------------------------------------
11-29 14:11:01.859 V/cps-QoSControlProxy( 4365): >> [call end][2757][11ms][pid=3706][proc=insight.tr069.client]:
11-29 14:11:01.859 V/cps-QoSControlProxy( 4365): getTotalDVBTServices (
11-29 14:11:01.859 V/cps-QoSControlProxy( 4365):  
11-29 14:11:01.859 V/cps-QoSControlProxy( 4365): )
11-29 14:11:01.859 V/cps-QoSControlProxy( 4365): result=0
11-29 14:11:01.859 V/cps-QoSControlProxy( 4365): --------------------------------------------------------------------------------
11-29 14:11:01.874 D/HLSFetch( 2656): [write_segment_cb:1226][write_segment_cb - new_segment->start_pts 316255565, new_segment->end_pts 317155565 ]
11-29 14:11:01.874 D/HLSFetch( 2656): [write_segment_cb:1244][new_segment->base_position 0 ]
11-29 14:11:02.056 D/iWediaTvInput_TvSession( 6378): [onTimeShiftGetStartPosition]
11-29 14:11:02.056 D/iWediaTvInput_TvSession( 6378): [onTimeShiftGetStartPosition][time=0]
11-29 14:11:02.056 D/iWediaTvInput_TvSession( 6378): [onTimeShiftGetCurrentPosition]
11-29 14:11:02.056 D/iWediaTvInput_TvSession( 6378): [onTimeShiftGetCurrentPosition][time=0]
11-29 14:11:02.873 V/cps-QoSControlProxy( 4365): --------------------------------------------------------------------------------
11-29 14:11:02.873 V/cps-QoSControlProxy( 4365): <<< [call begin][2758][pid=3706][proc=insight.tr069.client]:
11-29 14:11:02.873 V/cps-QoSControlProxy( 4365): getTotalDVBTServices (
11-29 14:11:02.873 V/cps-QoSControlProxy( 4365):  
11-29 14:11:02.873 V/cps-QoSControlProxy( 4365): )
11-29 14:11:02.873 V/cps-QoSControlProxy( 4365): --------------------------------------------------------------------------------
11-29 14:11:02.874 D/ITvService( 2656): [NATIVE]: Mutex Locked
11-29 14:11:02.874 D/ITvService( 2656): BnTvService::onTransact(): code not found, entering default case
11-29 14:11:02.874 D/ITvService( 2656): [NATIVE]: Mutex Unlocked
11-29 14:11:02.879 V/cps-QoSControlProxy( 4365): --------------------------------------------------------------------------------
11-29 14:11:02.879 V/cps-QoSControlProxy( 4365): >> [call end][2758][7ms][pid=3706][proc=insight.tr069.client]:
11-29 14:11:02.879 V/cps-QoSControlProxy( 4365): getTotalDVBTServices (
11-29 14:11:02.879 V/cps-QoSControlProxy( 4365):  
11-29 14:11:02.879 V/cps-QoSControlProxy( 4365): )
11-29 14:11:02.879 V/cps-QoSControlProxy( 4365): result=0
11-29 14:11:02.879 V/cps-QoSControlProxy( 4365): --------------------------------------------------------------------------------
11-29 14:11:03.057 D/iWediaTvInput_TvSession( 6378): [onTimeShiftGetStartPosition]
11-29 14:11:03.057 D/iWediaTvInput_TvSession( 6378): [onTimeShiftGetStartPosition][time=0]
11-29 14:11:03.058 D/iWediaTvInput_TvSession( 6378): [onTimeShiftGetCurrentPosition]
11-29 14:11:03.058 D/iWediaTvInput_TvSession( 6378): [onTimeShiftGetCurrentPosition][time=0]
11-29 14:11:03.262 V/cps-PvrControlProxy( 4365): --------------------------------------------------------------------------------
11-29 14:11:03.262 V/cps-PvrControlProxy( 4365): <<< [call begin][2759][pid=3706][proc=insight.tr069.client]:
11-29 14:11:03.262 V/cps-PvrControlProxy( 4365): getDevicePath (
11-29 14:11:03.262 V/cps-PvrControlProxy( 4365):  
11-29 14:11:03.262 V/cps-PvrControlProxy( 4365): )
11-29 14:11:03.262 V/cps-PvrControlProxy( 4365): --------------------------------------------------------------------------------
11-29 14:11:03.262 E/PvrControl( 4365): getDevicePath()
11-29 14:11:03.263 D/ITvService( 2656): [NATIVE]: Mutex Locked
11-29 14:11:03.263 D/ITvService( 2656): [NATIVE] pvrSetMediaPath
11-29 14:11:03.263 D/TvService( 2656): TvService::MAL_PVR_GetDevicePath()
11-29 14:11:03.263 D/TvService( 2656): TvService::MAL_PVR_GetDevicePath() result = 0
11-29 14:11:03.289 D/ITvService( 2656): [NATIVE] pvrSetMediaPath return!
11-29 14:11:03.289 D/ITvService( 2656): [NATIVE]: Mutex Unlocked
11-29 14:11:03.293 V/cps-PvrControlProxy( 4365): --------------------------------------------------------------------------------
11-29 14:11:03.293 V/cps-PvrControlProxy( 4365): >> [call end][2759][37ms][pid=3706][proc=insight.tr069.client]:
11-29 14:11:03.293 V/cps-PvrControlProxy( 4365): getDevicePath (
11-29 14:11:03.293 V/cps-PvrControlProxy( 4365):  
11-29 14:11:03.293 V/cps-PvrControlProxy( 4365): )
11-29 14:11:03.293 V/cps-PvrControlProxy( 4365): result=/storage/emulated
11-29 14:11:03.293 V/cps-PvrControlProxy( 4365): --------------------------------------------------------------------------------
11-29 14:11:03.308 V/cps-MountControlProxy( 4365): --------------------------------------------------------------------------------
11-29 14:11:03.308 V/cps-MountControlProxy( 4365): <<< [call begin][2760][pid=3706][proc=insight.tr069.client]:
11-29 14:11:03.308 V/cps-MountControlProxy( 4365): getNumberOfMountedStorageDevices (
11-29 14:11:03.308 V/cps-MountControlProxy( 4365):  
11-29 14:11:03.308 V/cps-MountControlProxy( 4365): )
11-29 14:11:03.308 V/cps-MountControlProxy( 4365): --------------------------------------------------------------------------------
11-29 14:11:03.341 V/cps-MountControlProxy( 4365): --------------------------------------------------------------------------------
11-29 14:11:03.341 V/cps-MountControlProxy( 4365): >> [call end][2760][11ms][pid=3706][proc=insight.tr069.client]:
11-29 14:11:03.341 V/cps-MountControlProxy( 4365): getNumberOfMountedStorageDevices (
11-29 14:11:03.341 V/cps-MountControlProxy( 4365):  
11-29 14:11:03.341 V/cps-MountControlProxy( 4365): )
11-29 14:11:03.341 V/cps-MountControlProxy( 4365): result=0
11-29 14:11:03.341 V/cps-MountControlProxy( 4365): --------------------------------------------------------------------------------
11-29 14:11:03.886 V/cps-QoSControlProxy( 4365): --------------------------------------------------------------------------------
11-29 14:11:03.886 V/cps-QoSControlProxy( 4365): <<< [call begin][2761][pid=3706][proc=insight.tr069.client]:
11-29 14:11:03.886 V/cps-QoSControlProxy( 4365): getTotalDVBTServices (
11-29 14:11:03.886 V/cps-QoSControlProxy( 4365):  
11-29 14:11:03.886 V/cps-QoSControlProxy( 4365): )
11-29 14:11:03.886 V/cps-QoSControlProxy( 4365): --------------------------------------------------------------------------------
11-29 14:11:03.888 D/ITvService( 2656): [NATIVE]: Mutex Locked
11-29 14:11:03.888 D/ITvService( 2656): BnTvService::onTransact(): code not found, entering default case
11-29 14:11:03.888 D/ITvService( 2656): [NATIVE]: Mutex Unlocked
11-29 14:11:03.892 V/cps-QoSControlProxy( 4365): --------------------------------------------------------------------------------
11-29 14:11:03.892 V/cps-QoSControlProxy( 4365): >> [call end][2761][7ms][pid=3706][proc=insight.tr069.client]:
11-29 14:11:03.892 V/cps-QoSControlProxy( 4365): getTotalDVBTServices (
11-29 14:11:03.892 V/cps-QoSControlProxy( 4365):  
11-29 14:11:03.892 V/cps-QoSControlProxy( 4365): )
11-29 14:11:03.892 V/cps-QoSControlProxy( 4365): result=0
11-29 14:11:03.892 V/cps-QoSControlProxy( 4365): --------------------------------------------------------------------------------
11-29 14:11:04.058 D/iWediaTvInput_TvSession( 6378): [onTimeShiftGetStartPosition]
11-29 14:11:04.059 D/iWediaTvInput_TvSession( 6378): [onTimeShiftGetStartPosition][time=0]
11-29 14:11:04.059 D/iWediaTvInput_TvSession( 6378): [onTimeShiftGetCurrentPosition]
11-29 14:11:04.059 D/iWediaTvInput_TvSession( 6378): [onTimeShiftGetCurrentPosition][time=0]
11-29 14:11:04.876 D/HLSFetch( 2656): [progress_callback:1330][[intermediate measurement] Speed: 17517470 ]
11-29 14:11:04.901 V/cps-QoSControlProxy( 4365): --------------------------------------------------------------------------------
11-29 14:11:04.901 V/cps-QoSControlProxy( 4365): <<< [call begin][2762][pid=3706][proc=insight.tr069.client]:
11-29 14:11:04.901 V/cps-QoSControlProxy( 4365): getTotalDVBTServices (
11-29 14:11:04.901 V/cps-QoSControlProxy( 4365):  
11-29 14:11:04.901 V/cps-QoSControlProxy( 4365): )
11-29 14:11:04.901 V/cps-QoSControlProxy( 4365): --------------------------------------------------------------------------------
11-29 14:11:04.902 D/ITvService( 2656): [NATIVE]: Mutex Locked
11-29 14:11:04.902 D/ITvService( 2656): BnTvService::onTransact(): code not found, entering default case
11-29 14:11:04.902 D/ITvService( 2656): [NATIVE]: Mutex Unlocked
11-29 14:11:04.906 V/cps-QoSControlProxy( 4365): --------------------------------------------------------------------------------
11-29 14:11:04.906 V/cps-QoSControlProxy( 4365): >> [call end][2762][6ms][pid=3706][proc=insight.tr069.client]:
11-29 14:11:04.906 V/cps-QoSControlProxy( 4365): getTotalDVBTServices (
11-29 14:11:04.906 V/cps-QoSControlProxy( 4365):  
11-29 14:11:04.906 V/cps-QoSControlProxy( 4365): )
11-29 14:11:04.906 V/cps-QoSControlProxy( 4365): result=0
11-29 14:11:04.906 V/cps-QoSControlProxy( 4365): --------------------------------------------------------------------------------
11-29 14:11:05.070 D/iWediaTvInput_TvSession( 6378): [onTimeShiftGetStartPosition]
11-29 14:11:05.070 D/iWediaTvInput_TvSession( 6378): [onTimeShiftGetStartPosition][time=0]
11-29 14:11:05.070 D/iWediaTvInput_TvSession( 6378): [onTimeShiftGetCurrentPosition]
11-29 14:11:05.070 D/iWediaTvInput_TvSession( 6378): [onTimeShiftGetCurrentPosition][time=0]
11-29 14:11:05.572 D/HLSFetch( 2656): [[1;32;40mhlsfetch_read:3191[0;38;40m][New segment detected: 27801919]
11-29 14:11:05.807 D/HLSFetch( 2656): [download_segment:1472][200; URL: http://abrademos.abertistelecom.com/Content/HLS/Live/Channel(abrademo23)/Stream(01)/Segment(14804250170000000)/segment.ts]
11-29 14:11:05.807 D/HLSFetch( 2656): [download_segment:1490][200; Speed: 15280056 bps; size:  7512104; seq: 148042502; URL: http://abrademos.abertistelecom.com/Content/HLS/Live/Channel(abrademo23)/Stream(01)/Segment(14804250170000000)/segment.ts DLTIME: 3.933023]
11-29 14:11:05.807 D/HLSFetch( 2656): [download_segment:1491][CURL TIMINGS: total_time = 4.119066, start_transfer_time = 0.186043, namelookup_time = 0.001325, connect_time = 0.026800, appconnect_time = 0.000000, pretransfer_time = 0.026939 ]
11-29 14:11:05.807 D/HLSFetch( 2656): [updateQOSData_SegmentDownload:439][chunksExpectedCount: 56, totalChunksExpectedCount: 56
11-29 14:11:05.807 D/HLSFetch( 2656): ]
11-29 14:11:05.807 D/HLSFetch( 2656): [updateQOSData_SegmentDownload:442][chunksReceivedCount: 56; totalChunksReceivedCount: 56
11-29 14:11:05.807 D/HLSFetch( 2656): ]
11-29 14:11:05.807 D/HLSFetch( 2656): [download_thread_fn:2659][Segment written to output buffer, size  7512104, cached data     5142]
11-29 14:11:05.807 D/HLSFetch( 2656): [download_thread_fn:2662][target_duration_us 10000000 ]
11-29 14:11:05.807 D/HLSFetch( 2656): [download_thread_fn:2667][Near buffer underrun - target_duration_us 0 ]
11-29 14:11:05.807 D/HLSFetch( 2656): [[1;32;40mdownload_thread_fn:2686[0;38;40m][Average download speed: 13817820 bps]
11-29 14:11:05.811 D/HLSFetch( 2656): [hlsfetch_adapt:3815][Up count 5 down count 0 avg speed 13817820]
11-29 14:11:05.813 D/HLSFetch( 2656): [download_thread_fn:2788][download_thread_fn sleeping time -4125249 us]
11-29 14:11:05.813 D/HLSFetch( 2656): [download_thread_fn:2524][Download list is empty...]
11-29 14:11:05.813 D/HLSFetch( 2656): [download_thread_fn:2788][download_thread_fn sleeping time   999984 us]
11-29 14:11:05.912 V/cps-QoSControlProxy( 4365): --------------------------------------------------------------------------------
11-29 14:11:05.912 V/cps-QoSControlProxy( 4365): <<< [call begin][2763][pid=3706][proc=insight.tr069.client]:
11-29 14:11:05.912 V/cps-QoSControlProxy( 4365): getTotalDVBTServices (
11-29 14:11:05.912 V/cps-QoSControlProxy( 4365):  
11-29 14:11:05.912 V/cps-QoSControlProxy( 4365): )
11-29 14:11:05.912 V/cps-QoSControlProxy( 4365): --------------------------------------------------------------------------------
11-29 14:11:05.913 D/ITvService( 2656): [NATIVE]: Mutex Locked
11-29 14:11:05.913 D/ITvService( 2656): BnTvService::onTransact(): code not found, entering default case
11-29 14:11:05.913 D/ITvService( 2656): [NATIVE]: Mutex Unlocked
11-29 14:11:05.918 V/cps-QoSControlProxy( 4365): --------------------------------------------------------------------------------
11-29 14:11:05.918 V/cps-QoSControlProxy( 4365): >> [call end][2763][6ms][pid=3706][proc=insight.tr069.client]:
11-29 14:11:05.918 V/cps-QoSControlProxy( 4365): getTotalDVBTServices (
11-29 14:11:05.918 V/cps-QoSControlProxy( 4365):  
11-29 14:11:05.918 V/cps-QoSControlProxy( 4365): )
11-29 14:11:05.918 V/cps-QoSControlProxy( 4365): result=0
11-29 14:11:05.918 V/cps-QoSControlProxy( 4365): --------------------------------------------------------------------------------
11-29 14:11:06.071 D/iWediaTvInput_TvSession( 6378): [onTimeShiftGetStartPosition]
11-29 14:11:06.071 D/iWediaTvInput_TvSession( 6378): [onTimeShiftGetStartPosition][time=0]
11-29 14:11:06.071 D/iWediaTvInput_TvSession( 6378): [onTimeShiftGetCurrentPosition]
11-29 14:11:06.071 D/iWediaTvInput_TvSession( 6378): [onTimeShiftGetCurrentPosition][time=0]
11-29 14:11:06.814 D/HLSFetch( 2656): [download_thread_fn:2524][Download list is empty...]
11-29 14:11:06.814 D/HLSFetch( 2656): [download_thread_fn:2788][download_thread_fn sleeping time   999936 us]
11-29 14:11:06.924 V/cps-QoSControlProxy( 4365): --------------------------------------------------------------------------------
11-29 14:11:06.924 V/cps-QoSControlProxy( 4365): <<< [call begin][2764][pid=3706][proc=insight.tr069.client]:
11-29 14:11:06.924 V/cps-QoSControlProxy( 4365): getTotalDVBTServices (
11-29 14:11:06.924 V/cps-QoSControlProxy( 4365):  
11-29 14:11:06.924 V/cps-QoSControlProxy( 4365): )
11-29 14:11:06.924 V/cps-QoSControlProxy( 4365): --------------------------------------------------------------------------------
11-29 14:11:06.924 D/ITvService( 2656): [NATIVE]: Mutex Locked
11-29 14:11:06.924 D/ITvService( 2656): BnTvService::onTransact(): code not found, entering default case
11-29 14:11:06.924 D/ITvService( 2656): [NATIVE]: Mutex Unlocked
11-29 14:11:06.933 V/cps-QoSControlProxy( 4365): --------------------------------------------------------------------------------
11-29 14:11:06.933 V/cps-QoSControlProxy( 4365): >> [call end][2764][4ms][pid=3706][proc=insight.tr069.client]:
11-29 14:11:06.933 V/cps-QoSControlProxy( 4365): getTotalDVBTServices (
11-29 14:11:06.933 V/cps-QoSControlProxy( 4365):  
11-29 14:11:06.933 V/cps-QoSControlProxy( 4365): )
11-29 14:11:06.933 V/cps-QoSControlProxy( 4365): result=0
11-29 14:11:06.933 V/cps-QoSControlProxy( 4365): --------------------------------------------------------------------------------
11-29 14:11:07.072 D/iWediaTvInput_TvSession( 6378): [onTimeShiftGetStartPosition]
11-29 14:11:07.072 D/iWediaTvInput_TvSession( 6378): [onTimeShiftGetStartPosition][time=0]
11-29 14:11:07.072 D/iWediaTvInput_TvSession( 6378): [onTimeShiftGetCurrentPosition]
11-29 14:11:07.072 D/iWediaTvInput_TvSession( 6378): [onTimeShiftGetCurrentPosition][time=0]
11-29 14:11:07.814 D/HLSFetch( 2656): [download_thread_fn:2524][Download list is empty...]
11-29 14:11:07.814 D/HLSFetch( 2656): [download_thread_fn:2788][download_thread_fn sleeping time   999946 us]
11-29 14:11:07.938 V/cps-QoSControlProxy( 4365): --------------------------------------------------------------------------------
11-29 14:11:07.938 V/cps-QoSControlProxy( 4365): <<< [call begin][2765][pid=3706][proc=insight.tr069.client]:
11-29 14:11:07.938 V/cps-QoSControlProxy( 4365): getTotalDVBTServices (
11-29 14:11:07.938 V/cps-QoSControlProxy( 4365):  
11-29 14:11:07.938 V/cps-QoSControlProxy( 4365): )
11-29 14:11:07.938 V/cps-QoSControlProxy( 4365): --------------------------------------------------------------------------------
11-29 14:11:07.938 D/ITvService( 2656): [NATIVE]: Mutex Locked
11-29 14:11:07.939 D/ITvService( 2656): BnTvService::onTransact(): code not found, entering default case
11-29 14:11:07.939 D/ITvService( 2656): [NATIVE]: Mutex Unlocked
11-29 14:11:07.944 V/cps-QoSControlProxy( 4365): --------------------------------------------------------------------------------
11-29 14:11:07.944 V/cps-QoSControlProxy( 4365): >> [call end][2765][5ms][pid=3706][proc=insight.tr069.client]:
11-29 14:11:07.944 V/cps-QoSControlProxy( 4365): getTotalDVBTServices (
11-29 14:11:07.944 V/cps-QoSControlProxy( 4365):  
11-29 14:11:07.944 V/cps-QoSControlProxy( 4365): )
11-29 14:11:07.944 V/cps-QoSControlProxy( 4365): result=0
11-29 14:11:07.944 V/cps-QoSControlProxy( 4365): --------------------------------------------------------------------------------
11-29 14:11:08.073 D/iWediaTvInput_TvSession( 6378): [onTimeShiftGetStartPosition]
11-29 14:11:08.073 D/iWediaTvInput_TvSession( 6378): [onTimeShiftGetStartPosition][time=0]
11-29 14:11:08.073 D/iWediaTvInput_TvSession( 6378): [onTimeShiftGetCurrentPosition]
11-29 14:11:08.073 D/iWediaTvInput_TvSession( 6378): [onTimeShiftGetCurrentPosition][time=0]
11-29 14:11:08.732 V/cps-PvrControlProxy( 4365): --------------------------------------------------------------------------------
11-29 14:11:08.732 V/cps-PvrControlProxy( 4365): <<< [call begin][2766][pid=3706][proc=insight.tr069.client]:
11-29 14:11:08.732 V/cps-PvrControlProxy( 4365): getDevicePath (
11-29 14:11:08.732 V/cps-PvrControlProxy( 4365):  
11-29 14:11:08.732 V/cps-PvrControlProxy( 4365): )
11-29 14:11:08.732 V/cps-PvrControlProxy( 4365): --------------------------------------------------------------------------------
11-29 14:11:08.732 E/PvrControl( 4365): getDevicePath()
11-29 14:11:08.732 D/ITvService( 2656): [NATIVE]: Mutex Locked
11-29 14:11:08.733 D/ITvService( 2656): [NATIVE] pvrSetMediaPath
11-29 14:11:08.733 D/TvService( 2656): TvService::MAL_PVR_GetDevicePath()
11-29 14:11:08.733 D/TvService( 2656): TvService::MAL_PVR_GetDevicePath() result = 0
11-29 14:11:08.733 D/ITvService( 2656): [NATIVE] pvrSetMediaPath return!
11-29 14:11:08.733 D/ITvService( 2656): [NATIVE]: Mutex Unlocked
11-29 14:11:08.739 V/cps-PvrControlProxy( 4365): --------------------------------------------------------------------------------
11-29 14:11:08.739 V/cps-PvrControlProxy( 4365): >> [call end][2766][7ms][pid=3706][proc=insight.tr069.client]:
11-29 14:11:08.739 V/cps-PvrControlProxy( 4365): getDevicePath (
11-29 14:11:08.739 V/cps-PvrControlProxy( 4365):  
11-29 14:11:08.739 V/cps-PvrControlProxy( 4365): )
11-29 14:11:08.739 V/cps-PvrControlProxy( 4365): result=/storage/emulated
11-29 14:11:08.739 V/cps-PvrControlProxy( 4365): --------------------------------------------------------------------------------
11-29 14:11:08.749 V/cps-MountControlProxy( 4365): --------------------------------------------------------------------------------
11-29 14:11:08.749 V/cps-MountControlProxy( 4365): <<< [call begin][2767][pid=3706][proc=insight.tr069.client]:
11-29 14:11:08.749 V/cps-MountControlProxy( 4365): getNumberOfMountedStorageDevices (
11-29 14:11:08.749 V/cps-MountControlProxy( 4365):  
11-29 14:11:08.749 V/cps-MountControlProxy( 4365): )
11-29 14:11:08.749 V/cps-MountControlProxy( 4365): --------------------------------------------------------------------------------
11-29 14:11:08.756 V/cps-MountControlProxy( 4365): --------------------------------------------------------------------------------
11-29 14:11:08.756 V/cps-MountControlProxy( 4365): >> [call end][2767][9ms][pid=3706][proc=insight.tr069.client]:
11-29 14:11:08.756 V/cps-MountControlProxy( 4365): getNumberOfMountedStorageDevices (
11-29 14:11:08.756 V/cps-MountControlProxy( 4365):  
11-29 14:11:08.756 V/cps-MountControlProxy( 4365): )
11-29 14:11:08.756 V/cps-MountControlProxy( 4365): result=0
11-29 14:11:08.756 V/cps-MountControlProxy( 4365): --------------------------------------------------------------------------------
11-29 14:11:08.772 D/HLSFetch( 2656): [download_playlist:920][function enter]
11-29 14:11:08.814 D/HLSFetch( 2656): [download_thread_fn:2524][Download list is empty...]
11-29 14:11:08.814 D/HLSFetch( 2656): [download_thread_fn:2788][download_thread_fn sleeping time   999930 us]
11-29 14:11:08.900 D/HLSFetch( 2656): [write_playlist_cb:896][function enter]
11-29 14:11:08.900 D/HLSFetch( 2656): [download_playlist:966][200; URL: http://abrademos.abertistelecom.com/Content/HLS/Live/Channel(abrademo23)/Stream(01)/index.m3u8]
11-29 14:11:08.900 D/HLSFetch( 2656): [is_media_playlist:1520][function enter]
11-29 14:11:08.900 D/HLSFetch( 2656): [parse_media_m3u8_list:1830][function enter]
11-29 14:11:08.900 D/HLSFetch( 2656): [is_media_playlist:1520][function enter]
11-29 14:11:08.900 D/HLSFetch( 2656): [playlist_thread_fn:2442][playlist_thread_fn sleeping time  7871582 us]
11-29 14:11:08.941 D/NexusCecService( 2376): virtual android::status_t NexusService::CecServiceManager::CecTxMessageHandler::outputCecMessage(const android::sp<android::AMessage>&): Outputting CEC0 message: src addr=0x04 dest addr=0x00 opcode=0x8F length=1 params='' [thread 2649]
11-29 14:11:08.953 V/cps-QoSControlProxy( 4365): --------------------------------------------------------------------------------
11-29 14:11:08.953 V/cps-QoSControlProxy( 4365): <<< [call begin][2768][pid=3706][proc=insight.tr069.client]:
11-29 14:11:08.953 V/cps-QoSControlProxy( 4365): getTotalDVBTServices (
11-29 14:11:08.953 V/cps-QoSControlProxy( 4365):  
11-29 14:11:08.953 V/cps-QoSControlProxy( 4365): )
11-29 14:11:08.953 V/cps-QoSControlProxy( 4365): --------------------------------------------------------------------------------
11-29 14:11:08.953 D/ITvService( 2656): [NATIVE]: Mutex Locked
11-29 14:11:08.953 D/ITvService( 2656): BnTvService::onTransact(): code not found, entering default case
11-29 14:11:08.953 D/ITvService( 2656): [NATIVE]: Mutex Unlocked
11-29 14:11:08.957 V/cps-QoSControlProxy( 4365): --------------------------------------------------------------------------------
11-29 14:11:08.957 V/cps-QoSControlProxy( 4365): >> [call end][2768][7ms][pid=3706][proc=insight.tr069.client]:
11-29 14:11:08.957 V/cps-QoSControlProxy( 4365): getTotalDVBTServices (
11-29 14:11:08.957 V/cps-QoSControlProxy( 4365):  
11-29 14:11:08.957 V/cps-QoSControlProxy( 4365): )
11-29 14:11:08.957 V/cps-QoSControlProxy( 4365): result=0
11-29 14:11:08.957 V/cps-QoSControlProxy( 4365): --------------------------------------------------------------------------------
11-29 14:11:09.004 D/NexusCecService( 2376): static void NexusService::CecServiceManager::msgTransmitted_callback(void*, int): CEC0 Msg Xmit Status for Physical/Logical Addrs: 1.0.0.0/4 [ACK=No, Pending=No]
11-29 14:11:09.004 W/NexusCecService( 2376): virtual android::status_t NexusService::CecServiceManager::CecTxMessageHandler::outputCecMessage(const android::sp<android::AMessage>&): Sent CEC0 message: opcode=0x8F, but no ACK received!
11-29 14:11:09.005 E/NexusService( 2376): virtual bool NexusService::sendCecMessage(unsigned int, uint8_t, uint8_t, size_t, uint8_t*, uint8_t): Could not send CEC0 message opcode: 0x8F!
11-29 14:11:09.005 E/Brcmstb-HDMI-CEC( 2983): android::status_t NexusHdmiCecDevice::sendCecMessage(const cec_message_t*, uint8_t): cannot send CEC message!!!
11-29 14:11:09.005 E/Brcmstb-HDMI-CEC( 2983): int hdmi_cec_send_message(const hdmi_cec_device*, const cec_message_t*): Could not send CEC message!!!
11-29 14:11:09.006 D/NexusCecService( 2376): virtual android::status_t NexusService::CecServiceManager::CecTxMessageHandler::outputCecMessage(const android::sp<android::AMessage>&): Outputting CEC0 message: src addr=0x04 dest addr=0x00 opcode=0x8F length=1 params='' [thread 2649]
11-29 14:11:09.074 D/iWediaTvInput_TvSession( 6378): [onTimeShiftGetStartPosition]
11-29 14:11:09.074 D/iWediaTvInput_TvSession( 6378): [onTimeShiftGetStartPosition][time=0]
11-29 14:11:09.074 D/iWediaTvInput_TvSession( 6378): [onTimeShiftGetCurrentPosition]
11-29 14:11:09.074 D/iWediaTvInput_TvSession( 6378): [onTimeShiftGetCurrentPosition][time=0]
11-29 14:11:09.076 D/NexusCecService( 2376): static void NexusService::CecServiceManager::msgTransmitted_callback(void*, int): CEC0 Msg Xmit Status for Physical/Logical Addrs: 1.0.0.0/4 [ACK=No, Pending=No]
11-29 14:11:09.077 W/NexusCecService( 2376): virtual android::status_t NexusService::CecServiceManager::CecTxMessageHandler::outputCecMessage(const android::sp<android::AMessage>&): Sent CEC0 message: opcode=0x8F, but no ACK received!
11-29 14:11:09.077 E/NexusService( 2376): virtual bool NexusService::sendCecMessage(unsigned int, uint8_t, uint8_t, size_t, uint8_t*, uint8_t): Could not send CEC0 message opcode: 0x8F!
11-29 14:11:09.078 E/Brcmstb-HDMI-CEC( 2983): android::status_t NexusHdmiCecDevice::sendCecMessage(const cec_message_t*, uint8_t): cannot send CEC message!!!
11-29 14:11:09.078 E/Brcmstb-HDMI-CEC( 2983): int hdmi_cec_send_message(const hdmi_cec_device*, const cec_message_t*): Could not send CEC message!!!
11-29 14:11:09.079 W/HdmiCecController( 2983): Failed to send <Give Device Power Status> src: 4, dst: 0
11-29 14:11:09.574 V/TimeManager( 4365): [thread][ANDROID_TIME]
11-29 14:11:09.582 V/cps-SetupControlProxy( 4365): --------------------------------------------------------------------------------
11-29 14:11:09.582 V/cps-SetupControlProxy( 4365): <<< [call begin][2769][pid=4365][proc=com.iwedia.debug.comedia.service]:
11-29 14:11:09.582 V/cps-SetupControlProxy( 4365): getTimeDateMode (
11-29 14:11:09.582 V/cps-SetupControlProxy( 4365): 	routeId=-1485848576 
11-29 14:11:09.582 V/cps-SetupControlProxy( 4365): )
11-29 14:11:09.582 V/cps-SetupControlProxy( 4365): --------------------------------------------------------------------------------
11-29 14:11:09.582 D/ITvService( 2656): [NATIVE]: Mutex Locked
11-29 14:11:09.582 D/ITvService( 2656): [NATIVE]: userSettingsGetTimeDateMode
